To honour the JVM settings for this build a single-use Daemon process will be forked. For more on this, please refer to https://docs.gradle.org/9.3.1/userguide/gradle_daemon.html#sec:disabling_the_daemon in the Gradle documentation.
Daemon will be stopped at the end of the build 
> Task :processResources
> Task :createMinecraftArtifacts UP-TO-DATE

> Task :compileJava
.\gradlew.bat : E:\GitHub\BuildCraft\src\main\java\buildcraft\api\robots\Dockin
gStation.java:205: error: cannot find symbol
At line:1 char:1
+ .\gradlew.bat processResources compileJava > build_errors.txt 2>&1
+ ~~~~~~~~~~~~~~~~~~~~~~~~~~~~~~~~~~~~~~~~~~~~~~~~~~~~~~~~~~~~~~~~~~
    + CategoryInfo          : NotSpecified: (E:\GitHub\Build...not find symbol 
   :String) [], RemoteException
    + FullyQualifiedErrorId : NativeCommandError
 
    public ResourceHandler<FluidResource> getFluidOutput() {
           ^
  symbol:   class ResourceHandler
  location: class DockingStation
E:\GitHub\BuildCraft\src\main\java\buildcraft\api\robots\DockingStation.java:20
5: error: cannot find symbol
    public ResourceHandler<FluidResource> getFluidOutput() {
                           ^
  symbol:   class FluidResource
  location: class DockingStation
E:\GitHub\BuildCraft\src\main\java\buildcraft\api\robots\DockingStation.java:21
3: error: cannot find symbol
    public ResourceHandler<FluidResource> getFluidInput() {
           ^
  symbol:   class ResourceHandler
  location: class DockingStation
E:\GitHub\BuildCraft\src\main\java\buildcraft\api\robots\DockingStation.java:21
3: error: cannot find symbol
    public ResourceHandler<FluidResource> getFluidInput() {
                           ^
  symbol:   class FluidResource
  location: class DockingStation
E:\GitHub\BuildCraft\src\main\java\buildcraft\lib\tile\TileBC_Neptune.java:39: 
warning: [removal] IItemHandlerModifiable in net.neoforged.neoforge.items has 
been deprecated and marked for removal
        (handler, slot, before, after) -> this.setChanged()
         ^
E:\GitHub\BuildCraft\src\main\java\buildcraft\builders\tile\TileBuilder.java:90
: warning: [removal] IFluidHandler in net.neoforged.neoforge.fluids.capability 
has been deprecated and marked for removal
    private final IFluidHandler stubFluidHandler = new IFluidHandler() {
                  ^
E:\GitHub\BuildCraft\src\main\java\buildcraft\builders\tile\TileBuilder.java:90
: warning: [removal] IFluidHandler in net.neoforged.neoforge.fluids.capability 
has been deprecated and marked for removal
    private final IFluidHandler stubFluidHandler = new IFluidHandler() {
                                                       ^
E:\GitHub\BuildCraft\src\main\java\buildcraft\builders\tile\TileBuilder.java:97
: warning: [removal] drain(int,FluidAction) in IFluidHandler has been 
deprecated and marked for removal
        @Override public FluidStack drain(int maxDrain, FluidAction action) { 
return FluidStack.EMPTY; }
                                    ^
E:\GitHub\BuildCraft\src\main\java\buildcraft\builders\tile\TileBuilder.java:96
: warning: [removal] drain(FluidStack,FluidAction) in IFluidHandler has been 
deprecated and marked for removal
        @Override public FluidStack drain(FluidStack resource, FluidAction 
action) { return FluidStack.EMPTY; }
                                    ^
E:\GitHub\BuildCraft\src\main\java\buildcraft\builders\tile\TileBuilder.java:95
: warning: [removal] fill(FluidStack,FluidAction) in IFluidHandler has been 
deprecated and marked for removal
        @Override public int fill(FluidStack resource, FluidAction action) { 
return 0; }
                             ^
E:\GitHub\BuildCraft\src\main\java\buildcraft\builders\tile\TileBuilder.java:94
: warning: [removal] isFluidValid(int,FluidStack) in IFluidHandler has been 
deprecated and marked for removal
        @Override public boolean isFluidValid(int tank, FluidStack stack) { 
return false; }
                                 ^
E:\GitHub\BuildCraft\src\main\java\buildcraft\builders\tile\TileBuilder.java:93
: warning: [removal] getTankCapacity(int) in IFluidHandler has been deprecated 
and marked for removal
        @Override public int getTankCapacity(int tank) { return 0; }
                             ^
E:\GitHub\BuildCraft\src\main\java\buildcraft\builders\tile\TileBuilder.java:92
: warning: [removal] getFluidInTank(int) in IFluidHandler has been deprecated 
and marked for removal
        @Override public FluidStack getFluidInTank(int tank) { return 
FluidStack.EMPTY; }
                                    ^
E:\GitHub\BuildCraft\src\main\java\buildcraft\builders\tile\TileBuilder.java:91
: warning: [removal] getTanks() in IFluidHandler has been deprecated and 
marked for removal
        @Override public int getTanks() { return 0; }
                             ^
E:\GitHub\BuildCraft\src\main\java\buildcraft\builders\tile\TileBuilder.java:34
6: warning: [removal] IFluidHandler in 
net.neoforged.neoforge.fluids.capability has been deprecated and marked for 
removal
    public IFluidHandler getTankManager() {
           ^
E:\GitHub\BuildCraft\src\main\java\buildcraft\builders\snapshot\ITileForBluepri
ntBuilder.java:18: warning: [removal] IFluidHandler in 
net.neoforged.neoforge.fluids.capability has been deprecated and marked for 
removal
    IFluidHandler getTankManager();
    ^
E:\GitHub\BuildCraft\src\main\java\buildcraft\builders\tile\TileElectronicLibra
ry.java:67: error: cannot find symbol
        if (!invDownIn.getStackInSlot(0).isEmpty() && 
invDownOut.getStackInSlot(0).isEmpty()) {
                      ^
  symbol:   method getStackInSlot(int)
  location: variable invDownIn of type ItemHandlerSimple
E:\GitHub\BuildCraft\src\main\java\buildcraft\builders\tile\TileElectronicLibra
ry.java:67: error: cannot find symbol
        if (!invDownIn.getStackInSlot(0).isEmpty() && 
invDownOut.getStackInSlot(0).isEmpty()) {
                                                                ^
  symbol:   method getStackInSlot(int)
  location: variable invDownOut of type ItemHandlerSimple
E:\GitHub\BuildCraft\src\main\java\buildcraft\builders\tile\TileElectronicLibra
ry.java:73: error: cannot find symbol
                invDownOut.setStackInSlot(0, 
invDownIn.getStackInSlot(0).copy());
                                                      ^
  symbol:   method getStackInSlot(int)
  location: variable invDownIn of type ItemHandlerSimple
E:\GitHub\BuildCraft\src\main\java\buildcraft\builders\tile\TileElectronicLibra
ry.java:85: error: cannot find symbol
        if (selected != null && !invUpIn.getStackInSlot(0).isEmpty() && 
invUpOut.getStackInSlot(0).isEmpty()) {
                                        ^
  symbol:   method getStackInSlot(int)
  location: variable invUpIn of type ItemHandlerSimple
E:\GitHub\BuildCraft\src\main\java\buildcraft\builders\tile\TileElectronicLibra
ry.java:85: error: cannot find symbol
        if (selected != null && !invUpIn.getStackInSlot(0).isEmpty() && 
invUpOut.getStackInSlot(0).isEmpty()) {
                                                                               
 ^
  symbol:   method getStackInSlot(int)
  location: variable invUpOut of type ItemHandlerSimple
E:\GitHub\BuildCraft\src\main\java\buildcraft\builders\tile\TileReplacer.java:6
4: error: cannot find symbol
        if (!invSnapshot.getStackInSlot(0).isEmpty()
                        ^
  symbol:   method getStackInSlot(int)
  location: variable invSnapshot of type ItemHandlerSimple
E:\GitHub\BuildCraft\src\main\java\buildcraft\builders\tile\TileReplacer.java:6
5: error: cannot find symbol
                && !invSchematicFrom.getStackInSlot(0).isEmpty()
                                    ^
  symbol:   method getStackInSlot(int)
  location: variable invSchematicFrom of type ItemHandlerSimple
E:\GitHub\BuildCraft\src\main\java\buildcraft\builders\tile\TileReplacer.java:6
6: error: cannot find symbol
                && !invSchematicTo.getStackInSlot(0).isEmpty()) {
                                  ^
  symbol:   method getStackInSlot(int)
  location: variable invSchematicTo of type ItemHandlerSimple
E:\GitHub\BuildCraft\src\main\java\buildcraft\builders\tile\TileReplacer.java:6
8: error: cannot find symbol
            Snapshot.Header header = 
ItemSnapshot.getHeader(invSnapshot.getStackInSlot(0));
                                                                       ^
  symbol:   method getStackInSlot(int)
  location: variable invSnapshot of type ItemHandlerSimple
E:\GitHub\BuildCraft\src\main\java\buildcraft\builders\tile\TileReplacer.java:7
4: error: cannot find symbol
                                invSchematicFrom.getStackInSlot(0));
                                                ^
  symbol:   method getStackInSlot(int)
  location: variable invSchematicFrom of type ItemHandlerSimple
E:\GitHub\BuildCraft\src\main\java\buildcraft\builders\tile\TileReplacer.java:7
6: error: cannot find symbol
                                invSchematicTo.getStackInSlot(0));
                                              ^
  symbol:   method getStackInSlot(int)
  location: variable invSchematicTo of type ItemHandlerSimple
E:\GitHub\BuildCraft\src\main\java\buildcraft\lib\tile\item\ItemHandlerSimple.j
ava:173: error: cannot find symbol
            tx.addCloseCallback((t, r) -> {
              ^
  symbol:   method addCloseCallback((t,r)->{ i[...]} } })
  location: variable tx of type TransactionContext
E:\GitHub\BuildCraft\src\main\java\buildcraft\lib\tile\item\ItemHandlerSimple.j
ava:177: error: incompatible types: ItemHandlerSimple cannot be converted to 
IItemHandlerModifiable
                        callback.onStackChange(this, index, current, 
result.toSet);
                                               ^
E:\GitHub\BuildCraft\src\main\java\buildcraft\lib\tile\item\ItemHandlerSimple.j
ava:199: error: cannot find symbol
            tx.addCloseCallback((t, r) -> {
              ^
  symbol:   method addCloseCallback((t,r)->{ i[...]} } })
  location: variable tx of type TransactionContext
E:\GitHub\BuildCraft\src\main\java\buildcraft\lib\tile\item\ItemHandlerSimple.j
ava:203: error: incompatible types: ItemHandlerSimple cannot be converted to 
IItemHandlerModifiable
                        callback.onStackChange(this, index, before, 
finalAfter);
                                               ^
E:\GitHub\BuildCraft\src\main\java\buildcraft\lib\tile\item\ItemHandlerSimple.j
ava:218: error: incompatible types: ItemHandlerSimple cannot be converted to 
IItemHandlerModifiable
            callback.onStackChange(this, slot, before, asValid(stack));
                                   ^
E:\GitHub\BuildCraft\src\main\java\buildcraft\lib\tile\item\StackChangeCallback
.java:19: warning: [removal] IItemHandlerModifiable in 
net.neoforged.neoforge.items has been deprecated and marked for removal
    void onStackChange(IItemHandlerModifiable itemHandler, int slot, @Nonnull 
ItemStack before, @Nonnull ItemStack after);
                       ^
E:\GitHub\BuildCraft\src\main\java\buildcraft\builders\snapshot\BlueprintBuilde
r.java:103: warning: [removal] FluidUtil in net.neoforged.neoforge.fluids has 
been deprecated and marked for removal
                    ItemStack bucket = 
net.neoforged.neoforge.fluids.FluidUtil.getFilledBucket(fluidStack);
                                                                    ^
E:\GitHub\BuildCraft\src\main\java\buildcraft\builders\snapshot\BlueprintBuilde
r.java:103: warning: [removal] getFilledBucket(FluidStack) in FluidUtil has 
been deprecated and marked for removal
                    ItemStack bucket = 
net.neoforged.neoforge.fluids.FluidUtil.getFilledBucket(fluidStack);
                                                                              ^
E:\GitHub\BuildCraft\src\main\java\buildcraft\builders\snapshot\BlueprintBuilde
r.java:125: warning: [removal] IFluidHandler in 
net.neoforged.neoforge.fluids.capability has been deprecated and marked for 
removal
                            FluidUtilBC.areFluidStackEqual(stack, 
tile.getTankManager().drain(stack, 
net.neoforged.neoforge.fluids.capability.IFluidHandler.FluidAction.SIMULATE))
                                                                               
                                                              ^
E:\GitHub\BuildCraft\src\main\java\buildcraft\builders\snapshot\BlueprintBuilde
r.java:125: warning: [removal] drain(FluidStack,FluidAction) in IFluidHandler 
has been deprecated and marked for removal
                            FluidUtilBC.areFluidStackEqual(stack, 
tile.getTankManager().drain(stack, 
net.neoforged.neoforge.fluids.capability.IFluidHandler.FluidAction.SIMULATE))
                                                                               
        ^
E:\GitHub\BuildCraft\src\main\java\buildcraft\builders\snapshot\BlueprintBuilde
r.java:142: warning: [removal] IFluidHandler in 
net.neoforged.neoforge.fluids.capability has been deprecated and marked for 
removal
                                .map(fluidStack -> 
tile.getTankManager().drain(fluidStack, simulate ? 
net.neoforged.neoforge.fluids.capability.IFluidHandler.FluidAction.SIMULATE : 
net.neoforged.neoforge.fluids.capability.IFluidHandler.FluidAction.EXECUTE))
                                                                               
                                                               ^
E:\GitHub\BuildCraft\src\main\java\buildcraft\builders\snapshot\BlueprintBuilde
r.java:142: warning: [removal] IFluidHandler in 
net.neoforged.neoforge.fluids.capability has been deprecated and marked for 
removal
                                .map(fluidStack -> 
tile.getTankManager().drain(fluidStack, simulate ? 
net.neoforged.neoforge.fluids.capability.IFluidHandler.FluidAction.SIMULATE : 
net.neoforged.neoforge.fluids.capability.IFluidHandler.FluidAction.EXECUTE))
                                                                               
                                                                               
                                                              ^
E:\GitHub\BuildCraft\src\main\java\buildcraft\builders\snapshot\BlueprintBuilde
r.java:142: warning: [removal] drain(FluidStack,FluidAction) in IFluidHandler 
has been deprecated and marked for removal
                                .map(fluidStack -> 
tile.getTankManager().drain(fluidStack, simulate ? 
net.neoforged.neoforge.fluids.capability.IFluidHandler.FluidAction.SIMULATE : 
net.neoforged.neoforge.fluids.capability.IFluidHandler.FluidAction.EXECUTE))
                                                                        ^
E:\GitHub\BuildCraft\src\main\java\buildcraft\builders\snapshot\BlueprintBuilde
r.java:144: warning: [removal] FluidUtil in net.neoforged.neoforge.fluids has 
been deprecated and marked for removal
                                    ItemStack stack = 
net.neoforged.neoforge.fluids.FluidUtil.getFilledBucket(fluidStack);
                                                                               
    ^
E:\GitHub\BuildCraft\src\main\java\buildcraft\builders\snapshot\BlueprintBuilde
r.java:144: warning: [removal] getFilledBucket(FluidStack) in FluidUtil has 
been deprecated and marked for removal
                                    ItemStack stack = 
net.neoforged.neoforge.fluids.FluidUtil.getFilledBucket(fluidStack);
                                                                               
              ^
E:\GitHub\BuildCraft\src\main\java\buildcraft\builders\snapshot\BlueprintBuilde
r.java:232: warning: [removal] IFluidHandler in 
net.neoforged.neoforge.fluids.capability has been deprecated and marked for 
removal
            .forEach(fluidStack -> tile.getTankManager().fill(fluidStack, 
net.neoforged.neoforge.fluids.capability.IFluidHandler.FluidAction.EXECUTE));
                                                                               
                                   ^
E:\GitHub\BuildCraft\src\main\java\buildcraft\builders\snapshot\BlueprintBuilde
r.java:232: warning: [removal] fill(FluidStack,FluidAction) in IFluidHandler 
has been deprecated and marked for removal
            .forEach(fluidStack -> tile.getTankManager().fill(fluidStack, 
net.neoforged.neoforge.fluids.capability.IFluidHandler.FluidAction.EXECUTE));
                                                        ^
E:\GitHub\BuildCraft\src\main\java\buildcraft\builders\BCBuildersBlocks.java:23
: warning: [removal] <B>registerBlock(String,Function<Properties,? extends 
B>,Properties) in Blocks has been deprecated and marked for removal
    public static final DeferredBlock<BlockFrame> FRAME = BLOCKS.registerBlock(
                                                                ^
  where B is a type-variable:
    B extends Block declared in method 
<B>registerBlock(String,Function<Properties,? extends B>,Properties)
E:\GitHub\BuildCraft\src\main\java\buildcraft\builders\BCBuildersBlocks.java:27
: warning: [removal] <B>registerBlock(String,Function<Properties,? extends 
B>,Properties) in Blocks has been deprecated and marked for removal
    public static final DeferredBlock<BlockFiller> FILLER = 
BLOCKS.registerBlock(
                                                                  ^
  where B is a type-variable:
    B extends Block declared in method 
<B>registerBlock(String,Function<Properties,? extends B>,Properties)
E:\GitHub\BuildCraft\src\main\java\buildcraft\builders\BCBuildersBlocks.java:31
: warning: [removal] <B>registerBlock(String,Function<Properties,? extends 
B>,Properties) in Blocks has been deprecated and marked for removal
    public static final DeferredBlock<BlockBuilder> BUILDER = 
BLOCKS.registerBlock(
                                                                    ^
  where B is a type-variable:
    B extends Block declared in method 
<B>registerBlock(String,Function<Properties,? extends B>,Properties)
E:\GitHub\BuildCraft\src\main\java\buildcraft\builders\BCBuildersBlocks.java:35
: warning: [removal] <B>registerBlock(String,Function<Properties,? extends 
B>,Properties) in Blocks has been deprecated and marked for removal
    public static final DeferredBlock<BlockArchitectTable> ARCHITECT = 
BLOCKS.registerBlock(
                                                                             ^
  where B is a type-variable:
    B extends Block declared in method 
<B>registerBlock(String,Function<Properties,? extends B>,Properties)
E:\GitHub\BuildCraft\src\main\java\buildcraft\builders\BCBuildersBlocks.java:39
: warning: [removal] <B>registerBlock(String,Function<Properties,? extends 
B>,Properties) in Blocks has been deprecated and marked for removal
    public static final DeferredBlock<BlockElectronicLibrary> LIBRARY = 
BLOCKS.registerBlock(
                                                                              ^
  where B is a type-variable:
    B extends Block declared in method 
<B>registerBlock(String,Function<Properties,? extends B>,Properties)
E:\GitHub\BuildCraft\src\main\java\buildcraft\builders\BCBuildersBlocks.java:43
: warning: [removal] <B>registerBlock(String,Function<Properties,? extends 
B>,Properties) in Blocks has been deprecated and marked for removal
    public static final DeferredBlock<BlockReplacer> REPLACER = 
BLOCKS.registerBlock(
                                                                      ^
  where B is a type-variable:
    B extends Block declared in method 
<B>registerBlock(String,Function<Properties,? extends B>,Properties)
E:\GitHub\BuildCraft\src\main\java\buildcraft\builders\BCBuildersBlocks.java:47
: warning: [removal] <B>registerBlock(String,Function<Properties,? extends 
B>,Properties) in Blocks has been deprecated and marked for removal
    public static final DeferredBlock<BlockQuarry> QUARRY = 
BLOCKS.registerBlock(
                                                                  ^
  where B is a type-variable:
    B extends Block declared in method 
<B>registerBlock(String,Function<Properties,? extends B>,Properties)
E:\GitHub\BuildCraft\src\main\java\buildcraft\lib\expression\api\IExpressionNod
e.java:40: warning: [dep-ann] deprecated item is not annotated with @Deprecated
        default double getAsDouble() {
                       ^
E:\GitHub\BuildCraft\src\main\java\buildcraft\lib\expression\api\IExpressionNod
e.java:61: warning: [dep-ann] deprecated item is not annotated with @Deprecated
        default long getAsLong() {
                     ^
E:\GitHub\BuildCraft\src\main\java\buildcraft\lib\expression\api\IExpressionNod
e.java:67: warning: [dep-ann] deprecated item is not annotated with @Deprecated
        default int getAsInt() {
                    ^
E:\GitHub\BuildCraft\src\main\java\buildcraft\lib\expression\api\IExpressionNod
e.java:88: warning: [dep-ann] deprecated item is not annotated with @Deprecated
        default boolean getAsBoolean() {
                        ^
E:\GitHub\BuildCraft\src\main\java\buildcraft\lib\expression\api\IExpressionNod
e.java:111: warning: [dep-ann] deprecated item is not annotated with 
@Deprecated
        default T get() {
                  ^
E:\GitHub\BuildCraft\src\main\java\buildcraft\core\BCCoreBlocks.java:18: 
warning: [removal] <B>registerBlock(String,Function<Properties,? extends 
B>,Properties) in Blocks has been deprecated and marked for removal
    public static final DeferredBlock<BlockSpring> SPRING_WATER = 
BLOCKS.registerBlock("spring_water",
                                                                        ^
  where B is a type-variable:
    B extends Block declared in method 
<B>registerBlock(String,Function<Properties,? extends B>,Properties)
E:\GitHub\BuildCraft\src\main\java\buildcraft\core\BCCoreBlocks.java:21: 
warning: [removal] <B>registerBlock(String,Function<Properties,? extends 
B>,Properties) in Blocks has been deprecated and marked for removal
    public static final DeferredBlock<BlockSpring> SPRING_OIL = 
BLOCKS.registerBlock("spring_oil",
                                                                      ^
  where B is a type-variable:
    B extends Block declared in method 
<B>registerBlock(String,Function<Properties,? extends B>,Properties)
E:\GitHub\BuildCraft\src\main\java\buildcraft\core\BCCoreBlocks.java:25: 
warning: [removal] registerSimpleBlock(String,Properties) in Blocks has been 
deprecated and marked for removal
    public static final DeferredBlock<Block> DECORATED_DESTROY = 
BLOCKS.registerSimpleBlock(
                                                                       ^
E:\GitHub\BuildCraft\src\main\java\buildcraft\core\BCCoreBlocks.java:28: 
warning: [removal] registerSimpleBlock(String,Properties) in Blocks has been 
deprecated and marked for removal
    public static final DeferredBlock<Block> DECORATED_BLUEPRINT = 
BLOCKS.registerSimpleBlock(
                                                                         ^
E:\GitHub\BuildCraft\src\main\java\buildcraft\core\BCCoreBlocks.java:31: 
warning: [removal] registerSimpleBlock(String,Properties) in Blocks has been 
deprecated and marked for removal
    public static final DeferredBlock<Block> DECORATED_TEMPLATE = 
BLOCKS.registerSimpleBlock(
                                                                        ^
E:\GitHub\BuildCraft\src\main\java\buildcraft\core\BCCoreBlocks.java:34: 
warning: [removal] registerSimpleBlock(String,Properties) in Blocks has been 
deprecated and marked for removal
    public static final DeferredBlock<Block> DECORATED_PAPER = 
BLOCKS.registerSimpleBlock(
                                                                     ^
E:\GitHub\BuildCraft\src\main\java\buildcraft\core\BCCoreBlocks.java:37: 
warning: [removal] registerSimpleBlock(String,Properties) in Blocks has been 
deprecated and marked for removal
    public static final DeferredBlock<Block> DECORATED_LEATHER = 
BLOCKS.registerSimpleBlock(
                                                                       ^
E:\GitHub\BuildCraft\src\main\java\buildcraft\core\BCCoreBlocks.java:40: 
warning: [removal] registerSimpleBlock(String,Properties) in Blocks has been 
deprecated and marked for removal
    public static final DeferredBlock<Block> DECORATED_LASER = 
BLOCKS.registerSimpleBlock(
                                                                     ^
E:\GitHub\BuildCraft\src\main\java\buildcraft\core\BCCoreBlocks.java:43: 
warning: [removal] <B>registerBlock(String,Function<Properties,? extends 
B>,Properties) in Blocks has been deprecated and marked for removal
    public static final DeferredBlock<buildcraft.core.block.BlockMarkerVolume> 
MARKER_VOLUME = BLOCKS.registerBlock(
                                                                               
                      ^
  where B is a type-variable:
    B extends Block declared in method 
<B>registerBlock(String,Function<Properties,? extends B>,Properties)
E:\GitHub\BuildCraft\src\main\java\buildcraft\core\BCCoreBlocks.java:47: 
warning: [removal] <B>registerBlock(String,Function<Properties,? extends 
B>,Properties) in Blocks has been deprecated and marked for removal
    public static final DeferredBlock<BlockMarkerPath> MARKER_PATH = 
BLOCKS.registerBlock(
                                                                           ^
  where B is a type-variable:
    B extends Block declared in method 
<B>registerBlock(String,Function<Properties,? extends B>,Properties)
E:\GitHub\BuildCraft\src\main\java\buildcraft\core\BCCoreBlocks.java:51: 
warning: [removal] <B>registerBlock(String,Function<Properties,? extends 
B>,Properties) in Blocks has been deprecated and marked for removal
    public static final DeferredBlock<BlockEngineRedstone_BC8> ENGINE_REDSTONE 
= BLOCKS.registerBlock(
                                                                               
        ^
  where B is a type-variable:
    B extends Block declared in method 
<B>registerBlock(String,Function<Properties,? extends B>,Properties)
E:\GitHub\BuildCraft\src\main\java\buildcraft\core\BCCoreBlocks.java:55: 
warning: [removal] <B>registerBlock(String,Function<Properties,? extends 
B>,Properties) in Blocks has been deprecated and marked for removal
    public static final DeferredBlock<BlockEngineCreative> ENGINE_CREATIVE = 
BLOCKS.registerBlock(
                                                                               
    ^
  where B is a type-variable:
    B extends Block declared in method 
<B>registerBlock(String,Function<Properties,? extends B>,Properties)
E:\GitHub\BuildCraft\src\main\java\buildcraft\core\statements\TriggerInventory.
java:56: warning: [removal] IItemHandler in net.neoforged.neoforge.items has 
been deprecated and marked for removal
        if (!(tile instanceof IItemHandler handler)) {
                              ^
E:\GitHub\BuildCraft\src\main\java\buildcraft\core\statements\TriggerInventory.
java:69: warning: [removal] getSlots() in IItemHandler has been deprecated and 
marked for removal
        for (int i = 0; i < handler.getSlots(); i++) {
                                   ^
E:\GitHub\BuildCraft\src\main\java\buildcraft\core\statements\TriggerInventory.
java:71: warning: [removal] getStackInSlot(int) in IItemHandler has been 
deprecated and marked for removal
            ItemStack stack = handler.getStackInSlot(i);
                                     ^
E:\GitHub\BuildCraft\src\main\java\buildcraft\core\statements\TriggerInventory.
java:76: warning: [removal] insertItem(int,ItemStack,boolean) in IItemHandler 
has been deprecated and marked for removal
                && (searchedStack.isEmpty() || searchedStack.getItem() 
instanceof IList || handler.insertItem(i, searchedStack, true).isEmpty());
                                                                               
                   ^
E:\GitHub\BuildCraft\src\main\java\buildcraft\core\statements\TriggerInventoryL
evel.java:56: warning: [removal] IItemHandler in net.neoforged.neoforge.items 
has been deprecated and marked for removal
        if (!(tile instanceof IItemHandler itemHandler)) {
                              ^
E:\GitHub\BuildCraft\src\main\java\buildcraft\core\statements\TriggerInventoryL
evel.java:65: warning: [removal] getSlots() in IItemHandler has been 
deprecated and marked for removal
        for (int slot = 0; slot < itemHandler.getSlots(); slot++) {
                                             ^
E:\GitHub\BuildCraft\src\main\java\buildcraft\core\statements\TriggerInventoryL
evel.java:66: warning: [removal] getStackInSlot(int) in IItemHandler has been 
deprecated and marked for removal
            ItemStack stackInSlot = itemHandler.getStackInSlot(slot);
                                               ^
E:\GitHub\BuildCraft\src\main\java\buildcraft\core\statements\TriggerInventoryL
evel.java:69: warning: [removal] getSlotLimit(int) in IItemHandler has been 
deprecated and marked for removal
                    itemSpace += itemHandler.getSlotLimit(slot);
                                            ^
E:\GitHub\BuildCraft\src\main\java\buildcraft\core\statements\TriggerInventoryL
evel.java:75: warning: [removal] getSlotLimit(int) in IItemHandler has been 
deprecated and marked for removal
                        int count = Math.min(itemHandler.getSlotLimit(slot), 
searchStack.getMaxStackSize());
                                                        ^
E:\GitHub\BuildCraft\src\main\java\buildcraft\core\statements\TriggerInventoryL
evel.java:77: warning: [removal] insertItem(int,ItemStack,boolean) in 
IItemHandler has been deprecated and marked for removal
                        ItemStack leftOver = itemHandler.insertItem(slot, 
stack, true);
                                                        ^
E:\GitHub\BuildCraft\src\main\java\buildcraft\core\statements\TriggerInventoryL
evel.java:87: warning: [removal] getSlotLimit(int) in IItemHandler has been 
deprecated and marked for removal
                    itemSpace += Math.min(stackInSlot.getMaxStackSize(), 
itemHandler.getSlotLimit(slot));
                                                                               
     ^
E:\GitHub\BuildCraft\src\main\java\buildcraft\energy\tile\TileEngineFE.java:50:
 warning: [removal] IItemHandlerModifiable in net.neoforged.neoforge.items has 
been deprecated and marked for removal
        new buildcraft.lib.tile.item.ItemHandlerSimple(4, (handler, slot, bef, 
aft) -> setChanged());
                                                           ^
E:\GitHub\BuildCraft\src\main\java\buildcraft\energy\tile\TileEngineFE.java:86:
 error: cannot find symbol
        for (int slot = 0; slot < upgrades.getSlots(); slot++) {
                                          ^
  symbol:   method getSlots()
  location: variable upgrades of type ItemHandlerSimple
E:\GitHub\BuildCraft\src\main\java\buildcraft\energy\tile\TileEngineFE.java:87:
 error: cannot find symbol
            ItemStack stack = upgrades.getStackInSlot(slot);
                                      ^
  symbol:   method getStackInSlot(int)
  location: variable upgrades of type ItemHandlerSimple
E:\GitHub\BuildCraft\src\main\java\buildcraft\energy\tile\TileDynamoMJ.java:60:
 warning: [removal] IItemHandlerModifiable in net.neoforged.neoforge.items has 
been deprecated and marked for removal
        new buildcraft.lib.tile.item.ItemHandlerSimple(4, (handler, slot, bef, 
aft) -> setChanged());
                                                           ^
E:\GitHub\BuildCraft\src\main\java\buildcraft\energy\tile\TileDynamoMJ.java:112
: error: cannot find symbol
        for (int slot = 0; slot < upgrades.getSlots(); slot++) {
                                          ^
  symbol:   method getSlots()
  location: variable upgrades of type ItemHandlerSimple
E:\GitHub\BuildCraft\src\main\java\buildcraft\energy\tile\TileDynamoMJ.java:113
: error: cannot find symbol
            ItemStack stack = upgrades.getStackInSlot(slot);
                                      ^
  symbol:   method getStackInSlot(int)
  location: variable upgrades of type ItemHandlerSimple
E:\GitHub\BuildCraft\src\main\java\buildcraft\energy\BCEnergyBlocks.java:16: 
warning: [removal] <B>registerBlock(String,Function<Properties,? extends 
B>,Properties) in Blocks has been deprecated and marked for removal
    public static final DeferredBlock<BlockEngineStone_BC8> ENGINE_STONE = 
BLOCKS.registerBlock(
                                                                               
  ^
  where B is a type-variable:
    B extends Block declared in method 
<B>registerBlock(String,Function<Properties,? extends B>,Properties)
E:\GitHub\BuildCraft\src\main\java\buildcraft\energy\BCEnergyBlocks.java:20: 
warning: [removal] <B>registerBlock(String,Function<Properties,? extends 
B>,Properties) in Blocks has been deprecated and marked for removal
    public static final DeferredBlock<BlockEngineIron_BC8> ENGINE_IRON = 
BLOCKS.registerBlock(
                                                                               
^
  where B is a type-variable:
    B extends Block declared in method 
<B>registerBlock(String,Function<Properties,? extends B>,Properties)
E:\GitHub\BuildCraft\src\main\java\buildcraft\energy\BCEnergyBlocks.java:24: 
warning: [removal] <B>registerBlock(String,Function<Properties,? extends 
B>,Properties) in Blocks has been deprecated and marked for removal
    public static final DeferredBlock<BlockEngineFE> ENGINE_FE = 
BLOCKS.registerBlock(
                                                                       ^
  where B is a type-variable:
    B extends Block declared in method 
<B>registerBlock(String,Function<Properties,? extends B>,Properties)
E:\GitHub\BuildCraft\src\main\java\buildcraft\energy\BCEnergyBlocks.java:28: 
warning: [removal] <B>registerBlock(String,Function<Properties,? extends 
B>,Properties) in Blocks has been deprecated and marked for removal
    public static final DeferredBlock<BlockDynamoMJ> DYNAMO_MJ = 
BLOCKS.registerBlock(
                                                                       ^
  where B is a type-variable:
    B extends Block declared in method 
<B>registerBlock(String,Function<Properties,? extends B>,Properties)
E:\GitHub\BuildCraft\src\main\java\buildcraft\energy\BCEnergyFluids.java:188: 
warning: [removal] <B>registerBlock(String,Function<Properties,? extends 
B>,Properties) in Blocks has been deprecated and marked for removal
        blockHolder[0] = BLOCKS.registerBlock(regName,
                               ^
  where B is a type-variable:
    B extends Block declared in method 
<B>registerBlock(String,Function<Properties,? extends B>,Properties)
E:\GitHub\BuildCraft\src\main\java\buildcraft\energy\BCEnergyFluids.java:200: 
warning: [removal] <I>registerItem(String,Function<Properties,? extends 
I>,Properties) in Items has been deprecated and marked for removal
        bucketHolder[0] = ITEMS.registerItem(regName + "_bucket",
                               ^
  where I is a type-variable:
    I extends Item declared in method 
<I>registerItem(String,Function<Properties,? extends I>,Properties)
E:\GitHub\BuildCraft\src\main\java\buildcraft\factory\tile\TileAutoWorkbenchBas
e.java:117: warning: [removal] IItemHandlerModifiable in 
net.neoforged.neoforge.items has been deprecated and marked for removal
        invBlueprint.setCallback((handler, slot, before, after) -> {
                                  ^
E:\GitHub\BuildCraft\src\main\java\buildcraft\factory\tile\TileAutoWorkbenchBas
e.java:121: warning: [removal] IItemHandlerModifiable in 
net.neoforged.neoforge.items has been deprecated and marked for removal
        invMaterials.setCallback((handler, slot, before, after) -> {
                                  ^
E:\GitHub\BuildCraft\src\main\java\buildcraft\factory\tile\TileAutoWorkbenchBas
e.java:220: error: cannot find symbol
        int slotCount = invMaterialFilter.getSlots();
                                         ^
  symbol:   method getSlots()
  location: variable invMaterialFilter of type ItemHandlerSimple
E:\GitHub\BuildCraft\src\main\java\buildcraft\factory\tile\TileAutoWorkbenchBas
e.java:231: error: cannot find symbol
        for (int s = 0; s < invBlueprint.getSlots(); s++) {
                                        ^
  symbol:   method getSlots()
  location: variable invBlueprint of type ItemHandlerSimple
E:\GitHub\BuildCraft\src\main\java\buildcraft\factory\tile\TileAutoWorkbenchBas
e.java:232: error: cannot find symbol
            ItemStack bptStack = invBlueprint.getStackInSlot(s);
                                             ^
  symbol:   method getStackInSlot(int)
  location: variable invBlueprint of type ItemHandlerSimple
E:\GitHub\BuildCraft\src\main\java\buildcraft\factory\tile\TileChute.java:62: 
warning: [removal] IItemHandlerModifiable in net.neoforged.neoforge.items has 
been deprecated and marked for removal
            (handler, slot, before, after) -> this.setChanged());
             ^
E:\GitHub\BuildCraft\src\main\java\buildcraft\factory\tile\TileChute.java:120: 
error: cannot find symbol
            for (int slot = 0; slot < inv.getSlots() && !remaining.isEmpty() 
&& count > 0; slot++) {
                                         ^
  symbol:   method getSlots()
  location: variable inv of type ItemHandlerSimple
E:\GitHub\BuildCraft\src\main\java\buildcraft\factory\tile\TileChute.java:122: 
error: cannot find symbol
                remaining = inv.insertItem(slot, remaining, false);
                               ^
  symbol:   method insertItem(int,ItemStack,boolean)
  location: variable inv of type ItemHandlerSimple
E:\GitHub\BuildCraft\src\main\java\buildcraft\factory\tile\TileChute.java:174: 
error: cannot find symbol
            for (int ourSlot = 0; ourSlot < inv.getSlots(); ourSlot++) {
                                               ^
  symbol:   method getSlots()
  location: variable inv of type ItemHandlerSimple
E:\GitHub\BuildCraft\src\main\java\buildcraft\factory\tile\TileChute.java:175: 
error: cannot find symbol
                ItemStack inSlot = inv.getStackInSlot(ourSlot);
                                      ^
  symbol:   method getStackInSlot(int)
  location: variable inv of type ItemHandlerSimple
E:\GitHub\BuildCraft\src\main\java\buildcraft\factory\tile\TileChute.java:181: 
error: cannot find symbol
                    inv.extractItem(ourSlot, inserted, false);
                       ^
  symbol:   method extractItem(int,int,boolean)
  location: variable inv of type ItemHandlerSimple
E:\GitHub\BuildCraft\src\main\java\buildcraft\factory\tile\TileDistiller_BC8.ja
va:66: warning: [removal] IItemHandlerModifiable in 
net.neoforged.neoforge.items has been deprecated and marked for removal
        containerSlots.setCallback((handler, slot, bef, aft) -> setChanged());
                                    ^
E:\GitHub\BuildCraft\src\main\java\buildcraft\lib\tile\craft\WorkbenchCrafting.
java:55: error: cannot find symbol
        if (invBlueprint.getSlots() < width * height) {
                        ^
  symbol:   method getSlots()
  location: variable invBlueprint of type ItemHandlerSimple
E:\GitHub\BuildCraft\src\main\java\buildcraft\lib\tile\craft\WorkbenchCrafting.
java:57: error: cannot find symbol
                + (width * height) + ", got " + invBlueprint.getSlots() + ")");
                                                            ^
  symbol:   method getSlots()
  location: variable invBlueprint of type ItemHandlerSimple
E:\GitHub\BuildCraft\src\main\java\buildcraft\lib\tile\craft\WorkbenchCrafting.
java:83: error: cannot find symbol
            items.add(invBlueprint.getStackInSlot(s));
                                  ^
  symbol:   method getStackInSlot(int)
  location: variable invBlueprint of type ItemHandlerSimple
E:\GitHub\BuildCraft\src\main\java\buildcraft\lib\tile\craft\WorkbenchCrafting.
java:135: error: cannot find symbol
            ItemStack req = invBlueprint.getStackInSlot(s);
                                        ^
  symbol:   method getStackInSlot(int)
  location: variable invBlueprint of type ItemHandlerSimple
E:\GitHub\BuildCraft\src\main\java\buildcraft\lib\tile\craft\WorkbenchCrafting.
java:160: error: cannot find symbol
            ItemStack bpt = invBlueprint.getStackInSlot(s);
                                        ^
  symbol:   method getStackInSlot(int)
  location: variable invBlueprint of type ItemHandlerSimple
E:\GitHub\BuildCraft\src\main\java\buildcraft\factory\BCFactoryBlocks.java:22: 
warning: [removal] <B>registerBlock(String,Function<Properties,? extends 
B>,Properties) in Blocks has been deprecated and marked for removal
    public static final DeferredBlock<BlockAutoWorkbenchItems> 
AUTOWORKBENCH_ITEM = BLOCKS.registerBlock(
                                                                               
           ^
  where B is a type-variable:
    B extends Block declared in method 
<B>registerBlock(String,Function<Properties,? extends B>,Properties)
E:\GitHub\BuildCraft\src\main\java\buildcraft\factory\BCFactoryBlocks.java:27: 
warning: [removal] <B>registerBlock(String,Function<Properties,? extends 
B>,Properties) in Blocks has been deprecated and marked for removal
    public static final DeferredBlock<BlockMiningWell> MINING_WELL = 
BLOCKS.registerBlock(
                                                                           ^
  where B is a type-variable:
    B extends Block declared in method 
<B>registerBlock(String,Function<Properties,? extends B>,Properties)
E:\GitHub\BuildCraft\src\main\java\buildcraft\factory\BCFactoryBlocks.java:32: 
warning: [removal] <B>registerBlock(String,Function<Properties,? extends 
B>,Properties) in Blocks has been deprecated and marked for removal
    public static final DeferredBlock<BlockPump> PUMP = BLOCKS.registerBlock(
                                                              ^
  where B is a type-variable:
    B extends Block declared in method 
<B>registerBlock(String,Function<Properties,? extends B>,Properties)
E:\GitHub\BuildCraft\src\main\java\buildcraft\factory\BCFactoryBlocks.java:37: 
warning: [removal] <B>registerBlock(String,Function<Properties,? extends 
B>,Properties) in Blocks has been deprecated and marked for removal
    public static final DeferredBlock<BlockFloodGate> FLOOD_GATE = 
BLOCKS.registerBlock(
                                                                         ^
  where B is a type-variable:
    B extends Block declared in method 
<B>registerBlock(String,Function<Properties,? extends B>,Properties)
E:\GitHub\BuildCraft\src\main\java\buildcraft\factory\BCFactoryBlocks.java:42: 
warning: [removal] <B>registerBlock(String,Function<Properties,? extends 
B>,Properties) in Blocks has been deprecated and marked for removal
    public static final DeferredBlock<BlockTank> TANK = BLOCKS.registerBlock(
                                                              ^
  where B is a type-variable:
    B extends Block declared in method 
<B>registerBlock(String,Function<Properties,? extends B>,Properties)
E:\GitHub\BuildCraft\src\main\java\buildcraft\factory\BCFactoryBlocks.java:47: 
warning: [removal] <B>registerBlock(String,Function<Properties,? extends 
B>,Properties) in Blocks has been deprecated and marked for removal
    public static final DeferredBlock<BlockTube> TUBE = BLOCKS.registerBlock(
                                                              ^
  where B is a type-variable:
    B extends Block declared in method 
<B>registerBlock(String,Function<Properties,? extends B>,Properties)
E:\GitHub\BuildCraft\src\main\java\buildcraft\factory\BCFactoryBlocks.java:52: 
warning: [removal] <B>registerBlock(String,Function<Properties,? extends 
B>,Properties) in Blocks has been deprecated and marked for removal
    public static final DeferredBlock<BlockChute> CHUTE = BLOCKS.registerBlock(
                                                                ^
  where B is a type-variable:
    B extends Block declared in method 
<B>registerBlock(String,Function<Properties,? extends B>,Properties)
E:\GitHub\BuildCraft\src\main\java\buildcraft\factory\BCFactoryBlocks.java:57: 
warning: [removal] <B>registerBlock(String,Function<Properties,? extends 
B>,Properties) in Blocks has been deprecated and marked for removal
    public static final DeferredBlock<BlockDistiller> DISTILLER = 
BLOCKS.registerBlock(
                                                                        ^
  where B is a type-variable:
    B extends Block declared in method 
<B>registerBlock(String,Function<Properties,? extends B>,Properties)
E:\GitHub\BuildCraft\src\main\java\buildcraft\factory\BCFactoryBlocks.java:62: 
warning: [removal] <B>registerBlock(String,Function<Properties,? extends 
B>,Properties) in Blocks has been deprecated and marked for removal
    public static final DeferredBlock<BlockHeatExchange> HEAT_EXCHANGE = 
BLOCKS.registerBlock(
                                                                               
^
  where B is a type-variable:
    B extends Block declared in method 
<B>registerBlock(String,Function<Properties,? extends B>,Properties)
E:\GitHub\BuildCraft\src\main\java\buildcraft\factory\BCFactoryBlocks.java:67: 
warning: [removal] <B>registerBlock(String,Function<Properties,? extends 
B>,Properties) in Blocks has been deprecated and marked for removal
    public static final DeferredBlock<BlockWaterGel> WATER_GEL = 
BLOCKS.registerBlock(
                                                                       ^
  where B is a type-variable:
    B extends Block declared in method 
<B>registerBlock(String,Function<Properties,? extends B>,Properties)
E:\GitHub\BuildCraft\src\main\java\buildcraft\factory\BCFactoryItems.java:38: 
warning: [removal] <I>registerItem(String,Function<Properties,? extends 
I>,Properties) in Items has been deprecated and marked for removal
    public static final DeferredItem<ItemWaterGel> WATER_GEL_SPAWN = 
ITEMS.registerItem(
                                                                          ^
  where I is a type-variable:
    I extends Item declared in method 
<I>registerItem(String,Function<Properties,? extends I>,Properties)
E:\GitHub\BuildCraft\src\main\java\buildcraft\factory\container\ContainerAutoCr
aftItems.java:129: error: cannot find symbol
        for (int i = 0; i < tile.invMaterials.getSlots(); i++) {
                                             ^
  symbol:   method getSlots()
  location: variable invMaterials of type ItemHandlerSimple
E:\GitHub\BuildCraft\src\main\java\buildcraft\factory\container\ContainerAutoCr
aftItems.java:130: error: cannot find symbol
            contents.accountStack(tile.invMaterials.getStackInSlot(i));
                                                   ^
  symbol:   method getStackInSlot(int)
  location: variable invMaterials of type ItemHandlerSimple
E:\GitHub\BuildCraft\src\main\java\buildcraft\factory\client\gui\GuiAutoCraftIt
ems.java:121: error: cannot find symbol
            for (int s = 0; s < filters.getSlots(); s++) {
                                       ^
  symbol:   method getSlots()
  location: variable filters of type ItemHandlerSimple
E:\GitHub\BuildCraft\src\main\java\buildcraft\factory\client\gui\GuiAutoCraftIt
ems.java:122: error: cannot find symbol
                ItemStack filterStack = filters.getStackInSlot(s);
                                               ^
  symbol:   method getStackInSlot(int)
  location: variable filters of type ItemHandlerSimple
E:\GitHub\BuildCraft\src\main\java\buildcraft\factory\client\gui\GuiAutoCraftIt
ems.java:133: error: cannot find symbol
            for (int s = 0; s < filters.getSlots(); s++) {
                                       ^
  symbol:   method getSlots()
  location: variable filters of type ItemHandlerSimple
E:\GitHub\BuildCraft\src\main\java\buildcraft\factory\client\gui\GuiAutoCraftIt
ems.java:134: error: cannot find symbol
                ItemStack filterStack = filters.getStackInSlot(s);
                                               ^
  symbol:   method getStackInSlot(int)
  location: variable filters of type ItemHandlerSimple
E:\GitHub\BuildCraft\src\main\java\buildcraft\factory\client\gui\GuiAutoCraftIt
ems.java:155: error: cannot find symbol
        for (int s = 0; s < filters.getSlots(); s++) {
                                   ^
  symbol:   method getSlots()
  location: variable filters of type ItemHandlerSimple
E:\GitHub\BuildCraft\src\main\java\buildcraft\factory\client\gui\GuiAutoCraftIt
ems.java:156: error: cannot find symbol
            if (!filters.getStackInSlot(s).isEmpty()) {
                        ^
  symbol:   method getStackInSlot(int)
  location: variable filters of type ItemHandlerSimple
E:\GitHub\BuildCraft\src\main\java\buildcraft\lib\expression\node\value\NodeCon
stantBoolean.java:25: warning: [dep-ann] deprecated item is not annotated with 
@Deprecated
    public static NodeConstantBoolean get(boolean value) {
                                      ^
E:\GitHub\BuildCraft\src\main\java\buildcraft\lib\inventory\filter\DelegatingIt
emHandlerFilter.java:21: warning: [removal] IItemHandler in 
net.neoforged.neoforge.items has been deprecated and marked for removal
    private final IItemHandler handler;
                  ^
E:\GitHub\BuildCraft\src\main\java\buildcraft\lib\inventory\filter\DelegatingIt
emHandlerFilter.java:23: warning: [removal] IItemHandler in 
net.neoforged.neoforge.items has been deprecated and marked for removal
    public DelegatingItemHandlerFilter(ISingleStackFilter perStackFilter, 
IItemHandler handler) {
                                                                          ^
E:\GitHub\BuildCraft\src\main\java\buildcraft\lib\inventory\filter\DelegatingIt
emHandlerFilter.java:30: warning: [removal] getSlots() in IItemHandler has 
been deprecated and marked for removal
        for (int slot = 0; slot < handler.getSlots(); slot++) {
                                         ^
E:\GitHub\BuildCraft\src\main\java\buildcraft\lib\inventory\filter\DelegatingIt
emHandlerFilter.java:31: warning: [removal] getStackInSlot(int) in 
IItemHandler has been deprecated and marked for removal
            if (perStackFilter.matches(handler.getStackInSlot(slot), stack)) {
                                              ^
E:\GitHub\BuildCraft\src\main\java\buildcraft\lib\inventory\InventoryWrapper.ja
va:18: error: InventoryWrapper is not abstract and does not override abstract 
method size() in AbstractInvItemTransactor
public final class InventoryWrapper extends AbstractInvItemTransactor {
             ^
E:\GitHub\BuildCraft\src\main\java\buildcraft\lib\inventory\InventoryWrapper.ja
va:91: error: method does not override or implement a method from a supertype
    @Override
    ^
E:\GitHub\BuildCraft\src\main\java\buildcraft\lib\misc\CraftingUtil.java:71: 
error: cannot find symbol
        for (int i = 0; i < blueprint.getSlots(); i++) {
                                     ^
  symbol:   method getSlots()
  location: variable blueprint of type ItemHandlerSimple
E:\GitHub\BuildCraft\src\main\java\buildcraft\lib\tile\item\ItemHandlerFiltered
.java:22: error: cannot find symbol
            ItemStack inSlot = filter.getStackInSlot(slot);
                                     ^
  symbol:   method getStackInSlot(int)
  location: variable filter of type ItemHandlerSimple
E:\GitHub\BuildCraft\src\main\java\buildcraft\lib\tile\item\ItemHandlerFiltered
.java:31: error: method does not override or implement a method from a 
supertype
    @Override
    ^
E:\GitHub\BuildCraft\src\main\java\buildcraft\lib\tile\item\ItemHandlerFiltered
.java:34: error: cannot find symbol
            return super.getSlotLimit(slot);
                        ^
  symbol: method getSlotLimit(int)
E:\GitHub\BuildCraft\src\main\java\buildcraft\lib\tile\item\ItemHandlerFiltered
.java:42: error: cannot find symbol
        ItemStack current = getStackInSlot(slot);
                            ^
  symbol:   method getStackInSlot(int)
  location: class ItemHandlerFiltered
E:\GitHub\BuildCraft\src\main\java\buildcraft\lib\tile\item\ItemHandlerFiltered
.java:46: error: cannot find symbol
        return filter.getStackInSlot(slot);
                     ^
  symbol:   method getStackInSlot(int)
  location: variable filter of type ItemHandlerSimple
E:\GitHub\BuildCraft\src\main\java\buildcraft\robotics\BCRoboticsBlocks.java:14
: warning: [removal] <B>registerBlock(String,Function<Properties,? extends 
B>,Properties) in Blocks has been deprecated and marked for removal
    public static final DeferredBlock<BlockZonePlanner> ZONE_PLANNER = 
BLOCKS.registerBlock(
                                                                             ^
  where B is a type-variable:
    B extends Block declared in method 
<B>registerBlock(String,Function<Properties,? extends B>,Properties)
E:\GitHub\BuildCraft\src\main\java\buildcraft\silicon\tile\TileLaserTableBase.j
ava:133: error: cannot find symbol
            for (int i = 0; i < inv.getSlots() && remaining > 0; i++) {
                                   ^
  symbol:   method getSlots()
  location: variable inv of type ItemHandlerSimple
E:\GitHub\BuildCraft\src\main\java\buildcraft\silicon\tile\TileLaserTableBase.j
ava:134: error: cannot find symbol
                ItemStack slotStack = inv.getStackInSlot(i);
                                         ^
  symbol:   method getStackInSlot(int)
  location: variable inv of type ItemHandlerSimple
E:\GitHub\BuildCraft\src\main\java\buildcraft\silicon\tile\TileAdvancedCrafting
Table.java:48: warning: [removal] IItemHandlerModifiable in 
net.neoforged.neoforge.items has been deprecated and marked for removal
        invBlueprint.setCallback((handler, slot, before, after) -> {
                                  ^
E:\GitHub\BuildCraft\src\main\java\buildcraft\silicon\tile\TileAdvancedCrafting
Table.java:52: warning: [removal] IItemHandlerModifiable in 
net.neoforged.neoforge.items has been deprecated and marked for removal
        invMaterials.setCallback((handler, slot, before, after) -> {
                                  ^
E:\GitHub\BuildCraft\src\main\java\buildcraft\silicon\tile\TileIntegrationTable
.java:54: error: cannot find symbol
        ItemStack targetStack = invTarget.getStackInSlot(0);
                                         ^
  symbol:   method getStackInSlot(int)
  location: variable invTarget of type ItemHandlerSimple
E:\GitHub\BuildCraft\src\main\java\buildcraft\silicon\tile\TileIntegrationTable
.java:68: error: cannot find symbol
        ItemStack output = invResult.getStackInSlot(0);
                                    ^
  symbol:   method getStackInSlot(int)
  location: variable invResult of type ItemHandlerSimple
E:\GitHub\BuildCraft\src\main\java\buildcraft\silicon\tile\TileIntegrationTable
.java:78: error: cannot find symbol
        recipe = 
IntegrationRecipeRegistry.INSTANCE.getRecipeFor(invTarget.getStackInSlot(0), 
invToIntegrate.stacks);
                                                                          ^
  symbol:   method getStackInSlot(int)
  location: variable invTarget of type ItemHandlerSimple
E:\GitHub\BuildCraft\src\main\java\buildcraft\silicon\tile\TileIntegrationTable
.java:82: error: cannot find symbol
        return recipe != null ? recipe.getOutput(invTarget.getStackInSlot(0), 
invToIntegrate.stacks) : ItemStack.EMPTY;
                                                          ^
  symbol:   method getStackInSlot(int)
  location: variable invTarget of type ItemHandlerSimple
E:\GitHub\BuildCraft\src\main\java\buildcraft\silicon\tile\TileIntegrationTable
.java:100: error: cannot find symbol
            ItemStack result = invResult.getStackInSlot(0);
                                        ^
  symbol:   method getStackInSlot(int)
  location: variable invResult of type ItemHandlerSimple
E:\GitHub\BuildCraft\src\main\java\buildcraft\silicon\BCSiliconBlocks.java:20: 
warning: [removal] <B>registerBlock(String,Function<Properties,? extends 
B>,Properties) in Blocks has been deprecated and marked for removal
    public static final DeferredBlock<BlockLaser> LASER = BLOCKS.registerBlock(
                                                                ^
  where B is a type-variable:
    B extends Block declared in method 
<B>registerBlock(String,Function<Properties,? extends B>,Properties)
E:\GitHub\BuildCraft\src\main\java\buildcraft\silicon\BCSiliconBlocks.java:25: 
warning: [removal] <B>registerBlock(String,Function<Properties,? extends 
B>,Properties) in Blocks has been deprecated and marked for removal
    public static final DeferredBlock<BlockLaserTable> ASSEMBLY_TABLE = 
BLOCKS.registerBlock(
                                                                              ^
  where B is a type-variable:
    B extends Block declared in method 
<B>registerBlock(String,Function<Properties,? extends B>,Properties)
E:\GitHub\BuildCraft\src\main\java\buildcraft\silicon\BCSiliconBlocks.java:32: 
warning: [removal] <B>registerBlock(String,Function<Properties,? extends 
B>,Properties) in Blocks has been deprecated and marked for removal
    public static final DeferredBlock<BlockLaserTable> ADVANCED_CRAFTING_TABLE 
= BLOCKS.registerBlock(
                                                                               
        ^
  where B is a type-variable:
    B extends Block declared in method 
<B>registerBlock(String,Function<Properties,? extends B>,Properties)
E:\GitHub\BuildCraft\src\main\java\buildcraft\silicon\BCSiliconBlocks.java:39: 
warning: [removal] <B>registerBlock(String,Function<Properties,? extends 
B>,Properties) in Blocks has been deprecated and marked for removal
    public static final DeferredBlock<BlockLaserTable> INTEGRATION_TABLE = 
BLOCKS.registerBlock(
                                                                               
  ^
  where B is a type-variable:
    B extends Block declared in method 
<B>registerBlock(String,Function<Properties,? extends B>,Properties)
E:\GitHub\BuildCraft\src\main\java\buildcraft\silicon\container\ContainerAdvanc
edCraftingTable.java:113: error: cannot find symbol
        for (int i = 0; i < tile.invMaterials.getSlots(); i++) {
                                             ^
  symbol:   method getSlots()
  location: variable invMaterials of type ItemHandlerSimple
E:\GitHub\BuildCraft\src\main\java\buildcraft\silicon\container\ContainerAdvanc
edCraftingTable.java:114: error: cannot find symbol
            contents.accountStack(tile.invMaterials.getStackInSlot(i));
                                                   ^
  symbol:   method getStackInSlot(int)
  location: variable invMaterials of type ItemHandlerSimple
E:\GitHub\BuildCraft\src\main\java\buildcraft\transport\BCTransportBlocks.java:
14: warning: [removal] <B>registerBlock(String,Function<Properties,? extends 
B>,Properties) in Blocks has been deprecated and marked for removal
    public static final DeferredBlock<BlockFilteredBuffer> FILTERED_BUFFER = 
BLOCKS.registerBlock(
                                                                               
    ^
  where B is a type-variable:
    B extends Block declared in method 
<B>registerBlock(String,Function<Properties,? extends B>,Properties)
E:\GitHub\BuildCraft\src\main\java\buildcraft\transport\BCTransportBlocks.java:
19: warning: [removal] <B>registerBlock(String,Function<Properties,? extends 
B>,Properties) in Blocks has been deprecated and marked for removal
    public static final DeferredBlock<BlockPipeHolder> PIPE_HOLDER = 
BLOCKS.registerBlock(
                                                                           ^
  where B is a type-variable:
    B extends Block declared in method 
<B>registerBlock(String,Function<Properties,? extends B>,Properties)
E:\GitHub\BuildCraft\src\main\java\buildcraft\transport\pipe\behaviour\PipeBeha
viourWoodDiamond.java:58: error: cannot find symbol
        currentFilter = nbt.getByteOr("currentFilter", (byte) 0) % 
filters.getSlots();
                                                                          ^
  symbol:   method getSlots()
  location: variable filters of type ItemHandlerSimple
E:\GitHub\BuildCraft\src\main\java\buildcraft\transport\pipe\behaviour\PipeBeha
viourWoodDiamond.java:83: error: cannot find symbol
        currentFilter = buffer.readUnsignedByte() % filters.getSlots();
                                                           ^
  symbol:   method getSlots()
  location: variable filters of type ItemHandlerSimple
E:\GitHub\BuildCraft\src\main\java\buildcraft\transport\pipe\behaviour\PipeBeha
viourWoodDiamond.java:126: error: cannot find symbol
                    for (int i = 0; i < filters.getSlots(); i++) {
                                               ^
  symbol:   method getSlots()
  location: variable filters of type ItemHandlerSimple
E:\GitHub\BuildCraft\src\main\java\buildcraft\transport\pipe\behaviour\PipeBeha
viourWoodDiamond.java:127: error: cannot find symbol
                        ItemStack filter = filters.getStackInSlot(i);
                                                  ^
  symbol:   method getStackInSlot(int)
  location: variable filters of type ItemHandlerSimple
E:\GitHub\BuildCraft\src\main\java\buildcraft\transport\pipe\behaviour\PipeBeha
viourWoodDiamond.java:136: error: cannot find symbol
                    for (int i = 0; i < filters.getSlots(); i++) {
                                               ^
  symbol:   method getSlots()
  location: variable filters of type ItemHandlerSimple
E:\GitHub\BuildCraft\src\main\java\buildcraft\transport\pipe\behaviour\PipeBeha
viourWoodDiamond.java:137: error: cannot find symbol
                        ItemStack filter = filters.getStackInSlot(i);
                                                  ^
  symbol:   method getStackInSlot(int)
  location: variable filters of type ItemHandlerSimple
E:\GitHub\BuildCraft\src\main\java\buildcraft\transport\pipe\behaviour\PipeBeha
viourWoodDiamond.java:146: error: cannot find symbol
                    ItemStack filter = filters.getStackInSlot(currentFilter);
                                              ^
  symbol:   method getStackInSlot(int)
  location: variable filters of type ItemHandlerSimple
E:\GitHub\BuildCraft\src\main\java\buildcraft\transport\pipe\behaviour\PipeBeha
viourWoodDiamond.java:154: error: cannot find symbol
        if (filters.getStackInSlot(currentFilter).isEmpty()) {
                   ^
  symbol:   method getStackInSlot(int)
  location: variable filters of type ItemHandlerSimple
E:\GitHub\BuildCraft\src\main\java\buildcraft\transport\pipe\behaviour\PipeBeha
viourWoodDiamond.java:169: error: cannot find symbol
            if (currentFilter >= filters.getSlots()) {
                                        ^
  symbol:   method getSlots()
  location: variable filters of type ItemHandlerSimple
E:\GitHub\BuildCraft\src\main\java\buildcraft\transport\pipe\behaviour\PipeBeha
viourWoodDiamond.java:172: error: cannot find symbol
            if (!filters.getStackInSlot(currentFilter).isEmpty()) {
                        ^
  symbol:   method getStackInSlot(int)
  location: variable filters of type ItemHandlerSimple
E:\GitHub\BuildCraft\src\main\java\buildcraft\transport\pipe\behaviour\PipeBeha
viourWoodDiamond.java:186: error: cannot find symbol
        for (int i = 0; i < filters.getSlots(); i++) {
                                   ^
  symbol:   method getSlots()
  location: variable filters of type ItemHandlerSimple
E:\GitHub\BuildCraft\src\main\java\buildcraft\transport\pipe\behaviour\PipeBeha
viourWoodDiamond.java:187: error: cannot find symbol
            if (!filters.getStackInSlot(i).isEmpty()) return true;
                        ^
  symbol:   method getStackInSlot(int)
  location: variable filters of type ItemHandlerSimple
E:\GitHub\BuildCraft\src\main\java\buildcraft\transport\pipe\behaviour\PipeBeha
viourEmzuli.java:170: error: cannot find symbol
        ItemStack current = invFilters.getStackInSlot(currentSlot.ordinal());
                                      ^
  symbol:   method getStackInSlot(int)
  location: variable invFilters of type ItemHandlerSimple
E:\GitHub\BuildCraft\src\main\java\buildcraft\transport\pipe\behaviour\PipeBeha
viourEmzuli.java:201: error: cannot find symbol
            if (activeSlots.contains(current) && 
!invFilters.getStackInSlot(current.ordinal()).isEmpty()) {
                                                            ^
  symbol:   method getStackInSlot(int)
  location: variable invFilters of type ItemHandlerSimple
E:\GitHub\BuildCraft\src\main\java\buildcraft\transport\pipe\behaviour\PipeBeha
viourEmzuli.java:240: error: cannot find symbol
        for (int i = 0; i < invFilters.getSlots(); i++) {
                                      ^
  symbol:   method getSlots()
  location: variable invFilters of type ItemHandlerSimple
E:\GitHub\BuildCraft\src\main\java\buildcraft\transport\pipe\behaviour\PipeBeha
viourEmzuli.java:241: error: cannot find symbol
            ItemStack stack = invFilters.getStackInSlot(i);
                                        ^
  symbol:   method getStackInSlot(int)
  location: variable invFilters of type ItemHandlerSimple
E:\GitHub\BuildCraft\src\main\java\buildcraft\transport\pipe\behaviour\PipeBeha
viourDiamondFluid.java:38: error: cannot find symbol
                    ItemStack compareTo = filters.getStackInSlot(offset + i);
                                                 ^
  symbol:   method getStackInSlot(int)
  location: variable filters of type ItemHandlerSimple
E:\GitHub\BuildCraft\src\main\java\buildcraft\transport\pipe\behaviour\PipeBeha
viourDiamondFluid.java:40: warning: [removal] FluidUtil in 
net.neoforged.neoforge.fluids has been deprecated and marked for removal
                    FluidStack target = 
FluidUtil.getFluidContained(compareTo).orElse(FluidStack.EMPTY);
                                        ^
E:\GitHub\BuildCraft\src\main\java\buildcraft\transport\pipe\behaviour\PipeBeha
viourDiamondFluid.java:40: warning: [removal] getFluidContained(ItemStack) in 
FluidUtil has been deprecated and marked for removal
                    FluidStack target = 
FluidUtil.getFluidContained(compareTo).orElse(FluidStack.EMPTY);
                                                 ^
E:\GitHub\BuildCraft\src\main\java\buildcraft\transport\pipe\behaviour\PipeBeha
viourDiamondItem.java:41: error: cannot find symbol
                    ItemStack compareTo = filters.getStackInSlot(offset + i);
                                                 ^
  symbol:   method getStackInSlot(int)
  location: variable filters of type ItemHandlerSimple
E:\GitHub\BuildCraft\src\main\java\buildcraft\transport\pipe\behaviour\PipeBeha
viourDiamondItem.java:78: error: cannot find symbol
                    ItemStack compareTo = filters.getStackInSlot(offset + i);
                                                 ^
  symbol:   method getStackInSlot(int)
  location: variable filters of type ItemHandlerSimple
Note: Some input files use or override a deprecated API.
Note: Recompile with -Xlint:deprecation for details.
Note: Some input files use unchecked or unsafe operations.
Note: Recompile with -Xlint:unchecked for details.
Note: Some messages have been simplified; recompile with -Xdiags:verbose to 
get full output
81 errors
98 warnings

> Task :compileJava FAILED

[Incubating] Problems report is available at: file:///E:/GitHub/BuildCraft/build/reports/problems/problems-report.html

FAILURE: Build failed with an exception.

* What went wrong:
Execution failed for task ':compileJava'.
> Compilation failed; see the compiler output below.
  E:\GitHub\BuildCraft\src\main\java\buildcraft\lib\tile\item\ItemHandlerFilter
ed.java:34: error: cannot find symbol
              return super.getSlotLimit(slot);
                          ^
    symbol: method getSlotLimit(int)
  Note: Recompile with -Xlint:deprecation for details.
  E:\GitHub\BuildCraft\src\main\java\buildcraft\lib\expression\api\IExpressionN
ode.java:40: warning: [dep-ann] deprecated item is not annotated with 
@Deprecated
          default double getAsDouble() {
                         ^
  E:\GitHub\BuildCraft\src\main\java\buildcraft\lib\expression\api\IExpressionN
ode.java:61: warning: [dep-ann] deprecated item is not annotated with 
@Deprecated
          default long getAsLong() {
                       ^
  E:\GitHub\BuildCraft\src\main\java\buildcraft\lib\expression\api\IExpressionN
ode.java:67: warning: [dep-ann] deprecated item is not annotated with 
@Deprecated
          default int getAsInt() {
                      ^
  E:\GitHub\BuildCraft\src\main\java\buildcraft\lib\expression\api\IExpressionN
ode.java:88: warning: [dep-ann] deprecated item is not annotated with 
@Deprecated
          default boolean getAsBoolean() {
                          ^
  E:\GitHub\BuildCraft\src\main\java\buildcraft\lib\expression\api\IExpressionN
ode.java:111: warning: [dep-ann] deprecated item is not annotated with 
@Deprecated
          default T get() {
                    ^
  E:\GitHub\BuildCraft\src\main\java\buildcraft\lib\expression\node\value\NodeC
onstantBoolean.java:25: warning: [dep-ann] deprecated item is not annotated 
with @Deprecated
      public static NodeConstantBoolean get(boolean value) {
                                        ^
  E:\GitHub\BuildCraft\src\main\java\buildcraft\lib\inventory\InventoryWrapper.
java:18: error: InventoryWrapper is not abstract and does not override 
abstract method size() in AbstractInvItemTransactor
  public final class InventoryWrapper extends AbstractInvItemTransactor {
               ^
  E:\GitHub\BuildCraft\src\main\java\buildcraft\lib\tile\item\ItemHandlerSimple
.java:177: error: incompatible types: ItemHandlerSimple cannot be converted to 
IItemHandlerModifiable
                          callback.onStackChange(this, index, current, 
result.toSet);
                                                 ^
  E:\GitHub\BuildCraft\src\main\java\buildcraft\lib\tile\item\ItemHandlerSimple
.java:203: error: incompatible types: ItemHandlerSimple cannot be converted to 
IItemHandlerModifiable
                          callback.onStackChange(this, index, before, 
finalAfter);
                                                 ^
  E:\GitHub\BuildCraft\src\main\java\buildcraft\lib\tile\item\ItemHandlerSimple
.java:218: error: incompatible types: ItemHandlerSimple cannot be converted to 
IItemHandlerModifiable
              callback.onStackChange(this, slot, before, asValid(stack));
                                     ^
  E:\GitHub\BuildCraft\src\main\java\buildcraft\api\robots\DockingStation.java:
205: error: cannot find symbol
      public ResourceHandler<FluidResource> getFluidOutput() {
             ^
    symbol:   class ResourceHandler
    location: class DockingStation
  E:\GitHub\BuildCraft\src\main\java\buildcraft\api\robots\DockingStation.java:
205: error: cannot find symbol
      public ResourceHandler<FluidResource> getFluidOutput() {
                             ^
    symbol:   class FluidResource
    location: class DockingStation
  E:\GitHub\BuildCraft\src\main\java\buildcraft\api\robots\DockingStation.java:
213: error: cannot find symbol
      public ResourceHandler<FluidResource> getFluidInput() {
             ^
    symbol:   class ResourceHandler
    location: class DockingStation
  E:\GitHub\BuildCraft\src\main\java\buildcraft\api\robots\DockingStation.java:
213: error: cannot find symbol
      public ResourceHandler<FluidResource> getFluidInput() {
                             ^
    symbol:   class FluidResource
    location: class DockingStation
  Note: Recompile with -Xlint:unchecked for details.
  Note: Some input files use or override a deprecated API.
  E:\GitHub\BuildCraft\src\main\java\buildcraft\lib\inventory\InventoryWrapper.
java:91: error: method does not override or implement a method from a supertype
      @Override
      ^
  E:\GitHub\BuildCraft\src\main\java\buildcraft\lib\tile\item\ItemHandlerFilter
ed.java:31: error: method does not override or implement a method from a 
supertype
      @Override
      ^
  
E:\GitHub\BuildCraft\src\main\java\buildcraft\lib\tile\TileBC_Neptune.java:39: 
warning: [removal] IItemHandlerModifiable in net.neoforged.neoforge.items has 
been deprecated and marked for removal
          (handler, slot, before, after) -> this.setChanged()
           ^
  E:\GitHub\BuildCraft\src\main\java\buildcraft\builders\tile\TileBuilder.java:
90: warning: [removal] IFluidHandler in 
net.neoforged.neoforge.fluids.capability has been deprecated and marked for 
removal
      private final IFluidHandler stubFluidHandler = new IFluidHandler() {
                    ^
  E:\GitHub\BuildCraft\src\main\java\buildcraft\builders\tile\TileBuilder.java:
90: warning: [removal] IFluidHandler in 
net.neoforged.neoforge.fluids.capability has been deprecated and marked for 
removal
      private final IFluidHandler stubFluidHandler = new IFluidHandler() {
                                                         ^
  E:\GitHub\BuildCraft\src\main\java\buildcraft\builders\tile\TileBuilder.java:
97: warning: [removal] drain(int,FluidAction) in IFluidHandler has been 
deprecated and marked for removal
          @Override public FluidStack drain(int maxDrain, FluidAction action) 
{ return FluidStack.EMPTY; }
                                      ^
  E:\GitHub\BuildCraft\src\main\java\buildcraft\builders\tile\TileBuilder.java:
96: warning: [removal] drain(FluidStack,FluidAction) in IFluidHandler has been 
deprecated and marked for removal
          @Override public FluidStack drain(FluidStack resource, FluidAction 
action) { return FluidStack.EMPTY; }
                                      ^
  E:\GitHub\BuildCraft\src\main\java\buildcraft\builders\tile\TileBuilder.java:
95: warning: [removal] fill(FluidStack,FluidAction) in IFluidHandler has been 
deprecated and marked for removal
          @Override public int fill(FluidStack resource, FluidAction action) { 
return 0; }
                               ^
  E:\GitHub\BuildCraft\src\main\java\buildcraft\builders\tile\TileBuilder.java:
94: warning: [removal] isFluidValid(int,FluidStack) in IFluidHandler has been 
deprecated and marked for removal
          @Override public boolean isFluidValid(int tank, FluidStack stack) { 
return false; }
                                   ^
  E:\GitHub\BuildCraft\src\main\java\buildcraft\builders\tile\TileBuilder.java:
93: warning: [removal] getTankCapacity(int) in IFluidHandler has been 
deprecated and marked for removal
          @Override public int getTankCapacity(int tank) { return 0; }
                               ^
  E:\GitHub\BuildCraft\src\main\java\buildcraft\builders\tile\TileBuilder.java:
92: warning: [removal] getFluidInTank(int) in IFluidHandler has been 
deprecated and marked for removal
          @Override public FluidStack getFluidInTank(int tank) { return 
FluidStack.EMPTY; }
                                      ^
  E:\GitHub\BuildCraft\src\main\java\buildcraft\builders\tile\TileBuilder.java:
91: warning: [removal] getTanks() in IFluidHandler has been deprecated and 
marked for removal
          @Override public int getTanks() { return 0; }
                               ^
  E:\GitHub\BuildCraft\src\main\java\buildcraft\builders\tile\TileBuilder.java:
346: warning: [removal] IFluidHandler in 
net.neoforged.neoforge.fluids.capability has been deprecated and marked for 
removal
      public IFluidHandler getTankManager() {
             ^
  E:\GitHub\BuildCraft\src\main\java\buildcraft\builders\snapshot\ITileForBluep
rintBuilder.java:18: warning: [removal] IFluidHandler in 
net.neoforged.neoforge.fluids.capability has been deprecated and marked for 
removal
      IFluidHandler getTankManager();
      ^
  E:\GitHub\BuildCraft\src\main\java\buildcraft\lib\tile\item\StackChangeCallba
ck.java:19: warning: [removal] IItemHandlerModifiable in 
net.neoforged.neoforge.items has been deprecated and marked for removal
      void onStackChange(IItemHandlerModifiable itemHandler, int slot, 
@Nonnull ItemStack before, @Nonnull ItemStack after);
                         ^
  E:\GitHub\BuildCraft\src\main\java\buildcraft\builders\snapshot\BlueprintBuil
der.java:103: warning: [removal] FluidUtil in net.neoforged.neoforge.fluids 
has been deprecated and marked for removal
                      ItemStack bucket = 
net.neoforged.neoforge.fluids.FluidUtil.getFilledBucket(fluidStack);
                                                                      ^
  E:\GitHub\BuildCraft\src\main\java\buildcraft\builders\snapshot\BlueprintBuil
der.java:103: warning: [removal] getFilledBucket(FluidStack) in FluidUtil has 
been deprecated and marked for removal
                      ItemStack bucket = 
net.neoforged.neoforge.fluids.FluidUtil.getFilledBucket(fluidStack);
                                                                               
 ^
  E:\GitHub\BuildCraft\src\main\java\buildcraft\builders\snapshot\BlueprintBuil
der.java:125: warning: [removal] IFluidHandler in 
net.neoforged.neoforge.fluids.capability has been deprecated and marked for 
removal
                              FluidUtilBC.areFluidStackEqual(stack, 
tile.getTankManager().drain(stack, 
net.neoforged.neoforge.fluids.capability.IFluidHandler.FluidAction.SIMULATE))
                                                                               
                                                                ^
  E:\GitHub\BuildCraft\src\main\java\buildcraft\builders\snapshot\BlueprintBuil
der.java:125: warning: [removal] drain(FluidStack,FluidAction) in 
IFluidHandler has been deprecated and marked for removal
                              FluidUtilBC.areFluidStackEqual(stack, 
tile.getTankManager().drain(stack, 
net.neoforged.neoforge.fluids.capability.IFluidHandler.FluidAction.SIMULATE))
                                                                               
          ^
  E:\GitHub\BuildCraft\src\main\java\buildcraft\builders\snapshot\BlueprintBuil
der.java:142: warning: [removal] IFluidHandler in 
net.neoforged.neoforge.fluids.capability has been deprecated and marked for 
removal
                                  .map(fluidStack -> 
tile.getTankManager().drain(fluidStack, simulate ? 
net.neoforged.neoforge.fluids.capability.IFluidHandler.FluidAction.SIMULATE : 
net.neoforged.neoforge.fluids.capability.IFluidHandler.FluidAction.EXECUTE))
                                                                               
                                                                 ^
  E:\GitHub\BuildCraft\src\main\java\buildcraft\builders\snapshot\BlueprintBuil
der.java:142: warning: [removal] IFluidHandler in 
net.neoforged.neoforge.fluids.capability has been deprecated and marked for 
removal
                                  .map(fluidStack -> 
tile.getTankManager().drain(fluidStack, simulate ? 
net.neoforged.neoforge.fluids.capability.IFluidHandler.FluidAction.SIMULATE : 
net.neoforged.neoforge.fluids.capability.IFluidHandler.FluidAction.EXECUTE))
                                                                               
                                                                               
                                                                ^
  E:\GitHub\BuildCraft\src\main\java\buildcraft\builders\snapshot\BlueprintBuil
der.java:142: warning: [removal] drain(FluidStack,FluidAction) in 
IFluidHandler has been deprecated and marked for removal
                                  .map(fluidStack -> 
tile.getTankManager().drain(fluidStack, simulate ? 
net.neoforged.neoforge.fluids.capability.IFluidHandler.FluidAction.SIMULATE : 
net.neoforged.neoforge.fluids.capability.IFluidHandler.FluidAction.EXECUTE))
                                                                          ^
  E:\GitHub\BuildCraft\src\main\java\buildcraft\builders\snapshot\BlueprintBuil
der.java:144: warning: [removal] FluidUtil in net.neoforged.neoforge.fluids 
has been deprecated and marked for removal
                                      ItemStack stack = 
net.neoforged.neoforge.fluids.FluidUtil.getFilledBucket(fluidStack);
                                                                               
      ^
  E:\GitHub\BuildCraft\src\main\java\buildcraft\builders\snapshot\BlueprintBuil
der.java:144: warning: [removal] getFilledBucket(FluidStack) in FluidUtil has 
been deprecated and marked for removal
                                      ItemStack stack = 
net.neoforged.neoforge.fluids.FluidUtil.getFilledBucket(fluidStack);
                                                                               
                ^
  E:\GitHub\BuildCraft\src\main\java\buildcraft\builders\snapshot\BlueprintBuil
der.java:232: warning: [removal] IFluidHandler in 
net.neoforged.neoforge.fluids.capability has been deprecated and marked for 
removal
              .forEach(fluidStack -> tile.getTankManager().fill(fluidStack, 
net.neoforged.neoforge.fluids.capability.IFluidHandler.FluidAction.EXECUTE));
                                                                               
                                     ^
  E:\GitHub\BuildCraft\src\main\java\buildcraft\builders\snapshot\BlueprintBuil
der.java:232: warning: [removal] fill(FluidStack,FluidAction) in IFluidHandler 
has been deprecated and marked for removal
              .forEach(fluidStack -> tile.getTankManager().fill(fluidStack, 
net.neoforged.neoforge.fluids.capability.IFluidHandler.FluidAction.EXECUTE));
                                                          ^
  E:\GitHub\BuildCraft\src\main\java\buildcraft\builders\BCBuildersBlocks.java:
23: warning: [removal] <B>registerBlock(String,Function<Properties,? extends 
B>,Properties) in Blocks has been deprecated and marked for removal
      public static final DeferredBlock<BlockFrame> FRAME = 
BLOCKS.registerBlock(
                                                                  ^
    where B is a type-variable:
      B extends Block declared in method 
<B>registerBlock(String,Function<Properties,? extends B>,Properties)
  E:\GitHub\BuildCraft\src\main\java\buildcraft\builders\BCBuildersBlocks.java:
27: warning: [removal] <B>registerBlock(String,Function<Properties,? extends 
B>,Properties) in Blocks has been deprecated and marked for removal
      public static final DeferredBlock<BlockFiller> FILLER = 
BLOCKS.registerBlock(
                                                                    ^
    where B is a type-variable:
      B extends Block declared in method 
<B>registerBlock(String,Function<Properties,? extends B>,Properties)
  E:\GitHub\BuildCraft\src\main\java\buildcraft\builders\BCBuildersBlocks.java:
31: warning: [removal] <B>registerBlock(String,Function<Properties,? extends 
B>,Properties) in Blocks has been deprecated and marked for removal
      public static final DeferredBlock<BlockBuilder> BUILDER = 
BLOCKS.registerBlock(
                                                                      ^
    where B is a type-variable:
      B extends Block declared in method 
<B>registerBlock(String,Function<Properties,? extends B>,Properties)
  E:\GitHub\BuildCraft\src\main\java\buildcraft\builders\BCBuildersBlocks.java:
35: warning: [removal] <B>registerBlock(String,Function<Properties,? extends 
B>,Properties) in Blocks has been deprecated and marked for removal
      public static final DeferredBlock<BlockArchitectTable> ARCHITECT = 
BLOCKS.registerBlock(
                                                                               
^
    where B is a type-variable:
      B extends Block declared in method 
<B>registerBlock(String,Function<Properties,? extends B>,Properties)
  E:\GitHub\BuildCraft\src\main\java\buildcraft\builders\BCBuildersBlocks.java:
39: warning: [removal] <B>registerBlock(String,Function<Properties,? extends 
B>,Properties) in Blocks has been deprecated and marked for removal
      public static final DeferredBlock<BlockElectronicLibrary> LIBRARY = 
BLOCKS.registerBlock(
                                                                               
 ^
    where B is a type-variable:
      B extends Block declared in method 
<B>registerBlock(String,Function<Properties,? extends B>,Properties)
  E:\GitHub\BuildCraft\src\main\java\buildcraft\builders\BCBuildersBlocks.java:
43: warning: [removal] <B>registerBlock(String,Function<Properties,? extends 
B>,Properties) in Blocks has been deprecated and marked for removal
      public static final DeferredBlock<BlockReplacer> REPLACER = 
BLOCKS.registerBlock(
                                                                        ^
    where B is a type-variable:
      B extends Block declared in method 
<B>registerBlock(String,Function<Properties,? extends B>,Properties)
  E:\GitHub\BuildCraft\src\main\java\buildcraft\builders\BCBuildersBlocks.java:
47: warning: [removal] <B>registerBlock(String,Function<Properties,? extends 
B>,Properties) in Blocks has been deprecated and marked for removal
      public static final DeferredBlock<BlockQuarry> QUARRY = 
BLOCKS.registerBlock(
                                                                    ^
    where B is a type-variable:
      B extends Block declared in method 
<B>registerBlock(String,Function<Properties,? extends B>,Properties)
  E:\GitHub\BuildCraft\src\main\java\buildcraft\core\BCCoreBlocks.java:18: 
warning: [removal] <B>registerBlock(String,Function<Properties,? extends 
B>,Properties) in Blocks has been deprecated and marked for removal
      public static final DeferredBlock<BlockSpring> SPRING_WATER = 
BLOCKS.registerBlock("spring_water",
                                                                          ^
    where B is a type-variable:
      B extends Block declared in method 
<B>registerBlock(String,Function<Properties,? extends B>,Properties)
  E:\GitHub\BuildCraft\src\main\java\buildcraft\core\BCCoreBlocks.java:21: 
warning: [removal] <B>registerBlock(String,Function<Properties,? extends 
B>,Properties) in Blocks has been deprecated and marked for removal
      public static final DeferredBlock<BlockSpring> SPRING_OIL = 
BLOCKS.registerBlock("spring_oil",
                                                                        ^
    where B is a type-variable:
      B extends Block declared in method 
<B>registerBlock(String,Function<Properties,? extends B>,Properties)
  E:\GitHub\BuildCraft\src\main\java\buildcraft\core\BCCoreBlocks.java:25: 
warning: [removal] registerSimpleBlock(String,Properties) in Blocks has been 
deprecated and marked for removal
      public static final DeferredBlock<Block> DECORATED_DESTROY = 
BLOCKS.registerSimpleBlock(
                                                                         ^
  E:\GitHub\BuildCraft\src\main\java\buildcraft\core\BCCoreBlocks.java:28: 
warning: [removal] registerSimpleBlock(String,Properties) in Blocks has been 
deprecated and marked for removal
      public static final DeferredBlock<Block> DECORATED_BLUEPRINT = 
BLOCKS.registerSimpleBlock(
                                                                           ^
  E:\GitHub\BuildCraft\src\main\java\buildcraft\core\BCCoreBlocks.java:31: 
warning: [removal] registerSimpleBlock(String,Properties) in Blocks has been 
deprecated and marked for removal
      public static final DeferredBlock<Block> DECORATED_TEMPLATE = 
BLOCKS.registerSimpleBlock(
                                                                          ^
  E:\GitHub\BuildCraft\src\main\java\buildcraft\core\BCCoreBlocks.java:34: 
warning: [removal] registerSimpleBlock(String,Properties) in Blocks has been 
deprecated and marked for removal
      public static final DeferredBlock<Block> DECORATED_PAPER = 
BLOCKS.registerSimpleBlock(
                                                                       ^
  E:\GitHub\BuildCraft\src\main\java\buildcraft\core\BCCoreBlocks.java:37: 
warning: [removal] registerSimpleBlock(String,Properties) in Blocks has been 
deprecated and marked for removal
      public static final DeferredBlock<Block> DECORATED_LEATHER = 
BLOCKS.registerSimpleBlock(
                                                                         ^
  E:\GitHub\BuildCraft\src\main\java\buildcraft\core\BCCoreBlocks.java:40: 
warning: [removal] registerSimpleBlock(String,Properties) in Blocks has been 
deprecated and marked for removal
      public static final DeferredBlock<Block> DECORATED_LASER = 
BLOCKS.registerSimpleBlock(
                                                                       ^
  E:\GitHub\BuildCraft\src\main\java\buildcraft\core\BCCoreBlocks.java:43: 
warning: [removal] <B>registerBlock(String,Function<Properties,? extends 
B>,Properties) in Blocks has been deprecated and marked for removal
      public static final 
DeferredBlock<buildcraft.core.block.BlockMarkerVolume> MARKER_VOLUME = 
BLOCKS.registerBlock(
                                                                               
                        ^
    where B is a type-variable:
      B extends Block declared in method 
<B>registerBlock(String,Function<Properties,? extends B>,Properties)
  E:\GitHub\BuildCraft\src\main\java\buildcraft\core\BCCoreBlocks.java:47: 
warning: [removal] <B>registerBlock(String,Function<Properties,? extends 
B>,Properties) in Blocks has been deprecated and marked for removal
      public static final DeferredBlock<BlockMarkerPath> MARKER_PATH = 
BLOCKS.registerBlock(
                                                                             ^
    where B is a type-variable:
      B extends Block declared in method 
<B>registerBlock(String,Function<Properties,? extends B>,Properties)
  E:\GitHub\BuildCraft\src\main\java\buildcraft\core\BCCoreBlocks.java:51: 
warning: [removal] <B>registerBlock(String,Function<Properties,? extends 
B>,Properties) in Blocks has been deprecated and marked for removal
      public static final DeferredBlock<BlockEngineRedstone_BC8> 
ENGINE_REDSTONE = BLOCKS.registerBlock(
                                                                               
          ^
    where B is a type-variable:
      B extends Block declared in method 
<B>registerBlock(String,Function<Properties,? extends B>,Properties)
  E:\GitHub\BuildCraft\src\main\java\buildcraft\core\BCCoreBlocks.java:55: 
warning: [removal] <B>registerBlock(String,Function<Properties,? extends 
B>,Properties) in Blocks has been deprecated and marked for removal
      public static final DeferredBlock<BlockEngineCreative> ENGINE_CREATIVE = 
BLOCKS.registerBlock(
                                                                               
      ^
    where B is a type-variable:
      B extends Block declared in method 
<B>registerBlock(String,Function<Properties,? extends B>,Properties)
  E:\GitHub\BuildCraft\src\main\java\buildcraft\core\statements\TriggerInventor
y.java:56: warning: [removal] IItemHandler in net.neoforged.neoforge.items has 
been deprecated and marked for removal
          if (!(tile instanceof IItemHandler handler)) {
                                ^
  E:\GitHub\BuildCraft\src\main\java\buildcraft\core\statements\TriggerInventor
y.java:69: warning: [removal] getSlots() in IItemHandler has been deprecated 
and marked for removal
          for (int i = 0; i < handler.getSlots(); i++) {
                                     ^
  E:\GitHub\BuildCraft\src\main\java\buildcraft\core\statements\TriggerInventor
y.java:71: warning: [removal] getStackInSlot(int) in IItemHandler has been 
deprecated and marked for removal
              ItemStack stack = handler.getStackInSlot(i);
                                       ^
  E:\GitHub\BuildCraft\src\main\java\buildcraft\core\statements\TriggerInventor
y.java:76: warning: [removal] insertItem(int,ItemStack,boolean) in 
IItemHandler has been deprecated and marked for removal
                  && (searchedStack.isEmpty() || searchedStack.getItem() 
instanceof IList || handler.insertItem(i, searchedStack, true).isEmpty());
                                                                               
                     ^
  E:\GitHub\BuildCraft\src\main\java\buildcraft\core\statements\TriggerInventor
yLevel.java:56: warning: [removal] IItemHandler in 
net.neoforged.neoforge.items has been deprecated and marked for removal
          if (!(tile instanceof IItemHandler itemHandler)) {
                                ^
  E:\GitHub\BuildCraft\src\main\java\buildcraft\core\statements\TriggerInventor
yLevel.java:65: warning: [removal] getSlots() in IItemHandler has been 
deprecated and marked for removal
          for (int slot = 0; slot < itemHandler.getSlots(); slot++) {
                                               ^
  E:\GitHub\BuildCraft\src\main\java\buildcraft\core\statements\TriggerInventor
yLevel.java:66: warning: [removal] getStackInSlot(int) in IItemHandler has 
been deprecated and marked for removal
              ItemStack stackInSlot = itemHandler.getStackInSlot(slot);
                                                 ^
  E:\GitHub\BuildCraft\src\main\java\buildcraft\core\statements\TriggerInventor
yLevel.java:69: warning: [removal] getSlotLimit(int) in IItemHandler has been 
deprecated and marked for removal
                      itemSpace += itemHandler.getSlotLimit(slot);
                                              ^
  E:\GitHub\BuildCraft\src\main\java\buildcraft\core\statements\TriggerInventor
yLevel.java:75: warning: [removal] getSlotLimit(int) in IItemHandler has been 
deprecated and marked for removal
                          int count = Math.min(itemHandler.getSlotLimit(slot), 
searchStack.getMaxStackSize());
                                                          ^
  E:\GitHub\BuildCraft\src\main\java\buildcraft\core\statements\TriggerInventor
yLevel.java:77: warning: [removal] insertItem(int,ItemStack,boolean) in 
IItemHandler has been deprecated and marked for removal
                          ItemStack leftOver = itemHandler.insertItem(slot, 
stack, true);
                                                          ^
  E:\GitHub\BuildCraft\src\main\java\buildcraft\core\statements\TriggerInventor
yLevel.java:87: warning: [removal] getSlotLimit(int) in IItemHandler has been 
deprecated and marked for removal
                      itemSpace += Math.min(stackInSlot.getMaxStackSize(), 
itemHandler.getSlotLimit(slot));
                                                                               
       ^
  E:\GitHub\BuildCraft\src\main\java\buildcraft\energy\tile\TileEngineFE.java:5
0: warning: [removal] IItemHandlerModifiable in net.neoforged.neoforge.items 
has been deprecated and marked for removal
          new buildcraft.lib.tile.item.ItemHandlerSimple(4, (handler, slot, 
bef, aft) -> setChanged());
                                                             ^
  E:\GitHub\BuildCraft\src\main\java\buildcraft\energy\tile\TileDynamoMJ.java:6
0: warning: [removal] IItemHandlerModifiable in net.neoforged.neoforge.items 
has been deprecated and marked for removal
          new buildcraft.lib.tile.item.ItemHandlerSimple(4, (handler, slot, 
bef, aft) -> setChanged());
                                                             ^
  E:\GitHub\BuildCraft\src\main\java\buildcraft\energy\BCEnergyBlocks.java:16: 
warning: [removal] <B>registerBlock(String,Function<Properties,? extends 
B>,Properties) in Blocks has been deprecated and marked for removal
      public static final DeferredBlock<BlockEngineStone_BC8> ENGINE_STONE = 
BLOCKS.registerBlock(
                                                                               
    ^
    where B is a type-variable:
      B extends Block declared in method 
<B>registerBlock(String,Function<Properties,? extends B>,Properties)
  E:\GitHub\BuildCraft\src\main\java\buildcraft\energy\BCEnergyBlocks.java:20: 
warning: [removal] <B>registerBlock(String,Function<Properties,? extends 
B>,Properties) in Blocks has been deprecated and marked for removal
      public static final DeferredBlock<BlockEngineIron_BC8> ENGINE_IRON = 
BLOCKS.registerBlock(
                                                                               
  ^
    where B is a type-variable:
      B extends Block declared in method 
<B>registerBlock(String,Function<Properties,? extends B>,Properties)
  E:\GitHub\BuildCraft\src\main\java\buildcraft\energy\BCEnergyBlocks.java:24: 
warning: [removal] <B>registerBlock(String,Function<Properties,? extends 
B>,Properties) in Blocks has been deprecated and marked for removal
      public static final DeferredBlock<BlockEngineFE> ENGINE_FE = 
BLOCKS.registerBlock(
                                                                         ^
    where B is a type-variable:
      B extends Block declared in method 
<B>registerBlock(String,Function<Properties,? extends B>,Properties)
  E:\GitHub\BuildCraft\src\main\java\buildcraft\energy\BCEnergyBlocks.java:28: 
warning: [removal] <B>registerBlock(String,Function<Properties,? extends 
B>,Properties) in Blocks has been deprecated and marked for removal
      public static final DeferredBlock<BlockDynamoMJ> DYNAMO_MJ = 
BLOCKS.registerBlock(
                                                                         ^
    where B is a type-variable:
      B extends Block declared in method 
<B>registerBlock(String,Function<Properties,? extends B>,Properties)
  
E:\GitHub\BuildCraft\src\main\java\buildcraft\energy\BCEnergyFluids.java:188: 
warning: [removal] <B>registerBlock(String,Function<Properties,? extends 
B>,Properties) in Blocks has been deprecated and marked for removal
          blockHolder[0] = BLOCKS.registerBlock(regName,
                                 ^
    where B is a type-variable:
      B extends Block declared in method 
<B>registerBlock(String,Function<Properties,? extends B>,Properties)
  
E:\GitHub\BuildCraft\src\main\java\buildcraft\energy\BCEnergyFluids.java:200: 
warning: [removal] <I>registerItem(String,Function<Properties,? extends 
I>,Properties) in Items has been deprecated and marked for removal
          bucketHolder[0] = ITEMS.registerItem(regName + "_bucket",
                                 ^
    where I is a type-variable:
      I extends Item declared in method 
<I>registerItem(String,Function<Properties,? extends I>,Properties)
  E:\GitHub\BuildCraft\src\main\java\buildcraft\factory\tile\TileAutoWorkbenchB
ase.java:117: warning: [removal] IItemHandlerModifiable in 
net.neoforged.neoforge.items has been deprecated and marked for removal
          invBlueprint.setCallback((handler, slot, before, after) -> {
                                    ^
  E:\GitHub\BuildCraft\src\main\java\buildcraft\factory\tile\TileAutoWorkbenchB
ase.java:121: warning: [removal] IItemHandlerModifiable in 
net.neoforged.neoforge.items has been deprecated and marked for removal
          invMaterials.setCallback((handler, slot, before, after) -> {
                                    ^
  
E:\GitHub\BuildCraft\src\main\java\buildcraft\factory\tile\TileChute.java:62: 
warning: [removal] IItemHandlerModifiable in net.neoforged.neoforge.items has 
been deprecated and marked for removal
              (handler, slot, before, after) -> this.setChanged());
               ^
  E:\GitHub\BuildCraft\src\main\java\buildcraft\factory\tile\TileDistiller_BC8.
java:66: warning: [removal] IItemHandlerModifiable in 
net.neoforged.neoforge.items has been deprecated and marked for removal
          containerSlots.setCallback((handler, slot, bef, aft) -> 
setChanged());
                                      ^
  
E:\GitHub\BuildCraft\src\main\java\buildcraft\factory\BCFactoryBlocks.java:22: 
warning: [removal] <B>registerBlock(String,Function<Properties,? extends 
B>,Properties) in Blocks has been deprecated and marked for removal
      public static final DeferredBlock<BlockAutoWorkbenchItems> 
AUTOWORKBENCH_ITEM = BLOCKS.registerBlock(
                                                                               
             ^
    where B is a type-variable:
      B extends Block declared in method 
<B>registerBlock(String,Function<Properties,? extends B>,Properties)
  
E:\GitHub\BuildCraft\src\main\java\buildcraft\factory\BCFactoryBlocks.java:27: 
warning: [removal] <B>registerBlock(String,Function<Properties,? extends 
B>,Properties) in Blocks has been deprecated and marked for removal
      public static final DeferredBlock<BlockMiningWell> MINING_WELL = 
BLOCKS.registerBlock(
                                                                             ^
    where B is a type-variable:
      B extends Block declared in method 
<B>registerBlock(String,Function<Properties,? extends B>,Properties)
  
E:\GitHub\BuildCraft\src\main\java\buildcraft\factory\BCFactoryBlocks.java:32: 
warning: [removal] <B>registerBlock(String,Function<Properties,? extends 
B>,Properties) in Blocks has been deprecated and marked for removal
      public static final DeferredBlock<BlockPump> PUMP = BLOCKS.registerBlock(
                                                                ^
    where B is a type-variable:
      B extends Block declared in method 
<B>registerBlock(String,Function<Properties,? extends B>,Properties)
  
E:\GitHub\BuildCraft\src\main\java\buildcraft\factory\BCFactoryBlocks.java:37: 
warning: [removal] <B>registerBlock(String,Function<Properties,? extends 
B>,Properties) in Blocks has been deprecated and marked for removal
      public static final DeferredBlock<BlockFloodGate> FLOOD_GATE = 
BLOCKS.registerBlock(
                                                                           ^
    where B is a type-variable:
      B extends Block declared in method 
<B>registerBlock(String,Function<Properties,? extends B>,Properties)
  
E:\GitHub\BuildCraft\src\main\java\buildcraft\factory\BCFactoryBlocks.java:42: 
warning: [removal] <B>registerBlock(String,Function<Properties,? extends 
B>,Properties) in Blocks has been deprecated and marked for removal
      public static final DeferredBlock<BlockTank> TANK = BLOCKS.registerBlock(
                                                                ^
    where B is a type-variable:
      B extends Block declared in method 
<B>registerBlock(String,Function<Properties,? extends B>,Properties)
  
E:\GitHub\BuildCraft\src\main\java\buildcraft\factory\BCFactoryBlocks.java:47: 
warning: [removal] <B>registerBlock(String,Function<Properties,? extends 
B>,Properties) in Blocks has been deprecated and marked for removal
      public static final DeferredBlock<BlockTube> TUBE = BLOCKS.registerBlock(
                                                                ^
    where B is a type-variable:
      B extends Block declared in method 
<B>registerBlock(String,Function<Properties,? extends B>,Properties)
  
E:\GitHub\BuildCraft\src\main\java\buildcraft\factory\BCFactoryBlocks.java:52: 
warning: [removal] <B>registerBlock(String,Function<Properties,? extends 
B>,Properties) in Blocks has been deprecated and marked for removal
      public static final DeferredBlock<BlockChute> CHUTE = 
BLOCKS.registerBlock(
                                                                  ^
    where B is a type-variable:
      B extends Block declared in method 
<B>registerBlock(String,Function<Properties,? extends B>,Properties)
  
E:\GitHub\BuildCraft\src\main\java\buildcraft\factory\BCFactoryBlocks.java:57: 
warning: [removal] <B>registerBlock(String,Function<Properties,? extends 
B>,Properties) in Blocks has been deprecated and marked for removal
      public static final DeferredBlock<BlockDistiller> DISTILLER = 
BLOCKS.registerBlock(
                                                                          ^
    where B is a type-variable:
      B extends Block declared in method 
<B>registerBlock(String,Function<Properties,? extends B>,Properties)
  
E:\GitHub\BuildCraft\src\main\java\buildcraft\factory\BCFactoryBlocks.java:62: 
warning: [removal] <B>registerBlock(String,Function<Properties,? extends 
B>,Properties) in Blocks has been deprecated and marked for removal
      public static final DeferredBlock<BlockHeatExchange> HEAT_EXCHANGE = 
BLOCKS.registerBlock(
                                                                               
  ^
    where B is a type-variable:
      B extends Block declared in method 
<B>registerBlock(String,Function<Properties,? extends B>,Properties)
  
E:\GitHub\BuildCraft\src\main\java\buildcraft\factory\BCFactoryBlocks.java:67: 
warning: [removal] <B>registerBlock(String,Function<Properties,? extends 
B>,Properties) in Blocks has been deprecated and marked for removal
      public static final DeferredBlock<BlockWaterGel> WATER_GEL = 
BLOCKS.registerBlock(
                                                                         ^
    where B is a type-variable:
      B extends Block declared in method 
<B>registerBlock(String,Function<Properties,? extends B>,Properties)
  
E:\GitHub\BuildCraft\src\main\java\buildcraft\factory\BCFactoryItems.java:38: 
warning: [removal] <I>registerItem(String,Function<Properties,? extends 
I>,Properties) in Items has been deprecated and marked for removal
      public static final DeferredItem<ItemWaterGel> WATER_GEL_SPAWN = 
ITEMS.registerItem(
                                                                            ^
    where I is a type-variable:
      I extends Item declared in method 
<I>registerItem(String,Function<Properties,? extends I>,Properties)
  E:\GitHub\BuildCraft\src\main\java\buildcraft\lib\inventory\filter\Delegating
ItemHandlerFilter.java:21: warning: [removal] IItemHandler in 
net.neoforged.neoforge.items has been deprecated and marked for removal
      private final IItemHandler handler;
                    ^
  E:\GitHub\BuildCraft\src\main\java\buildcraft\lib\inventory\filter\Delegating
ItemHandlerFilter.java:23: warning: [removal] IItemHandler in 
net.neoforged.neoforge.items has been deprecated and marked for removal
      public DelegatingItemHandlerFilter(ISingleStackFilter perStackFilter, 
IItemHandler handler) {
                                                                            ^
  E:\GitHub\BuildCraft\src\main\java\buildcraft\lib\inventory\filter\Delegating
ItemHandlerFilter.java:30: warning: [removal] getSlots() in IItemHandler has 
been deprecated and marked for removal
          for (int slot = 0; slot < handler.getSlots(); slot++) {
                                           ^
  E:\GitHub\BuildCraft\src\main\java\buildcraft\lib\inventory\filter\Delegating
ItemHandlerFilter.java:31: warning: [removal] getStackInSlot(int) in 
IItemHandler has been deprecated and marked for removal
              if (perStackFilter.matches(handler.getStackInSlot(slot), stack)) 
{
                                                ^
  E:\GitHub\BuildCraft\src\main\java\buildcraft\robotics\BCRoboticsBlocks.java:
14: warning: [removal] <B>registerBlock(String,Function<Properties,? extends 
B>,Properties) in Blocks has been deprecated and marked for removal
      public static final DeferredBlock<BlockZonePlanner> ZONE_PLANNER = 
BLOCKS.registerBlock(
                                                                               
^
    where B is a type-variable:
      B extends Block declared in method 
<B>registerBlock(String,Function<Properties,? extends B>,Properties)
  E:\GitHub\BuildCraft\src\main\java\buildcraft\silicon\tile\TileAdvancedCrafti
ngTable.java:48: warning: [removal] IItemHandlerModifiable in 
net.neoforged.neoforge.items has been deprecated and marked for removal
          invBlueprint.setCallback((handler, slot, before, after) -> {
                                    ^
  E:\GitHub\BuildCraft\src\main\java\buildcraft\silicon\tile\TileAdvancedCrafti
ngTable.java:52: warning: [removal] IItemHandlerModifiable in 
net.neoforged.neoforge.items has been deprecated and marked for removal
          invMaterials.setCallback((handler, slot, before, after) -> {
                                    ^
  
E:\GitHub\BuildCraft\src\main\java\buildcraft\silicon\BCSiliconBlocks.java:20: 
warning: [removal] <B>registerBlock(String,Function<Properties,? extends 
B>,Properties) in Blocks has been deprecated and marked for removal
      public static final DeferredBlock<BlockLaser> LASER = 
BLOCKS.registerBlock(
                                                                  ^
    where B is a type-variable:
      B extends Block declared in method 
<B>registerBlock(String,Function<Properties,? extends B>,Properties)
  
E:\GitHub\BuildCraft\src\main\java\buildcraft\silicon\BCSiliconBlocks.java:25: 
warning: [removal] <B>registerBlock(String,Function<Properties,? extends 
B>,Properties) in Blocks has been deprecated and marked for removal
      public static final DeferredBlock<BlockLaserTable> ASSEMBLY_TABLE = 
BLOCKS.registerBlock(
                                                                               
 ^
    where B is a type-variable:
      B extends Block declared in method 
<B>registerBlock(String,Function<Properties,? extends B>,Properties)
  
E:\GitHub\BuildCraft\src\main\java\buildcraft\silicon\BCSiliconBlocks.java:32: 
warning: [removal] <B>registerBlock(String,Function<Properties,? extends 
B>,Properties) in Blocks has been deprecated and marked for removal
      public static final DeferredBlock<BlockLaserTable> 
ADVANCED_CRAFTING_TABLE = BLOCKS.registerBlock(
                                                                               
          ^
    where B is a type-variable:
      B extends Block declared in method 
<B>registerBlock(String,Function<Properties,? extends B>,Properties)
  
E:\GitHub\BuildCraft\src\main\java\buildcraft\silicon\BCSiliconBlocks.java:39: 
warning: [removal] <B>registerBlock(String,Function<Properties,? extends 
B>,Properties) in Blocks has been deprecated and marked for removal
      public static final DeferredBlock<BlockLaserTable> INTEGRATION_TABLE = 
BLOCKS.registerBlock(
                                                                               
    ^
    where B is a type-variable:
      B extends Block declared in method 
<B>registerBlock(String,Function<Properties,? extends B>,Properties)
  E:\GitHub\BuildCraft\src\main\java\buildcraft\transport\BCTransportBlocks.jav
a:14: warning: [removal] <B>registerBlock(String,Function<Properties,? extends 
B>,Properties) in Blocks has been deprecated and marked for removal
      public static final DeferredBlock<BlockFilteredBuffer> FILTERED_BUFFER = 
BLOCKS.registerBlock(
                                                                               
      ^
    where B is a type-variable:
      B extends Block declared in method 
<B>registerBlock(String,Function<Properties,? extends B>,Properties)
  E:\GitHub\BuildCraft\src\main\java\buildcraft\transport\BCTransportBlocks.jav
a:19: warning: [removal] <B>registerBlock(String,Function<Properties,? extends 
B>,Properties) in Blocks has been deprecated and marked for removal
      public static final DeferredBlock<BlockPipeHolder> PIPE_HOLDER = 
BLOCKS.registerBlock(
                                                                             ^
    where B is a type-variable:
      B extends Block declared in method 
<B>registerBlock(String,Function<Properties,? extends B>,Properties)
  E:\GitHub\BuildCraft\src\main\java\buildcraft\transport\pipe\behaviour\PipeBe
haviourDiamondFluid.java:40: warning: [removal] FluidUtil in 
net.neoforged.neoforge.fluids has been deprecated and marked for removal
                      FluidStack target = 
FluidUtil.getFluidContained(compareTo).orElse(FluidStack.EMPTY);
                                          ^
  E:\GitHub\BuildCraft\src\main\java\buildcraft\transport\pipe\behaviour\PipeBe
haviourDiamondFluid.java:40: warning: [removal] getFluidContained(ItemStack) 
in FluidUtil has been deprecated and marked for removal
                      FluidStack target = 
FluidUtil.getFluidContained(compareTo).orElse(FluidStack.EMPTY);
                                                   ^
  Note: Some messages have been simplified; recompile with -Xdiags:verbose to 
get full output
  Note: Some input files use unchecked or unsafe operations.
  E:\GitHub\BuildCraft\src\main\java\buildcraft\builders\tile\TileElectronicLib
rary.java:67: error: cannot find symbol
          if (!invDownIn.getStackInSlot(0).isEmpty() && 
invDownOut.getStackInSlot(0).isEmpty()) {
                        ^
    symbol:   method getStackInSlot(int)
    location: variable invDownIn of type ItemHandlerSimple
  E:\GitHub\BuildCraft\src\main\java\buildcraft\builders\tile\TileElectronicLib
rary.java:67: error: cannot find symbol
          if (!invDownIn.getStackInSlot(0).isEmpty() && 
invDownOut.getStackInSlot(0).isEmpty()) {
                                                                  ^
    symbol:   method getStackInSlot(int)
    location: variable invDownOut of type ItemHandlerSimple
  E:\GitHub\BuildCraft\src\main\java\buildcraft\builders\tile\TileElectronicLib
rary.java:73: error: cannot find symbol
                  invDownOut.setStackInSlot(0, 
invDownIn.getStackInSlot(0).copy());
                                                        ^
    symbol:   method getStackInSlot(int)
    location: variable invDownIn of type ItemHandlerSimple
  E:\GitHub\BuildCraft\src\main\java\buildcraft\builders\tile\TileElectronicLib
rary.java:85: error: cannot find symbol
          if (selected != null && !invUpIn.getStackInSlot(0).isEmpty() && 
invUpOut.getStackInSlot(0).isEmpty()) {
                                          ^
    symbol:   method getStackInSlot(int)
    location: variable invUpIn of type ItemHandlerSimple
  E:\GitHub\BuildCraft\src\main\java\buildcraft\builders\tile\TileElectronicLib
rary.java:85: error: cannot find symbol
          if (selected != null && !invUpIn.getStackInSlot(0).isEmpty() && 
invUpOut.getStackInSlot(0).isEmpty()) {
                                                                               
   ^
    symbol:   method getStackInSlot(int)
    location: variable invUpOut of type ItemHandlerSimple
  E:\GitHub\BuildCraft\src\main\java\buildcraft\builders\tile\TileReplacer.java
:64: error: cannot find symbol
          if (!invSnapshot.getStackInSlot(0).isEmpty()
                          ^
    symbol:   method getStackInSlot(int)
    location: variable invSnapshot of type ItemHandlerSimple
  E:\GitHub\BuildCraft\src\main\java\buildcraft\builders\tile\TileReplacer.java
:65: error: cannot find symbol
                  && !invSchematicFrom.getStackInSlot(0).isEmpty()
                                      ^
    symbol:   method getStackInSlot(int)
    location: variable invSchematicFrom of type ItemHandlerSimple
  E:\GitHub\BuildCraft\src\main\java\buildcraft\builders\tile\TileReplacer.java
:66: error: cannot find symbol
                  && !invSchematicTo.getStackInSlot(0).isEmpty()) {
                                    ^
    symbol:   method getStackInSlot(int)
    location: variable invSchematicTo of type ItemHandlerSimple
  E:\GitHub\BuildCraft\src\main\java\buildcraft\builders\tile\TileReplacer.java
:68: error: cannot find symbol
              Snapshot.Header header = 
ItemSnapshot.getHeader(invSnapshot.getStackInSlot(0));
                                                                         ^
    symbol:   method getStackInSlot(int)
    location: variable invSnapshot of type ItemHandlerSimple
  E:\GitHub\BuildCraft\src\main\java\buildcraft\builders\tile\TileReplacer.java
:74: error: cannot find symbol
                                  invSchematicFrom.getStackInSlot(0));
                                                  ^
    symbol:   method getStackInSlot(int)
    location: variable invSchematicFrom of type ItemHandlerSimple
  E:\GitHub\BuildCraft\src\main\java\buildcraft\builders\tile\TileReplacer.java
:76: error: cannot find symbol
                                  invSchematicTo.getStackInSlot(0));
                                                ^
    symbol:   method getStackInSlot(int)
    location: variable invSchematicTo of type ItemHandlerSimple
  E:\GitHub\BuildCraft\src\main\java\buildcraft\lib\tile\item\ItemHandlerSimple
.java:173: error: cannot find symbol
              tx.addCloseCallback((t, r) -> {
                ^
    symbol:   method addCloseCallback((t,r)->{ i[...]} } })
    location: variable tx of type TransactionContext
  E:\GitHub\BuildCraft\src\main\java\buildcraft\lib\tile\item\ItemHandlerSimple
.java:199: error: cannot find symbol
              tx.addCloseCallback((t, r) -> {
                ^
    symbol:   method addCloseCallback((t,r)->{ i[...]} } })
    location: variable tx of type TransactionContext
  E:\GitHub\BuildCraft\src\main\java\buildcraft\energy\tile\TileEngineFE.java:8
6: error: cannot find symbol
          for (int slot = 0; slot < upgrades.getSlots(); slot++) {
                                            ^
    symbol:   method getSlots()
    location: variable upgrades of type ItemHandlerSimple
  E:\GitHub\BuildCraft\src\main\java\buildcraft\energy\tile\TileEngineFE.java:8
7: error: cannot find symbol
              ItemStack stack = upgrades.getStackInSlot(slot);
                                        ^
    symbol:   method getStackInSlot(int)
    location: variable upgrades of type ItemHandlerSimple
  E:\GitHub\BuildCraft\src\main\java\buildcraft\energy\tile\TileDynamoMJ.java:1
12: error: cannot find symbol
          for (int slot = 0; slot < upgrades.getSlots(); slot++) {
                                            ^
    symbol:   method getSlots()
    location: variable upgrades of type ItemHandlerSimple
  E:\GitHub\BuildCraft\src\main\java\buildcraft\energy\tile\TileDynamoMJ.java:1
13: error: cannot find symbol
              ItemStack stack = upgrades.getStackInSlot(slot);
                                        ^
    symbol:   method getStackInSlot(int)
    location: variable upgrades of type ItemHandlerSimple
  E:\GitHub\BuildCraft\src\main\java\buildcraft\factory\tile\TileAutoWorkbenchB
ase.java:220: error: cannot find symbol
          int slotCount = invMaterialFilter.getSlots();
                                           ^
    symbol:   method getSlots()
    location: variable invMaterialFilter of type ItemHandlerSimple
  E:\GitHub\BuildCraft\src\main\java\buildcraft\factory\tile\TileAutoWorkbenchB
ase.java:231: error: cannot find symbol
          for (int s = 0; s < invBlueprint.getSlots(); s++) {
                                          ^
    symbol:   method getSlots()
    location: variable invBlueprint of type ItemHandlerSimple
  E:\GitHub\BuildCraft\src\main\java\buildcraft\factory\tile\TileAutoWorkbenchB
ase.java:232: error: cannot find symbol
              ItemStack bptStack = invBlueprint.getStackInSlot(s);
                                               ^
    symbol:   method getStackInSlot(int)
    location: variable invBlueprint of type ItemHandlerSimple
  
E:\GitHub\BuildCraft\src\main\java\buildcraft\factory\tile\TileChute.java:120: 
error: cannot find symbol
              for (int slot = 0; slot < inv.getSlots() && !remaining.isEmpty() 
&& count > 0; slot++) {
                                           ^
    symbol:   method getSlots()
    location: variable inv of type ItemHandlerSimple
  
E:\GitHub\BuildCraft\src\main\java\buildcraft\factory\tile\TileChute.java:122: 
error: cannot find symbol
                  remaining = inv.insertItem(slot, remaining, false);
                                 ^
    symbol:   method insertItem(int,ItemStack,boolean)
    location: variable inv of type ItemHandlerSimple
  
E:\GitHub\BuildCraft\src\main\java\buildcraft\factory\tile\TileChute.java:174: 
error: cannot find symbol
              for (int ourSlot = 0; ourSlot < inv.getSlots(); ourSlot++) {
                                                 ^
    symbol:   method getSlots()
    location: variable inv of type ItemHandlerSimple
  
E:\GitHub\BuildCraft\src\main\java\buildcraft\factory\tile\TileChute.java:175: 
error: cannot find symbol
                  ItemStack inSlot = inv.getStackInSlot(ourSlot);
                                        ^
    symbol:   method getStackInSlot(int)
    location: variable inv of type ItemHandlerSimple
  
E:\GitHub\BuildCraft\src\main\java\buildcraft\factory\tile\TileChute.java:181: 
error: cannot find symbol
                      inv.extractItem(ourSlot, inserted, false);
                         ^
    symbol:   method extractItem(int,int,boolean)
    location: variable inv of type ItemHandlerSimple
  E:\GitHub\BuildCraft\src\main\java\buildcraft\lib\tile\craft\WorkbenchCraftin
g.java:55: error: cannot find symbol
          if (invBlueprint.getSlots() < width * height) {
                          ^
    symbol:   method getSlots()
    location: variable invBlueprint of type ItemHandlerSimple
  E:\GitHub\BuildCraft\src\main\java\buildcraft\lib\tile\craft\WorkbenchCraftin
g.java:57: error: cannot find symbol
                  + (width * height) + ", got " + invBlueprint.getSlots() + 
")");
                                                              ^
    symbol:   method getSlots()
    location: variable invBlueprint of type ItemHandlerSimple
  E:\GitHub\BuildCraft\src\main\java\buildcraft\lib\tile\craft\WorkbenchCraftin
g.java:83: error: cannot find symbol
              items.add(invBlueprint.getStackInSlot(s));
                                    ^
    symbol:   method getStackInSlot(int)
    location: variable invBlueprint of type ItemHandlerSimple
  E:\GitHub\BuildCraft\src\main\java\buildcraft\lib\tile\craft\WorkbenchCraftin
g.java:135: error: cannot find symbol
              ItemStack req = invBlueprint.getStackInSlot(s);
                                          ^
    symbol:   method getStackInSlot(int)
    location: variable invBlueprint of type ItemHandlerSimple
  E:\GitHub\BuildCraft\src\main\java\buildcraft\lib\tile\craft\WorkbenchCraftin
g.java:160: error: cannot find symbol
              ItemStack bpt = invBlueprint.getStackInSlot(s);
                                          ^
    symbol:   method getStackInSlot(int)
    location: variable invBlueprint of type ItemHandlerSimple
  E:\GitHub\BuildCraft\src\main\java\buildcraft\factory\container\ContainerAuto
CraftItems.java:129: error: cannot find symbol
          for (int i = 0; i < tile.invMaterials.getSlots(); i++) {
                                               ^
    symbol:   method getSlots()
    location: variable invMaterials of type ItemHandlerSimple
  E:\GitHub\BuildCraft\src\main\java\buildcraft\factory\container\ContainerAuto
CraftItems.java:130: error: cannot find symbol
              contents.accountStack(tile.invMaterials.getStackInSlot(i));
                                                     ^
    symbol:   method getStackInSlot(int)
    location: variable invMaterials of type ItemHandlerSimple
  E:\GitHub\BuildCraft\src\main\java\buildcraft\factory\client\gui\GuiAutoCraft
Items.java:121: error: cannot find symbol
              for (int s = 0; s < filters.getSlots(); s++) {
                                         ^
    symbol:   method getSlots()
    location: variable filters of type ItemHandlerSimple
  E:\GitHub\BuildCraft\src\main\java\buildcraft\factory\client\gui\GuiAutoCraft
Items.java:122: error: cannot find symbol
                  ItemStack filterStack = filters.getStackInSlot(s);
                                                 ^
    symbol:   method getStackInSlot(int)
    location: variable filters of type ItemHandlerSimple
  E:\GitHub\BuildCraft\src\main\java\buildcraft\factory\client\gui\GuiAutoCraft
Items.java:133: error: cannot find symbol
              for (int s = 0; s < filters.getSlots(); s++) {
                                         ^
    symbol:   method getSlots()
    location: variable filters of type ItemHandlerSimple
  E:\GitHub\BuildCraft\src\main\java\buildcraft\factory\client\gui\GuiAutoCraft
Items.java:134: error: cannot find symbol
                  ItemStack filterStack = filters.getStackInSlot(s);
                                                 ^
    symbol:   method getStackInSlot(int)
    location: variable filters of type ItemHandlerSimple
  E:\GitHub\BuildCraft\src\main\java\buildcraft\factory\client\gui\GuiAutoCraft
Items.java:155: error: cannot find symbol
          for (int s = 0; s < filters.getSlots(); s++) {
                                     ^
    symbol:   method getSlots()
    location: variable filters of type ItemHandlerSimple
  E:\GitHub\BuildCraft\src\main\java\buildcraft\factory\client\gui\GuiAutoCraft
Items.java:156: error: cannot find symbol
              if (!filters.getStackInSlot(s).isEmpty()) {
                          ^
    symbol:   method getStackInSlot(int)
    location: variable filters of type ItemHandlerSimple
  E:\GitHub\BuildCraft\src\main\java\buildcraft\lib\misc\CraftingUtil.java:71: 
error: cannot find symbol
          for (int i = 0; i < blueprint.getSlots(); i++) {
                                       ^
    symbol:   method getSlots()
    location: variable blueprint of type ItemHandlerSimple
  E:\GitHub\BuildCraft\src\main\java\buildcraft\lib\tile\item\ItemHandlerFilter
ed.java:22: error: cannot find symbol
              ItemStack inSlot = filter.getStackInSlot(slot);
                                       ^
    symbol:   method getStackInSlot(int)
    location: variable filter of type ItemHandlerSimple
  E:\GitHub\BuildCraft\src\main\java\buildcraft\lib\tile\item\ItemHandlerFilter
ed.java:42: error: cannot find symbol
          ItemStack current = getStackInSlot(slot);
                              ^
    symbol:   method getStackInSlot(int)
    location: class ItemHandlerFiltered
  E:\GitHub\BuildCraft\src\main\java\buildcraft\lib\tile\item\ItemHandlerFilter
ed.java:46: error: cannot find symbol
          return filter.getStackInSlot(slot);
                       ^
    symbol:   method getStackInSlot(int)
    location: variable filter of type ItemHandlerSimple
  E:\GitHub\BuildCraft\src\main\java\buildcraft\silicon\tile\TileLaserTableBase
.java:133: error: cannot find symbol
              for (int i = 0; i < inv.getSlots() && remaining > 0; i++) {
                                     ^
    symbol:   method getSlots()
    location: variable inv of type ItemHandlerSimple
  E:\GitHub\BuildCraft\src\main\java\buildcraft\silicon\tile\TileLaserTableBase
.java:134: error: cannot find symbol
                  ItemStack slotStack = inv.getStackInSlot(i);
                                           ^
    symbol:   method getStackInSlot(int)
    location: variable inv of type ItemHandlerSimple
  E:\GitHub\BuildCraft\src\main\java\buildcraft\silicon\tile\TileIntegrationTab
le.java:54: error: cannot find symbol
          ItemStack targetStack = invTarget.getStackInSlot(0);
                                           ^
    symbol:   method getStackInSlot(int)
    location: variable invTarget of type ItemHandlerSimple
  E:\GitHub\BuildCraft\src\main\java\buildcraft\silicon\tile\TileIntegrationTab
le.java:68: error: cannot find symbol
          ItemStack output = invResult.getStackInSlot(0);
                                      ^
    symbol:   method getStackInSlot(int)
    location: variable invResult of type ItemHandlerSimple
  E:\GitHub\BuildCraft\src\main\java\buildcraft\silicon\tile\TileIntegrationTab
le.java:78: error: cannot find symbol
          recipe = 
IntegrationRecipeRegistry.INSTANCE.getRecipeFor(invTarget.getStackInSlot(0), 
invToIntegrate.stacks);
                                                                            ^
    symbol:   method getStackInSlot(int)
    location: variable invTarget of type ItemHandlerSimple
  E:\GitHub\BuildCraft\src\main\java\buildcraft\silicon\tile\TileIntegrationTab
le.java:82: error: cannot find symbol
          return recipe != null ? 
recipe.getOutput(invTarget.getStackInSlot(0), invToIntegrate.stacks) : 
ItemStack.EMPTY;
                                                            ^
    symbol:   method getStackInSlot(int)
    location: variable invTarget of type ItemHandlerSimple
  E:\GitHub\BuildCraft\src\main\java\buildcraft\silicon\tile\TileIntegrationTab
le.java:100: error: cannot find symbol
              ItemStack result = invResult.getStackInSlot(0);
                                          ^
    symbol:   method getStackInSlot(int)
    location: variable invResult of type ItemHandlerSimple
  E:\GitHub\BuildCraft\src\main\java\buildcraft\silicon\container\ContainerAdva
ncedCraftingTable.java:113: error: cannot find symbol
          for (int i = 0; i < tile.invMaterials.getSlots(); i++) {
                                               ^
    symbol:   method getSlots()
    location: variable invMaterials of type ItemHandlerSimple
  E:\GitHub\BuildCraft\src\main\java\buildcraft\silicon\container\ContainerAdva
ncedCraftingTable.java:114: error: cannot find symbol
              contents.accountStack(tile.invMaterials.getStackInSlot(i));
                                                     ^
    symbol:   method getStackInSlot(int)
    location: variable invMaterials of type ItemHandlerSimple
  E:\GitHub\BuildCraft\src\main\java\buildcraft\transport\pipe\behaviour\PipeBe
haviourWoodDiamond.java:58: error: cannot find symbol
          currentFilter = nbt.getByteOr("currentFilter", (byte) 0) % 
filters.getSlots();
                                                                            ^
    symbol:   method getSlots()
    location: variable filters of type ItemHandlerSimple
  E:\GitHub\BuildCraft\src\main\java\buildcraft\transport\pipe\behaviour\PipeBe
haviourWoodDiamond.java:83: error: cannot find symbol
          currentFilter = buffer.readUnsignedByte() % filters.getSlots();
                                                             ^
    symbol:   method getSlots()
    location: variable filters of type ItemHandlerSimple
  E:\GitHub\BuildCraft\src\main\java\buildcraft\transport\pipe\behaviour\PipeBe
haviourWoodDiamond.java:126: error: cannot find symbol
                      for (int i = 0; i < filters.getSlots(); i++) {
                                                 ^
    symbol:   method getSlots()
    location: variable filters of type ItemHandlerSimple
  E:\GitHub\BuildCraft\src\main\java\buildcraft\transport\pipe\behaviour\PipeBe
haviourWoodDiamond.java:127: error: cannot find symbol
                          ItemStack filter = filters.getStackInSlot(i);
                                                    ^
    symbol:   method getStackInSlot(int)
    location: variable filters of type ItemHandlerSimple
  E:\GitHub\BuildCraft\src\main\java\buildcraft\transport\pipe\behaviour\PipeBe
haviourWoodDiamond.java:136: error: cannot find symbol
                      for (int i = 0; i < filters.getSlots(); i++) {
                                                 ^
    symbol:   method getSlots()
    location: variable filters of type ItemHandlerSimple
  E:\GitHub\BuildCraft\src\main\java\buildcraft\transport\pipe\behaviour\PipeBe
haviourWoodDiamond.java:137: error: cannot find symbol
                          ItemStack filter = filters.getStackInSlot(i);
3 actionable tasks: 2 executed, 1 up-to-date
                                                    ^
    symbol:   method getStackInSlot(int)
    location: variable filters of type ItemHandlerSimple
  E:\GitHub\BuildCraft\src\main\java\buildcraft\transport\pipe\behaviour\PipeBe
haviourWoodDiamond.java:146: error: cannot find symbol
                      ItemStack filter = filters.getStackInSlot(currentFilter);
                                                ^
    symbol:   method getStackInSlot(int)
    location: variable filters of type ItemHandlerSimple
  E:\GitHub\BuildCraft\src\main\java\buildcraft\transport\pipe\behaviour\PipeBe
haviourWoodDiamond.java:154: error: cannot find symbol
          if (filters.getStackInSlot(currentFilter).isEmpty()) {
                     ^
    symbol:   method getStackInSlot(int)
    location: variable filters of type ItemHandlerSimple
  E:\GitHub\BuildCraft\src\main\java\buildcraft\transport\pipe\behaviour\PipeBe
haviourWoodDiamond.java:169: error: cannot find symbol
              if (currentFilter >= filters.getSlots()) {
                                          ^
    symbol:   method getSlots()
    location: variable filters of type ItemHandlerSimple
  E:\GitHub\BuildCraft\src\main\java\buildcraft\transport\pipe\behaviour\PipeBe
haviourWoodDiamond.java:172: error: cannot find symbol
              if (!filters.getStackInSlot(currentFilter).isEmpty()) {
                          ^
    symbol:   method getStackInSlot(int)
    location: variable filters of type ItemHandlerSimple
  E:\GitHub\BuildCraft\src\main\java\buildcraft\transport\pipe\behaviour\PipeBe
haviourWoodDiamond.java:186: error: cannot find symbol
          for (int i = 0; i < filters.getSlots(); i++) {
                                     ^
    symbol:   method getSlots()
    location: variable filters of type ItemHandlerSimple
  E:\GitHub\BuildCraft\src\main\java\buildcraft\transport\pipe\behaviour\PipeBe
haviourWoodDiamond.java:187: error: cannot find symbol
              if (!filters.getStackInSlot(i).isEmpty()) return true;
                          ^
    symbol:   method getStackInSlot(int)
    location: variable filters of type ItemHandlerSimple
  E:\GitHub\BuildCraft\src\main\java\buildcraft\transport\pipe\behaviour\PipeBe
haviourEmzuli.java:170: error: cannot find symbol
          ItemStack current = invFilters.getStackInSlot(currentSlot.ordinal());
                                        ^
    symbol:   method getStackInSlot(int)
    location: variable invFilters of type ItemHandlerSimple
  E:\GitHub\BuildCraft\src\main\java\buildcraft\transport\pipe\behaviour\PipeBe
haviourEmzuli.java:201: error: cannot find symbol
              if (activeSlots.contains(current) && 
!invFilters.getStackInSlot(current.ordinal()).isEmpty()) {
                                                              ^
    symbol:   method getStackInSlot(int)
    location: variable invFilters of type ItemHandlerSimple
  E:\GitHub\BuildCraft\src\main\java\buildcraft\transport\pipe\behaviour\PipeBe
haviourEmzuli.java:240: error: cannot find symbol
          for (int i = 0; i < invFilters.getSlots(); i++) {
                                        ^
    symbol:   method getSlots()
    location: variable invFilters of type ItemHandlerSimple
  E:\GitHub\BuildCraft\src\main\java\buildcraft\transport\pipe\behaviour\PipeBe
haviourEmzuli.java:241: error: cannot find symbol
              ItemStack stack = invFilters.getStackInSlot(i);
                                          ^
    symbol:   method getStackInSlot(int)
    location: variable invFilters of type ItemHandlerSimple
  E:\GitHub\BuildCraft\src\main\java\buildcraft\transport\pipe\behaviour\PipeBe
haviourDiamondFluid.java:38: error: cannot find symbol
                      ItemStack compareTo = filters.getStackInSlot(offset + i);
                                                   ^
    symbol:   method getStackInSlot(int)
    location: variable filters of type ItemHandlerSimple
  E:\GitHub\BuildCraft\src\main\java\buildcraft\transport\pipe\behaviour\PipeBe
haviourDiamondItem.java:41: error: cannot find symbol
                      ItemStack compareTo = filters.getStackInSlot(offset + i);
                                                   ^
    symbol:   method getStackInSlot(int)
    location: variable filters of type ItemHandlerSimple
  E:\GitHub\BuildCraft\src\main\java\buildcraft\transport\pipe\behaviour\PipeBe
haviourDiamondItem.java:78: error: cannot find symbol
                      ItemStack compareTo = filters.getStackInSlot(offset + i);
                                                   ^
    symbol:   method getStackInSlot(int)
    location: variable filters of type ItemHandlerSimple
  81 errors
  98 warnings

* Try:
> Check your code and dependencies to fix the compilation error(s)
> Run with --scan to get full insights from a Build Scan (powered by 
Develocity).

BUILD FAILED in 17s
