To honour the JVM settings for this build a single-use Daemon process will be forked. For more on this, please refer to https://docs.gradle.org/9.3.1/userguide/gradle_daemon.html#sec:disabling_the_daemon in the Gradle documentation.
Daemon will be stopped at the end of the build 
> Task :createMinecraftArtifacts UP-TO-DATE

> Task :compileJava
.\gradlew.bat : E:\GitHub\BuildCraft\src\main\java\buildcraft\api\robots\Dockin
gStation.java:205: error: cannot find symbol
At line:1 char:1
+ .\gradlew.bat compileJava > errors.txt 2>&1 ; Select-String "error:"  ...
+ ~~~~~~~~~~~~~~~~~~~~~~~~~~~~~~~~~~~~~~~~~~~
    + CategoryInfo          : NotSpecified: (E:\GitHub\Build...not find symbol 
   :String) [], RemoteException
    + FullyQualifiedErrorId : NativeCommandError
 
    public ResourceHandler<FluidResource> getFluidOutput() {
           ^
  symbol:   class ResourceHandler
  location: class DockingStation
E:\GitHub\BuildCraft\src\main\java\buildcraft\api\robots\DockingStation.java:20
5: error: cannot find symbol
    public ResourceHandler<FluidResource> getFluidOutput() {
                           ^
  symbol:   class FluidResource
  location: class DockingStation
E:\GitHub\BuildCraft\src\main\java\buildcraft\api\robots\DockingStation.java:21
3: error: cannot find symbol
    public ResourceHandler<FluidResource> getFluidInput() {
           ^
  symbol:   class ResourceHandler
  location: class DockingStation
E:\GitHub\BuildCraft\src\main\java\buildcraft\api\robots\DockingStation.java:21
3: error: cannot find symbol
    public ResourceHandler<FluidResource> getFluidInput() {
                           ^
  symbol:   class FluidResource
  location: class DockingStation
E:\GitHub\BuildCraft\src\main\java\buildcraft\lib\tile\TileBC_Neptune.java:39: 
warning: [removal] IItemHandlerModifiable in net.neoforged.neoforge.items has 
been deprecated and marked for removal
        (handler, slot, before, after) -> this.setChanged()
         ^
E:\GitHub\BuildCraft\src\main\java\buildcraft\builders\tile\TileBuilder.java:90
: warning: [removal] IFluidHandler in net.neoforged.neoforge.fluids.capability 
has been deprecated and marked for removal
    private final IFluidHandler stubFluidHandler = new IFluidHandler() {
                  ^
E:\GitHub\BuildCraft\src\main\java\buildcraft\builders\tile\TileBuilder.java:90
: warning: [removal] IFluidHandler in net.neoforged.neoforge.fluids.capability 
has been deprecated and marked for removal
    private final IFluidHandler stubFluidHandler = new IFluidHandler() {
                                                       ^
E:\GitHub\BuildCraft\src\main\java\buildcraft\builders\tile\TileBuilder.java:97
: warning: [removal] drain(int,FluidAction) in IFluidHandler has been 
deprecated and marked for removal
        @Override public FluidStack drain(int maxDrain, FluidAction action) { 
return FluidStack.EMPTY; }
                                    ^
E:\GitHub\BuildCraft\src\main\java\buildcraft\builders\tile\TileBuilder.java:96
: warning: [removal] drain(FluidStack,FluidAction) in IFluidHandler has been 
deprecated and marked for removal
        @Override public FluidStack drain(FluidStack resource, FluidAction 
action) { return FluidStack.EMPTY; }
                                    ^
E:\GitHub\BuildCraft\src\main\java\buildcraft\builders\tile\TileBuilder.java:95
: warning: [removal] fill(FluidStack,FluidAction) in IFluidHandler has been 
deprecated and marked for removal
        @Override public int fill(FluidStack resource, FluidAction action) { 
return 0; }
                             ^
E:\GitHub\BuildCraft\src\main\java\buildcraft\builders\tile\TileBuilder.java:94
: warning: [removal] isFluidValid(int,FluidStack) in IFluidHandler has been 
deprecated and marked for removal
        @Override public boolean isFluidValid(int tank, FluidStack stack) { 
return false; }
                                 ^
E:\GitHub\BuildCraft\src\main\java\buildcraft\builders\tile\TileBuilder.java:93
: warning: [removal] getTankCapacity(int) in IFluidHandler has been deprecated 
and marked for removal
        @Override public int getTankCapacity(int tank) { return 0; }
                             ^
E:\GitHub\BuildCraft\src\main\java\buildcraft\builders\tile\TileBuilder.java:92
: warning: [removal] getFluidInTank(int) in IFluidHandler has been deprecated 
and marked for removal
        @Override public FluidStack getFluidInTank(int tank) { return 
FluidStack.EMPTY; }
                                    ^
E:\GitHub\BuildCraft\src\main\java\buildcraft\builders\tile\TileBuilder.java:91
: warning: [removal] getTanks() in IFluidHandler has been deprecated and 
marked for removal
        @Override public int getTanks() { return 0; }
                             ^
E:\GitHub\BuildCraft\src\main\java\buildcraft\builders\tile\TileBuilder.java:34
6: warning: [removal] IFluidHandler in 
net.neoforged.neoforge.fluids.capability has been deprecated and marked for 
removal
    public IFluidHandler getTankManager() {
           ^
E:\GitHub\BuildCraft\src\main\java\buildcraft\builders\snapshot\ITileForBluepri
ntBuilder.java:18: warning: [removal] IFluidHandler in 
net.neoforged.neoforge.fluids.capability has been deprecated and marked for 
removal
    IFluidHandler getTankManager();
    ^
E:\GitHub\BuildCraft\src\main\java\buildcraft\lib\tile\item\ItemHandlerSimple.j
ava:216: error: incompatible types: ItemHandlerSimple cannot be converted to 
IItemHandlerModifiable
                callback.onStackChange(this, index, current, result.toSet);
                                       ^
E:\GitHub\BuildCraft\src\main\java\buildcraft\lib\tile\item\ItemHandlerSimple.j
ava:238: error: cannot find symbol
            setStackInternal(index, finalAfter);
                                    ^
  symbol:   variable finalAfter
  location: class ItemHandlerSimple
E:\GitHub\BuildCraft\src\main\java\buildcraft\lib\tile\item\ItemHandlerSimple.j
ava:240: error: cannot find symbol
                callback.onStackChange(this, index, before, finalAfter);
                                                            ^
  symbol:   variable finalAfter
  location: class ItemHandlerSimple
E:\GitHub\BuildCraft\src\main\java\buildcraft\lib\tile\item\ItemHandlerSimple.j
ava:253: error: incompatible types: ItemHandlerSimple cannot be converted to 
IItemHandlerModifiable
            callback.onStackChange(this, slot, before, asValid(stack));
                                   ^
E:\GitHub\BuildCraft\src\main\java\buildcraft\lib\tile\item\StackChangeCallback
.java:19: warning: [removal] IItemHandlerModifiable in 
net.neoforged.neoforge.items has been deprecated and marked for removal
    void onStackChange(IItemHandlerModifiable itemHandler, int slot, @Nonnull 
ItemStack before, @Nonnull ItemStack after);
                       ^
E:\GitHub\BuildCraft\src\main\java\buildcraft\builders\snapshot\BlueprintBuilde
r.java:103: warning: [removal] FluidUtil in net.neoforged.neoforge.fluids has 
been deprecated and marked for removal
                    ItemStack bucket = 
net.neoforged.neoforge.fluids.FluidUtil.getFilledBucket(fluidStack);
                                                                    ^
E:\GitHub\BuildCraft\src\main\java\buildcraft\builders\snapshot\BlueprintBuilde
r.java:103: warning: [removal] getFilledBucket(FluidStack) in FluidUtil has 
been deprecated and marked for removal
                    ItemStack bucket = 
net.neoforged.neoforge.fluids.FluidUtil.getFilledBucket(fluidStack);
                                                                              ^
E:\GitHub\BuildCraft\src\main\java\buildcraft\builders\snapshot\BlueprintBuilde
r.java:125: warning: [removal] IFluidHandler in 
net.neoforged.neoforge.fluids.capability has been deprecated and marked for 
removal
                            FluidUtilBC.areFluidStackEqual(stack, 
tile.getTankManager().drain(stack, 
net.neoforged.neoforge.fluids.capability.IFluidHandler.FluidAction.SIMULATE))
                                                                               
                                                              ^
E:\GitHub\BuildCraft\src\main\java\buildcraft\builders\snapshot\BlueprintBuilde
r.java:125: warning: [removal] drain(FluidStack,FluidAction) in IFluidHandler 
has been deprecated and marked for removal
                            FluidUtilBC.areFluidStackEqual(stack, 
tile.getTankManager().drain(stack, 
net.neoforged.neoforge.fluids.capability.IFluidHandler.FluidAction.SIMULATE))
                                                                               
        ^
E:\GitHub\BuildCraft\src\main\java\buildcraft\builders\snapshot\BlueprintBuilde
r.java:142: warning: [removal] IFluidHandler in 
net.neoforged.neoforge.fluids.capability has been deprecated and marked for 
removal
                                .map(fluidStack -> 
tile.getTankManager().drain(fluidStack, simulate ? 
net.neoforged.neoforge.fluids.capability.IFluidHandler.FluidAction.SIMULATE : 
net.neoforged.neoforge.fluids.capability.IFluidHandler.FluidAction.EXECUTE))
                                                                               
                                                               ^
E:\GitHub\BuildCraft\src\main\java\buildcraft\builders\snapshot\BlueprintBuilde
r.java:142: warning: [removal] IFluidHandler in 
net.neoforged.neoforge.fluids.capability has been deprecated and marked for 
removal
                                .map(fluidStack -> 
tile.getTankManager().drain(fluidStack, simulate ? 
net.neoforged.neoforge.fluids.capability.IFluidHandler.FluidAction.SIMULATE : 
net.neoforged.neoforge.fluids.capability.IFluidHandler.FluidAction.EXECUTE))
                                                                               
                                                                               
                                                              ^
E:\GitHub\BuildCraft\src\main\java\buildcraft\builders\snapshot\BlueprintBuilde
r.java:142: warning: [removal] drain(FluidStack,FluidAction) in IFluidHandler 
has been deprecated and marked for removal
                                .map(fluidStack -> 
tile.getTankManager().drain(fluidStack, simulate ? 
net.neoforged.neoforge.fluids.capability.IFluidHandler.FluidAction.SIMULATE : 
net.neoforged.neoforge.fluids.capability.IFluidHandler.FluidAction.EXECUTE))
                                                                        ^
E:\GitHub\BuildCraft\src\main\java\buildcraft\builders\snapshot\BlueprintBuilde
r.java:144: warning: [removal] FluidUtil in net.neoforged.neoforge.fluids has 
been deprecated and marked for removal
                                    ItemStack stack = 
net.neoforged.neoforge.fluids.FluidUtil.getFilledBucket(fluidStack);
                                                                               
    ^
E:\GitHub\BuildCraft\src\main\java\buildcraft\builders\snapshot\BlueprintBuilde
r.java:144: warning: [removal] getFilledBucket(FluidStack) in FluidUtil has 
been deprecated and marked for removal
                                    ItemStack stack = 
net.neoforged.neoforge.fluids.FluidUtil.getFilledBucket(fluidStack);
                                                                               
              ^
E:\GitHub\BuildCraft\src\main\java\buildcraft\builders\snapshot\BlueprintBuilde
r.java:232: warning: [removal] IFluidHandler in 
net.neoforged.neoforge.fluids.capability has been deprecated and marked for 
removal
            .forEach(fluidStack -> tile.getTankManager().fill(fluidStack, 
net.neoforged.neoforge.fluids.capability.IFluidHandler.FluidAction.EXECUTE));
                                                                               
                                   ^
E:\GitHub\BuildCraft\src\main\java\buildcraft\builders\snapshot\BlueprintBuilde
r.java:232: warning: [removal] fill(FluidStack,FluidAction) in IFluidHandler 
has been deprecated and marked for removal
            .forEach(fluidStack -> tile.getTankManager().fill(fluidStack, 
net.neoforged.neoforge.fluids.capability.IFluidHandler.FluidAction.EXECUTE));
                                                        ^
E:\GitHub\BuildCraft\src\main\java\buildcraft\builders\BCBuildersBlocks.java:23
: warning: [removal] <B>registerBlock(String,Function<Properties,? extends 
B>,Properties) in Blocks has been deprecated and marked for removal
    public static final DeferredBlock<BlockFrame> FRAME = BLOCKS.registerBlock(
                                                                ^
  where B is a type-variable:
    B extends Block declared in method 
<B>registerBlock(String,Function<Properties,? extends B>,Properties)
E:\GitHub\BuildCraft\src\main\java\buildcraft\builders\BCBuildersBlocks.java:27
: warning: [removal] <B>registerBlock(String,Function<Properties,? extends 
B>,Properties) in Blocks has been deprecated and marked for removal
    public static final DeferredBlock<BlockFiller> FILLER = 
BLOCKS.registerBlock(
                                                                  ^
  where B is a type-variable:
    B extends Block declared in method 
<B>registerBlock(String,Function<Properties,? extends B>,Properties)
E:\GitHub\BuildCraft\src\main\java\buildcraft\builders\BCBuildersBlocks.java:31
: warning: [removal] <B>registerBlock(String,Function<Properties,? extends 
B>,Properties) in Blocks has been deprecated and marked for removal
    public static final DeferredBlock<BlockBuilder> BUILDER = 
BLOCKS.registerBlock(
                                                                    ^
  where B is a type-variable:
    B extends Block declared in method 
<B>registerBlock(String,Function<Properties,? extends B>,Properties)
E:\GitHub\BuildCraft\src\main\java\buildcraft\builders\BCBuildersBlocks.java:35
: warning: [removal] <B>registerBlock(String,Function<Properties,? extends 
B>,Properties) in Blocks has been deprecated and marked for removal
    public static final DeferredBlock<BlockArchitectTable> ARCHITECT = 
BLOCKS.registerBlock(
                                                                             ^
  where B is a type-variable:
    B extends Block declared in method 
<B>registerBlock(String,Function<Properties,? extends B>,Properties)
E:\GitHub\BuildCraft\src\main\java\buildcraft\builders\BCBuildersBlocks.java:39
: warning: [removal] <B>registerBlock(String,Function<Properties,? extends 
B>,Properties) in Blocks has been deprecated and marked for removal
    public static final DeferredBlock<BlockElectronicLibrary> LIBRARY = 
BLOCKS.registerBlock(
                                                                              ^
  where B is a type-variable:
    B extends Block declared in method 
<B>registerBlock(String,Function<Properties,? extends B>,Properties)
E:\GitHub\BuildCraft\src\main\java\buildcraft\builders\BCBuildersBlocks.java:43
: warning: [removal] <B>registerBlock(String,Function<Properties,? extends 
B>,Properties) in Blocks has been deprecated and marked for removal
    public static final DeferredBlock<BlockReplacer> REPLACER = 
BLOCKS.registerBlock(
                                                                      ^
  where B is a type-variable:
    B extends Block declared in method 
<B>registerBlock(String,Function<Properties,? extends B>,Properties)
E:\GitHub\BuildCraft\src\main\java\buildcraft\builders\BCBuildersBlocks.java:47
: warning: [removal] <B>registerBlock(String,Function<Properties,? extends 
B>,Properties) in Blocks has been deprecated and marked for removal
    public static final DeferredBlock<BlockQuarry> QUARRY = 
BLOCKS.registerBlock(
                                                                  ^
  where B is a type-variable:
    B extends Block declared in method 
<B>registerBlock(String,Function<Properties,? extends B>,Properties)
E:\GitHub\BuildCraft\src\main\java\buildcraft\lib\expression\api\IExpressionNod
e.java:40: warning: [dep-ann] deprecated item is not annotated with @Deprecated
        default double getAsDouble() {
                       ^
E:\GitHub\BuildCraft\src\main\java\buildcraft\lib\expression\api\IExpressionNod
e.java:61: warning: [dep-ann] deprecated item is not annotated with @Deprecated
        default long getAsLong() {
                     ^
E:\GitHub\BuildCraft\src\main\java\buildcraft\lib\expression\api\IExpressionNod
e.java:67: warning: [dep-ann] deprecated item is not annotated with @Deprecated
        default int getAsInt() {
                    ^
E:\GitHub\BuildCraft\src\main\java\buildcraft\lib\expression\api\IExpressionNod
e.java:88: warning: [dep-ann] deprecated item is not annotated with @Deprecated
        default boolean getAsBoolean() {
                        ^
E:\GitHub\BuildCraft\src\main\java\buildcraft\lib\expression\api\IExpressionNod
e.java:111: warning: [dep-ann] deprecated item is not annotated with 
@Deprecated
        default T get() {
                  ^
E:\GitHub\BuildCraft\src\main\java\buildcraft\core\BCCoreBlocks.java:18: 
warning: [removal] <B>registerBlock(String,Function<Properties,? extends 
B>,Properties) in Blocks has been deprecated and marked for removal
    public static final DeferredBlock<BlockSpring> SPRING_WATER = 
BLOCKS.registerBlock("spring_water",
                                                                        ^
  where B is a type-variable:
    B extends Block declared in method 
<B>registerBlock(String,Function<Properties,? extends B>,Properties)
E:\GitHub\BuildCraft\src\main\java\buildcraft\core\BCCoreBlocks.java:21: 
warning: [removal] <B>registerBlock(String,Function<Properties,? extends 
B>,Properties) in Blocks has been deprecated and marked for removal
    public static final DeferredBlock<BlockSpring> SPRING_OIL = 
BLOCKS.registerBlock("spring_oil",
                                                                      ^
  where B is a type-variable:
    B extends Block declared in method 
<B>registerBlock(String,Function<Properties,? extends B>,Properties)
E:\GitHub\BuildCraft\src\main\java\buildcraft\core\BCCoreBlocks.java:25: 
warning: [removal] registerSimpleBlock(String,Properties) in Blocks has been 
deprecated and marked for removal
    public static final DeferredBlock<Block> DECORATED_DESTROY = 
BLOCKS.registerSimpleBlock(
                                                                       ^
E:\GitHub\BuildCraft\src\main\java\buildcraft\core\BCCoreBlocks.java:28: 
warning: [removal] registerSimpleBlock(String,Properties) in Blocks has been 
deprecated and marked for removal
    public static final DeferredBlock<Block> DECORATED_BLUEPRINT = 
BLOCKS.registerSimpleBlock(
                                                                         ^
E:\GitHub\BuildCraft\src\main\java\buildcraft\core\BCCoreBlocks.java:31: 
warning: [removal] registerSimpleBlock(String,Properties) in Blocks has been 
deprecated and marked for removal
    public static final DeferredBlock<Block> DECORATED_TEMPLATE = 
BLOCKS.registerSimpleBlock(
                                                                        ^
E:\GitHub\BuildCraft\src\main\java\buildcraft\core\BCCoreBlocks.java:34: 
warning: [removal] registerSimpleBlock(String,Properties) in Blocks has been 
deprecated and marked for removal
    public static final DeferredBlock<Block> DECORATED_PAPER = 
BLOCKS.registerSimpleBlock(
                                                                     ^
E:\GitHub\BuildCraft\src\main\java\buildcraft\core\BCCoreBlocks.java:37: 
warning: [removal] registerSimpleBlock(String,Properties) in Blocks has been 
deprecated and marked for removal
    public static final DeferredBlock<Block> DECORATED_LEATHER = 
BLOCKS.registerSimpleBlock(
                                                                       ^
E:\GitHub\BuildCraft\src\main\java\buildcraft\core\BCCoreBlocks.java:40: 
warning: [removal] registerSimpleBlock(String,Properties) in Blocks has been 
deprecated and marked for removal
    public static final DeferredBlock<Block> DECORATED_LASER = 
BLOCKS.registerSimpleBlock(
                                                                     ^
E:\GitHub\BuildCraft\src\main\java\buildcraft\core\BCCoreBlocks.java:43: 
warning: [removal] <B>registerBlock(String,Function<Properties,? extends 
B>,Properties) in Blocks has been deprecated and marked for removal
    public static final DeferredBlock<buildcraft.core.block.BlockMarkerVolume> 
MARKER_VOLUME = BLOCKS.registerBlock(
                                                                               
                      ^
  where B is a type-variable:
    B extends Block declared in method 
<B>registerBlock(String,Function<Properties,? extends B>,Properties)
E:\GitHub\BuildCraft\src\main\java\buildcraft\core\BCCoreBlocks.java:47: 
warning: [removal] <B>registerBlock(String,Function<Properties,? extends 
B>,Properties) in Blocks has been deprecated and marked for removal
    public static final DeferredBlock<BlockMarkerPath> MARKER_PATH = 
BLOCKS.registerBlock(
                                                                           ^
  where B is a type-variable:
    B extends Block declared in method 
<B>registerBlock(String,Function<Properties,? extends B>,Properties)
E:\GitHub\BuildCraft\src\main\java\buildcraft\core\BCCoreBlocks.java:51: 
warning: [removal] <B>registerBlock(String,Function<Properties,? extends 
B>,Properties) in Blocks has been deprecated and marked for removal
    public static final DeferredBlock<BlockEngineRedstone_BC8> ENGINE_REDSTONE 
= BLOCKS.registerBlock(
                                                                               
        ^
  where B is a type-variable:
    B extends Block declared in method 
<B>registerBlock(String,Function<Properties,? extends B>,Properties)
E:\GitHub\BuildCraft\src\main\java\buildcraft\core\BCCoreBlocks.java:55: 
warning: [removal] <B>registerBlock(String,Function<Properties,? extends 
B>,Properties) in Blocks has been deprecated and marked for removal
    public static final DeferredBlock<BlockEngineCreative> ENGINE_CREATIVE = 
BLOCKS.registerBlock(
                                                                               
    ^
  where B is a type-variable:
    B extends Block declared in method 
<B>registerBlock(String,Function<Properties,? extends B>,Properties)
E:\GitHub\BuildCraft\src\main\java\buildcraft\core\statements\TriggerInventory.
java:56: warning: [removal] IItemHandler in net.neoforged.neoforge.items has 
been deprecated and marked for removal
        if (!(tile instanceof IItemHandler handler)) {
                              ^
E:\GitHub\BuildCraft\src\main\java\buildcraft\core\statements\TriggerInventory.
java:69: warning: [removal] getSlots() in IItemHandler has been deprecated and 
marked for removal
        for (int i = 0; i < handler.getSlots(); i++) {
                                   ^
E:\GitHub\BuildCraft\src\main\java\buildcraft\core\statements\TriggerInventory.
java:71: warning: [removal] getStackInSlot(int) in IItemHandler has been 
deprecated and marked for removal
            ItemStack stack = handler.getStackInSlot(i);
                                     ^
E:\GitHub\BuildCraft\src\main\java\buildcraft\core\statements\TriggerInventory.
java:76: warning: [removal] insertItem(int,ItemStack,boolean) in IItemHandler 
has been deprecated and marked for removal
                && (searchedStack.isEmpty() || searchedStack.getItem() 
instanceof IList || handler.insertItem(i, searchedStack, true).isEmpty());
                                                                               
                   ^
E:\GitHub\BuildCraft\src\main\java\buildcraft\core\statements\TriggerInventoryL
evel.java:56: warning: [removal] IItemHandler in net.neoforged.neoforge.items 
has been deprecated and marked for removal
        if (!(tile instanceof IItemHandler itemHandler)) {
                              ^
E:\GitHub\BuildCraft\src\main\java\buildcraft\core\statements\TriggerInventoryL
evel.java:65: warning: [removal] getSlots() in IItemHandler has been 
deprecated and marked for removal
        for (int slot = 0; slot < itemHandler.getSlots(); slot++) {
                                             ^
E:\GitHub\BuildCraft\src\main\java\buildcraft\core\statements\TriggerInventoryL
evel.java:66: warning: [removal] getStackInSlot(int) in IItemHandler has been 
deprecated and marked for removal
            ItemStack stackInSlot = itemHandler.getStackInSlot(slot);
                                               ^
E:\GitHub\BuildCraft\src\main\java\buildcraft\core\statements\TriggerInventoryL
evel.java:69: warning: [removal] getSlotLimit(int) in IItemHandler has been 
deprecated and marked for removal
                    itemSpace += itemHandler.getSlotLimit(slot);
                                            ^
E:\GitHub\BuildCraft\src\main\java\buildcraft\core\statements\TriggerInventoryL
evel.java:75: warning: [removal] getSlotLimit(int) in IItemHandler has been 
deprecated and marked for removal
                        int count = Math.min(itemHandler.getSlotLimit(slot), 
searchStack.getMaxStackSize());
                                                        ^
E:\GitHub\BuildCraft\src\main\java\buildcraft\core\statements\TriggerInventoryL
evel.java:77: warning: [removal] insertItem(int,ItemStack,boolean) in 
IItemHandler has been deprecated and marked for removal
                        ItemStack leftOver = itemHandler.insertItem(slot, 
stack, true);
                                                        ^
E:\GitHub\BuildCraft\src\main\java\buildcraft\core\statements\TriggerInventoryL
evel.java:87: warning: [removal] getSlotLimit(int) in IItemHandler has been 
deprecated and marked for removal
                    itemSpace += Math.min(stackInSlot.getMaxStackSize(), 
itemHandler.getSlotLimit(slot));
                                                                               
     ^
E:\GitHub\BuildCraft\src\main\java\buildcraft\energy\tile\TileEngineFE.java:50:
 warning: [removal] IItemHandlerModifiable in net.neoforged.neoforge.items has 
been deprecated and marked for removal
        new buildcraft.lib.tile.item.ItemHandlerSimple(4, (handler, slot, bef, 
aft) -> setChanged());
                                                           ^
E:\GitHub\BuildCraft\src\main\java\buildcraft\energy\tile\TileDynamoMJ.java:60:
 warning: [removal] IItemHandlerModifiable in net.neoforged.neoforge.items has 
been deprecated and marked for removal
        new buildcraft.lib.tile.item.ItemHandlerSimple(4, (handler, slot, bef, 
aft) -> setChanged());
                                                           ^
E:\GitHub\BuildCraft\src\main\java\buildcraft\energy\BCEnergyBlocks.java:16: 
warning: [removal] <B>registerBlock(String,Function<Properties,? extends 
B>,Properties) in Blocks has been deprecated and marked for removal
    public static final DeferredBlock<BlockEngineStone_BC8> ENGINE_STONE = 
BLOCKS.registerBlock(
                                                                               
  ^
  where B is a type-variable:
    B extends Block declared in method 
<B>registerBlock(String,Function<Properties,? extends B>,Properties)
E:\GitHub\BuildCraft\src\main\java\buildcraft\energy\BCEnergyBlocks.java:20: 
warning: [removal] <B>registerBlock(String,Function<Properties,? extends 
B>,Properties) in Blocks has been deprecated and marked for removal
    public static final DeferredBlock<BlockEngineIron_BC8> ENGINE_IRON = 
BLOCKS.registerBlock(
                                                                               
^
  where B is a type-variable:
    B extends Block declared in method 
<B>registerBlock(String,Function<Properties,? extends B>,Properties)
E:\GitHub\BuildCraft\src\main\java\buildcraft\energy\BCEnergyBlocks.java:24: 
warning: [removal] <B>registerBlock(String,Function<Properties,? extends 
B>,Properties) in Blocks has been deprecated and marked for removal
    public static final DeferredBlock<BlockEngineFE> ENGINE_FE = 
BLOCKS.registerBlock(
                                                                       ^
  where B is a type-variable:
    B extends Block declared in method 
<B>registerBlock(String,Function<Properties,? extends B>,Properties)
E:\GitHub\BuildCraft\src\main\java\buildcraft\energy\BCEnergyBlocks.java:28: 
warning: [removal] <B>registerBlock(String,Function<Properties,? extends 
B>,Properties) in Blocks has been deprecated and marked for removal
    public static final DeferredBlock<BlockDynamoMJ> DYNAMO_MJ = 
BLOCKS.registerBlock(
                                                                       ^
  where B is a type-variable:
    B extends Block declared in method 
<B>registerBlock(String,Function<Properties,? extends B>,Properties)
E:\GitHub\BuildCraft\src\main\java\buildcraft\energy\BCEnergyFluids.java:188: 
warning: [removal] <B>registerBlock(String,Function<Properties,? extends 
B>,Properties) in Blocks has been deprecated and marked for removal
        blockHolder[0] = BLOCKS.registerBlock(regName,
                               ^
  where B is a type-variable:
    B extends Block declared in method 
<B>registerBlock(String,Function<Properties,? extends B>,Properties)
E:\GitHub\BuildCraft\src\main\java\buildcraft\energy\BCEnergyFluids.java:200: 
warning: [removal] <I>registerItem(String,Function<Properties,? extends 
I>,Properties) in Items has been deprecated and marked for removal
        bucketHolder[0] = ITEMS.registerItem(regName + "_bucket",
                               ^
  where I is a type-variable:
    I extends Item declared in method 
<I>registerItem(String,Function<Properties,? extends I>,Properties)
E:\GitHub\BuildCraft\src\main\java\buildcraft\factory\tile\TileAutoWorkbenchBas
e.java:117: warning: [removal] IItemHandlerModifiable in 
net.neoforged.neoforge.items has been deprecated and marked for removal
        invBlueprint.setCallback((handler, slot, before, after) -> {
                                  ^
E:\GitHub\BuildCraft\src\main\java\buildcraft\factory\tile\TileAutoWorkbenchBas
e.java:121: warning: [removal] IItemHandlerModifiable in 
net.neoforged.neoforge.items has been deprecated and marked for removal
        invMaterials.setCallback((handler, slot, before, after) -> {
                                  ^
E:\GitHub\BuildCraft\src\main\java\buildcraft\factory\tile\TileChute.java:62: 
warning: [removal] IItemHandlerModifiable in net.neoforged.neoforge.items has 
been deprecated and marked for removal
            (handler, slot, before, after) -> this.setChanged());
             ^
E:\GitHub\BuildCraft\src\main\java\buildcraft\factory\tile\TileDistiller_BC8.ja
va:66: warning: [removal] IItemHandlerModifiable in 
net.neoforged.neoforge.items has been deprecated and marked for removal
        containerSlots.setCallback((handler, slot, bef, aft) -> setChanged());
                                    ^
E:\GitHub\BuildCraft\src\main\java\buildcraft\factory\BCFactoryBlocks.java:22: 
warning: [removal] <B>registerBlock(String,Function<Properties,? extends 
B>,Properties) in Blocks has been deprecated and marked for removal
    public static final DeferredBlock<BlockAutoWorkbenchItems> 
AUTOWORKBENCH_ITEM = BLOCKS.registerBlock(
                                                                               
           ^
  where B is a type-variable:
    B extends Block declared in method 
<B>registerBlock(String,Function<Properties,? extends B>,Properties)
E:\GitHub\BuildCraft\src\main\java\buildcraft\factory\BCFactoryBlocks.java:27: 
warning: [removal] <B>registerBlock(String,Function<Properties,? extends 
B>,Properties) in Blocks has been deprecated and marked for removal
    public static final DeferredBlock<BlockMiningWell> MINING_WELL = 
BLOCKS.registerBlock(
                                                                           ^
  where B is a type-variable:
    B extends Block declared in method 
<B>registerBlock(String,Function<Properties,? extends B>,Properties)
E:\GitHub\BuildCraft\src\main\java\buildcraft\factory\BCFactoryBlocks.java:32: 
warning: [removal] <B>registerBlock(String,Function<Properties,? extends 
B>,Properties) in Blocks has been deprecated and marked for removal
    public static final DeferredBlock<BlockPump> PUMP = BLOCKS.registerBlock(
                                                              ^
  where B is a type-variable:
    B extends Block declared in method 
<B>registerBlock(String,Function<Properties,? extends B>,Properties)
E:\GitHub\BuildCraft\src\main\java\buildcraft\factory\BCFactoryBlocks.java:37: 
warning: [removal] <B>registerBlock(String,Function<Properties,? extends 
B>,Properties) in Blocks has been deprecated and marked for removal
    public static final DeferredBlock<BlockFloodGate> FLOOD_GATE = 
BLOCKS.registerBlock(
                                                                         ^
  where B is a type-variable:
    B extends Block declared in method 
<B>registerBlock(String,Function<Properties,? extends B>,Properties)
E:\GitHub\BuildCraft\src\main\java\buildcraft\factory\BCFactoryBlocks.java:42: 
warning: [removal] <B>registerBlock(String,Function<Properties,? extends 
B>,Properties) in Blocks has been deprecated and marked for removal
    public static final DeferredBlock<BlockTank> TANK = BLOCKS.registerBlock(
                                                              ^
  where B is a type-variable:
    B extends Block declared in method 
<B>registerBlock(String,Function<Properties,? extends B>,Properties)
E:\GitHub\BuildCraft\src\main\java\buildcraft\factory\BCFactoryBlocks.java:47: 
warning: [removal] <B>registerBlock(String,Function<Properties,? extends 
B>,Properties) in Blocks has been deprecated and marked for removal
    public static final DeferredBlock<BlockTube> TUBE = BLOCKS.registerBlock(
                                                              ^
  where B is a type-variable:
    B extends Block declared in method 
<B>registerBlock(String,Function<Properties,? extends B>,Properties)
E:\GitHub\BuildCraft\src\main\java\buildcraft\factory\BCFactoryBlocks.java:52: 
warning: [removal] <B>registerBlock(String,Function<Properties,? extends 
B>,Properties) in Blocks has been deprecated and marked for removal
    public static final DeferredBlock<BlockChute> CHUTE = BLOCKS.registerBlock(
                                                                ^
  where B is a type-variable:
    B extends Block declared in method 
<B>registerBlock(String,Function<Properties,? extends B>,Properties)
E:\GitHub\BuildCraft\src\main\java\buildcraft\factory\BCFactoryBlocks.java:57: 
warning: [removal] <B>registerBlock(String,Function<Properties,? extends 
B>,Properties) in Blocks has been deprecated and marked for removal
    public static final DeferredBlock<BlockDistiller> DISTILLER = 
BLOCKS.registerBlock(
                                                                        ^
  where B is a type-variable:
    B extends Block declared in method 
<B>registerBlock(String,Function<Properties,? extends B>,Properties)
E:\GitHub\BuildCraft\src\main\java\buildcraft\factory\BCFactoryBlocks.java:62: 
warning: [removal] <B>registerBlock(String,Function<Properties,? extends 
B>,Properties) in Blocks has been deprecated and marked for removal
    public static final DeferredBlock<BlockHeatExchange> HEAT_EXCHANGE = 
BLOCKS.registerBlock(
                                                                               
^
  where B is a type-variable:
    B extends Block declared in method 
<B>registerBlock(String,Function<Properties,? extends B>,Properties)
E:\GitHub\BuildCraft\src\main\java\buildcraft\factory\BCFactoryBlocks.java:67: 
warning: [removal] <B>registerBlock(String,Function<Properties,? extends 
B>,Properties) in Blocks has been deprecated and marked for removal
    public static final DeferredBlock<BlockWaterGel> WATER_GEL = 
BLOCKS.registerBlock(
                                                                       ^
  where B is a type-variable:
    B extends Block declared in method 
<B>registerBlock(String,Function<Properties,? extends B>,Properties)
E:\GitHub\BuildCraft\src\main\java\buildcraft\factory\BCFactoryItems.java:38: 
warning: [removal] <I>registerItem(String,Function<Properties,? extends 
I>,Properties) in Items has been deprecated and marked for removal
    public static final DeferredItem<ItemWaterGel> WATER_GEL_SPAWN = 
ITEMS.registerItem(
                                                                          ^
  where I is a type-variable:
    I extends Item declared in method 
<I>registerItem(String,Function<Properties,? extends I>,Properties)
E:\GitHub\BuildCraft\src\main\java\buildcraft\lib\expression\node\value\NodeCon
stantBoolean.java:25: warning: [dep-ann] deprecated item is not annotated with 
@Deprecated
    public static NodeConstantBoolean get(boolean value) {
                                      ^
E:\GitHub\BuildCraft\src\main\java\buildcraft\lib\inventory\filter\DelegatingIt
emHandlerFilter.java:21: warning: [removal] IItemHandler in 
net.neoforged.neoforge.items has been deprecated and marked for removal
    private final IItemHandler handler;
                  ^
E:\GitHub\BuildCraft\src\main\java\buildcraft\lib\inventory\filter\DelegatingIt
emHandlerFilter.java:23: warning: [removal] IItemHandler in 
net.neoforged.neoforge.items has been deprecated and marked for removal
    public DelegatingItemHandlerFilter(ISingleStackFilter perStackFilter, 
IItemHandler handler) {
                                                                          ^
E:\GitHub\BuildCraft\src\main\java\buildcraft\lib\inventory\filter\DelegatingIt
emHandlerFilter.java:30: warning: [removal] getSlots() in IItemHandler has 
been deprecated and marked for removal
        for (int slot = 0; slot < handler.getSlots(); slot++) {
                                         ^
E:\GitHub\BuildCraft\src\main\java\buildcraft\lib\inventory\filter\DelegatingIt
emHandlerFilter.java:31: warning: [removal] getStackInSlot(int) in 
IItemHandler has been deprecated and marked for removal
            if (perStackFilter.matches(handler.getStackInSlot(slot), stack)) {
                                              ^
E:\GitHub\BuildCraft\src\main\java\buildcraft\lib\inventory\InventoryWrapper.ja
va:18: error: InventoryWrapper is not abstract and does not override abstract 
method size() in AbstractInvItemTransactor
public final class InventoryWrapper extends AbstractInvItemTransactor {
             ^
E:\GitHub\BuildCraft\src\main\java\buildcraft\lib\inventory\InventoryWrapper.ja
va:91: error: method does not override or implement a method from a supertype
    @Override
    ^
E:\GitHub\BuildCraft\src\main\java\buildcraft\lib\tile\item\ItemHandlerFiltered
.java:31: error: method does not override or implement a method from a 
supertype
    @Override
    ^
E:\GitHub\BuildCraft\src\main\java\buildcraft\lib\tile\item\ItemHandlerFiltered
.java:34: error: cannot find symbol
            return super.getSlotLimit(slot);
                        ^
  symbol: method getSlotLimit(int)
E:\GitHub\BuildCraft\src\main\java\buildcraft\robotics\BCRoboticsBlocks.java:14
: warning: [removal] <B>registerBlock(String,Function<Properties,? extends 
B>,Properties) in Blocks has been deprecated and marked for removal
    public static final DeferredBlock<BlockZonePlanner> ZONE_PLANNER = 
BLOCKS.registerBlock(
                                                                             ^
  where B is a type-variable:
    B extends Block declared in method 
<B>registerBlock(String,Function<Properties,? extends B>,Properties)
E:\GitHub\BuildCraft\src\main\java\buildcraft\silicon\tile\TileAdvancedCrafting
Table.java:48: warning: [removal] IItemHandlerModifiable in 
net.neoforged.neoforge.items has been deprecated and marked for removal
        invBlueprint.setCallback((handler, slot, before, after) -> {
                                  ^
E:\GitHub\BuildCraft\src\main\java\buildcraft\silicon\tile\TileAdvancedCrafting
Table.java:52: warning: [removal] IItemHandlerModifiable in 
net.neoforged.neoforge.items has been deprecated and marked for removal
        invMaterials.setCallback((handler, slot, before, after) -> {
                                  ^
E:\GitHub\BuildCraft\src\main\java\buildcraft\silicon\BCSiliconBlocks.java:20: 
warning: [removal] <B>registerBlock(String,Function<Properties,? extends 
B>,Properties) in Blocks has been deprecated and marked for removal
    public static final DeferredBlock<BlockLaser> LASER = BLOCKS.registerBlock(
                                                                ^
  where B is a type-variable:
    B extends Block declared in method 
<B>registerBlock(String,Function<Properties,? extends B>,Properties)
E:\GitHub\BuildCraft\src\main\java\buildcraft\silicon\BCSiliconBlocks.java:25: 
warning: [removal] <B>registerBlock(String,Function<Properties,? extends 
B>,Properties) in Blocks has been deprecated and marked for removal
    public static final DeferredBlock<BlockLaserTable> ASSEMBLY_TABLE = 
BLOCKS.registerBlock(
                                                                              ^
  where B is a type-variable:
    B extends Block declared in method 
<B>registerBlock(String,Function<Properties,? extends B>,Properties)
E:\GitHub\BuildCraft\src\main\java\buildcraft\silicon\BCSiliconBlocks.java:32: 
warning: [removal] <B>registerBlock(String,Function<Properties,? extends 
B>,Properties) in Blocks has been deprecated and marked for removal
    public static final DeferredBlock<BlockLaserTable> ADVANCED_CRAFTING_TABLE 
= BLOCKS.registerBlock(
                                                                               
        ^
  where B is a type-variable:
    B extends Block declared in method 
<B>registerBlock(String,Function<Properties,? extends B>,Properties)
E:\GitHub\BuildCraft\src\main\java\buildcraft\silicon\BCSiliconBlocks.java:39: 
warning: [removal] <B>registerBlock(String,Function<Properties,? extends 
B>,Properties) in Blocks has been deprecated and marked for removal
    public static final DeferredBlock<BlockLaserTable> INTEGRATION_TABLE = 
BLOCKS.registerBlock(
                                                                               
  ^
  where B is a type-variable:
    B extends Block declared in method 
<B>registerBlock(String,Function<Properties,? extends B>,Properties)
E:\GitHub\BuildCraft\src\main\java\buildcraft\transport\BCTransportBlocks.java:
14: warning: [removal] <B>registerBlock(String,Function<Properties,? extends 
B>,Properties) in Blocks has been deprecated and marked for removal
    public static final DeferredBlock<BlockFilteredBuffer> FILTERED_BUFFER = 
BLOCKS.registerBlock(
                                                                               
    ^
  where B is a type-variable:
    B extends Block declared in method 
<B>registerBlock(String,Function<Properties,? extends B>,Properties)
E:\GitHub\BuildCraft\src\main\java\buildcraft\transport\BCTransportBlocks.java:
19: warning: [removal] <B>registerBlock(String,Function<Properties,? extends 
B>,Properties) in Blocks has been deprecated and marked for removal
    public static final DeferredBlock<BlockPipeHolder> PIPE_HOLDER = 
BLOCKS.registerBlock(
                                                                           ^
  where B is a type-variable:
    B extends Block declared in method 
<B>registerBlock(String,Function<Properties,? extends B>,Properties)
E:\GitHub\BuildCraft\src\main\java\buildcraft\transport\pipe\behaviour\PipeBeha
viourDiamondFluid.java:40: warning: [removal] FluidUtil in 
net.neoforged.neoforge.fluids has been deprecated and marked for removal
                    FluidStack target = 
FluidUtil.getFluidContained(compareTo).orElse(FluidStack.EMPTY);
                                        ^
E:\GitHub\BuildCraft\src\main\java\buildcraft\transport\pipe\behaviour\PipeBeha
viourDiamondFluid.java:40: warning: [removal] getFluidContained(ItemStack) in 
FluidUtil has been deprecated and marked for removal
                    FluidStack target = 
FluidUtil.getFluidContained(compareTo).orElse(FluidStack.EMPTY);
                                                 ^
Note: Some input files use or override a deprecated API.
Note: Recompile with -Xlint:deprecation for details.
Note: Some input files use unchecked or unsafe operations.
Note: Recompile with -Xlint:unchecked for details.
Note: Some messages have been simplified; recompile with -Xdiags:verbose to 
get full output
12 errors
98 warnings

> Task :compileJava FAILED

[Incubating] Problems report is available at: file:///E:/GitHub/BuildCraft/build/reports/problems/problems-report.html

FAILURE: Build failed with an exception.

* What went wrong:
Execution failed for task ':compileJava'.
> Compilation failed; see the compiler output below.
  E:\GitHub\BuildCraft\src\main\java\buildcraft\lib\tile\item\ItemHandlerFilter
ed.java:34: error: cannot find symbol
              return super.getSlotLimit(slot);
                          ^
    symbol: method getSlotLimit(int)
  Note: Recompile with -Xlint:deprecation for details.
  E:\GitHub\BuildCraft\src\main\java\buildcraft\lib\expression\api\IExpressionN
ode.java:40: warning: [dep-ann] deprecated item is not annotated with 
@Deprecated
          default double getAsDouble() {
                         ^
  E:\GitHub\BuildCraft\src\main\java\buildcraft\lib\expression\api\IExpressionN
ode.java:61: warning: [dep-ann] deprecated item is not annotated with 
@Deprecated
          default long getAsLong() {
                       ^
  E:\GitHub\BuildCraft\src\main\java\buildcraft\lib\expression\api\IExpressionN
ode.java:67: warning: [dep-ann] deprecated item is not annotated with 
@Deprecated
          default int getAsInt() {
                      ^
  E:\GitHub\BuildCraft\src\main\java\buildcraft\lib\expression\api\IExpressionN
ode.java:88: warning: [dep-ann] deprecated item is not annotated with 
@Deprecated
          default boolean getAsBoolean() {
                          ^
  E:\GitHub\BuildCraft\src\main\java\buildcraft\lib\expression\api\IExpressionN
ode.java:111: warning: [dep-ann] deprecated item is not annotated with 
@Deprecated
          default T get() {
                    ^
  E:\GitHub\BuildCraft\src\main\java\buildcraft\lib\expression\node\value\NodeC
onstantBoolean.java:25: warning: [dep-ann] deprecated item is not annotated 
with @Deprecated
      public static NodeConstantBoolean get(boolean value) {
                                        ^
  E:\GitHub\BuildCraft\src\main\java\buildcraft\lib\inventory\InventoryWrapper.
java:18: error: InventoryWrapper is not abstract and does not override 
abstract method size() in AbstractInvItemTransactor
  public final class InventoryWrapper extends AbstractInvItemTransactor {
               ^
  E:\GitHub\BuildCraft\src\main\java\buildcraft\lib\tile\item\ItemHandlerSimple
.java:216: error: incompatible types: ItemHandlerSimple cannot be converted to 
IItemHandlerModifiable
                  callback.onStackChange(this, index, current, result.toSet);
                                         ^
  E:\GitHub\BuildCraft\src\main\java\buildcraft\lib\tile\item\ItemHandlerSimple
.java:253: error: incompatible types: ItemHandlerSimple cannot be converted to 
IItemHandlerModifiable
              callback.onStackChange(this, slot, before, asValid(stack));
                                     ^
  E:\GitHub\BuildCraft\src\main\java\buildcraft\api\robots\DockingStation.java:
205: error: cannot find symbol
      public ResourceHandler<FluidResource> getFluidOutput() {
             ^
    symbol:   class ResourceHandler
    location: class DockingStation
  E:\GitHub\BuildCraft\src\main\java\buildcraft\api\robots\DockingStation.java:
205: error: cannot find symbol
      public ResourceHandler<FluidResource> getFluidOutput() {
                             ^
    symbol:   class FluidResource
    location: class DockingStation
  E:\GitHub\BuildCraft\src\main\java\buildcraft\api\robots\DockingStation.java:
213: error: cannot find symbol
      public ResourceHandler<FluidResource> getFluidInput() {
             ^
    symbol:   class ResourceHandler
    location: class DockingStation
  E:\GitHub\BuildCraft\src\main\java\buildcraft\api\robots\DockingStation.java:
213: error: cannot find symbol
      public ResourceHandler<FluidResource> getFluidInput() {
                             ^
    symbol:   class FluidResource
    location: class DockingStation
  E:\GitHub\BuildCraft\src\main\java\buildcraft\lib\tile\item\ItemHandlerSimple
.java:238: error: cannot find symbol
              setStackInternal(index, finalAfter);
                                      ^
    symbol:   variable finalAfter
    location: class ItemHandlerSimple
  E:\GitHub\BuildCraft\src\main\java\buildcraft\lib\tile\item\ItemHandlerSimple
.java:240: error: cannot find symbol
                  callback.onStackChange(this, index, before, finalAfter);
                                                              ^
    symbol:   variable finalAfter
    location: class ItemHandlerSimple
  Note: Recompile with -Xlint:unchecked for details.
  Note: Some input files use or override a deprecated API.
  E:\GitHub\BuildCraft\src\main\java\buildcraft\lib\inventory\InventoryWrapper.
java:91: error: method does not override or implement a method from a supertype
      @Override
      ^
  E:\GitHub\BuildCraft\src\main\java\buildcraft\lib\tile\item\ItemHandlerFilter
ed.java:31: error: method does not override or implement a method from a 
supertype
      @Override
      ^
  
E:\GitHub\BuildCraft\src\main\java\buildcraft\lib\tile\TileBC_Neptune.java:39: 
warning: [removal] IItemHandlerModifiable in net.neoforged.neoforge.items has 
been deprecated and marked for removal
          (handler, slot, before, after) -> this.setChanged()
           ^
  E:\GitHub\BuildCraft\src\main\java\buildcraft\builders\tile\TileBuilder.java:
90: warning: [removal] IFluidHandler in 
net.neoforged.neoforge.fluids.capability has been deprecated and marked for 
removal
      private final IFluidHandler stubFluidHandler = new IFluidHandler() {
                    ^
  E:\GitHub\BuildCraft\src\main\java\buildcraft\builders\tile\TileBuilder.java:
90: warning: [removal] IFluidHandler in 
net.neoforged.neoforge.fluids.capability has been deprecated and marked for 
removal
      private final IFluidHandler stubFluidHandler = new IFluidHandler() {
                                                         ^
  E:\GitHub\BuildCraft\src\main\java\buildcraft\builders\tile\TileBuilder.java:
97: warning: [removal] drain(int,FluidAction) in IFluidHandler has been 
deprecated and marked for removal
          @Override public FluidStack drain(int maxDrain, FluidAction action) 
{ return FluidStack.EMPTY; }
                                      ^
  E:\GitHub\BuildCraft\src\main\java\buildcraft\builders\tile\TileBuilder.java:
96: warning: [removal] drain(FluidStack,FluidAction) in IFluidHandler has been 
deprecated and marked for removal
          @Override public FluidStack drain(FluidStack resource, FluidAction 
action) { return FluidStack.EMPTY; }
                                      ^
  E:\GitHub\BuildCraft\src\main\java\buildcraft\builders\tile\TileBuilder.java:
95: warning: [removal] fill(FluidStack,FluidAction) in IFluidHandler has been 
deprecated and marked for removal
          @Override public int fill(FluidStack resource, FluidAction action) { 
return 0; }
                               ^
  E:\GitHub\BuildCraft\src\main\java\buildcraft\builders\tile\TileBuilder.java:
94: warning: [removal] isFluidValid(int,FluidStack) in IFluidHandler has been 
deprecated and marked for removal
          @Override public boolean isFluidValid(int tank, FluidStack stack) { 
return false; }
                                   ^
  E:\GitHub\BuildCraft\src\main\java\buildcraft\builders\tile\TileBuilder.java:
93: warning: [removal] getTankCapacity(int) in IFluidHandler has been 
deprecated and marked for removal
          @Override public int getTankCapacity(int tank) { return 0; }
                               ^
  E:\GitHub\BuildCraft\src\main\java\buildcraft\builders\tile\TileBuilder.java:
92: warning: [removal] getFluidInTank(int) in IFluidHandler has been 
deprecated and marked for removal
          @Override public FluidStack getFluidInTank(int tank) { return 
FluidStack.EMPTY; }
                                      ^
  E:\GitHub\BuildCraft\src\main\java\buildcraft\builders\tile\TileBuilder.java:
91: warning: [removal] getTanks() in IFluidHandler has been deprecated and 
marked for removal
          @Override public int getTanks() { return 0; }
                               ^
  E:\GitHub\BuildCraft\src\main\java\buildcraft\builders\tile\TileBuilder.java:
346: warning: [removal] IFluidHandler in 
net.neoforged.neoforge.fluids.capability has been deprecated and marked for 
removal
      public IFluidHandler getTankManager() {
             ^
  E:\GitHub\BuildCraft\src\main\java\buildcraft\builders\snapshot\ITileForBluep
rintBuilder.java:18: warning: [removal] IFluidHandler in 
net.neoforged.neoforge.fluids.capability has been deprecated and marked for 
removal
      IFluidHandler getTankManager();
      ^
  E:\GitHub\BuildCraft\src\main\java\buildcraft\lib\tile\item\StackChangeCallba
ck.java:19: warning: [removal] IItemHandlerModifiable in 
net.neoforged.neoforge.items has been deprecated and marked for removal
      void onStackChange(IItemHandlerModifiable itemHandler, int slot, 
@Nonnull ItemStack before, @Nonnull ItemStack after);
                         ^
  E:\GitHub\BuildCraft\src\main\java\buildcraft\builders\snapshot\BlueprintBuil
der.java:103: warning: [removal] FluidUtil in net.neoforged.neoforge.fluids 
has been deprecated and marked for removal
                      ItemStack bucket = 
net.neoforged.neoforge.fluids.FluidUtil.getFilledBucket(fluidStack);
                                                                      ^
  E:\GitHub\BuildCraft\src\main\java\buildcraft\builders\snapshot\BlueprintBuil
der.java:103: warning: [removal] getFilledBucket(FluidStack) in FluidUtil has 
been deprecated and marked for removal
                      ItemStack bucket = 
net.neoforged.neoforge.fluids.FluidUtil.getFilledBucket(fluidStack);
                                                                               
 ^
  E:\GitHub\BuildCraft\src\main\java\buildcraft\builders\snapshot\BlueprintBuil
der.java:125: warning: [removal] IFluidHandler in 
net.neoforged.neoforge.fluids.capability has been deprecated and marked for 
removal
                              FluidUtilBC.areFluidStackEqual(stack, 
tile.getTankManager().drain(stack, 
net.neoforged.neoforge.fluids.capability.IFluidHandler.FluidAction.SIMULATE))
                                                                               
                                                                ^
  E:\GitHub\BuildCraft\src\main\java\buildcraft\builders\snapshot\BlueprintBuil
der.java:125: warning: [removal] drain(FluidStack,FluidAction) in 
IFluidHandler has been deprecated and marked for removal
                              FluidUtilBC.areFluidStackEqual(stack, 
tile.getTankManager().drain(stack, 
net.neoforged.neoforge.fluids.capability.IFluidHandler.FluidAction.SIMULATE))
                                                                               
          ^
  E:\GitHub\BuildCraft\src\main\java\buildcraft\builders\snapshot\BlueprintBuil
der.java:142: warning: [removal] IFluidHandler in 
net.neoforged.neoforge.fluids.capability has been deprecated and marked for 
removal
                                  .map(fluidStack -> 
tile.getTankManager().drain(fluidStack, simulate ? 
net.neoforged.neoforge.fluids.capability.IFluidHandler.FluidAction.SIMULATE : 
net.neoforged.neoforge.fluids.capability.IFluidHandler.FluidAction.EXECUTE))
                                                                               
                                                                 ^
  E:\GitHub\BuildCraft\src\main\java\buildcraft\builders\snapshot\BlueprintBuil
der.java:142: warning: [removal] IFluidHandler in 
net.neoforged.neoforge.fluids.capability has been deprecated and marked for 
removal
                                  .map(fluidStack -> 
tile.getTankManager().drain(fluidStack, simulate ? 
net.neoforged.neoforge.fluids.capability.IFluidHandler.FluidAction.SIMULATE : 
net.neoforged.neoforge.fluids.capability.IFluidHandler.FluidAction.EXECUTE))
                                                                               
                                                                               
                                                                ^
  E:\GitHub\BuildCraft\src\main\java\buildcraft\builders\snapshot\BlueprintBuil
der.java:142: warning: [removal] drain(FluidStack,FluidAction) in 
IFluidHandler has been deprecated and marked for removal
                                  .map(fluidStack -> 
tile.getTankManager().drain(fluidStack, simulate ? 
net.neoforged.neoforge.fluids.capability.IFluidHandler.FluidAction.SIMULATE : 
net.neoforged.neoforge.fluids.capability.IFluidHandler.FluidAction.EXECUTE))
                                                                          ^
  E:\GitHub\BuildCraft\src\main\java\buildcraft\builders\snapshot\BlueprintBuil
der.java:144: warning: [removal] FluidUtil in net.neoforged.neoforge.fluids 
has been deprecated and marked for removal
                                      ItemStack stack = 
net.neoforged.neoforge.fluids.FluidUtil.getFilledBucket(fluidStack);
                                                                               
      ^
  E:\GitHub\BuildCraft\src\main\java\buildcraft\builders\snapshot\BlueprintBuil
der.java:144: warning: [removal] getFilledBucket(FluidStack) in FluidUtil has 
been deprecated and marked for removal
                                      ItemStack stack = 
net.neoforged.neoforge.fluids.FluidUtil.getFilledBucket(fluidStack);
                                                                               
                ^
  E:\GitHub\BuildCraft\src\main\java\buildcraft\builders\snapshot\BlueprintBuil
der.java:232: warning: [removal] IFluidHandler in 
net.neoforged.neoforge.fluids.capability has been deprecated and marked for 
removal
              .forEach(fluidStack -> tile.getTankManager().fill(fluidStack, 
net.neoforged.neoforge.fluids.capability.IFluidHandler.FluidAction.EXECUTE));
                                                                               
                                     ^
  E:\GitHub\BuildCraft\src\main\java\buildcraft\builders\snapshot\BlueprintBuil
der.java:232: warning: [removal] fill(FluidStack,FluidAction) in IFluidHandler 
has been deprecated and marked for removal
              .forEach(fluidStack -> tile.getTankManager().fill(fluidStack, 
net.neoforged.neoforge.fluids.capability.IFluidHandler.FluidAction.EXECUTE));
                                                          ^
  E:\GitHub\BuildCraft\src\main\java\buildcraft\builders\BCBuildersBlocks.java:
23: warning: [removal] <B>registerBlock(String,Function<Properties,? extends 
B>,Properties) in Blocks has been deprecated and marked for removal
      public static final DeferredBlock<BlockFrame> FRAME = 
BLOCKS.registerBlock(
                                                                  ^
    where B is a type-variable:
      B extends Block declared in method 
<B>registerBlock(String,Function<Properties,? extends B>,Properties)
  E:\GitHub\BuildCraft\src\main\java\buildcraft\builders\BCBuildersBlocks.java:
27: warning: [removal] <B>registerBlock(String,Function<Properties,? extends 
B>,Properties) in Blocks has been deprecated and marked for removal
      public static final DeferredBlock<BlockFiller> FILLER = 
BLOCKS.registerBlock(
                                                                    ^
    where B is a type-variable:
      B extends Block declared in method 
<B>registerBlock(String,Function<Properties,? extends B>,Properties)
  E:\GitHub\BuildCraft\src\main\java\buildcraft\builders\BCBuildersBlocks.java:
31: warning: [removal] <B>registerBlock(String,Function<Properties,? extends 
B>,Properties) in Blocks has been deprecated and marked for removal
      public static final DeferredBlock<BlockBuilder> BUILDER = 
BLOCKS.registerBlock(
                                                                      ^
    where B is a type-variable:
      B extends Block declared in method 
<B>registerBlock(String,Function<Properties,? extends B>,Properties)
  E:\GitHub\BuildCraft\src\main\java\buildcraft\builders\BCBuildersBlocks.java:
35: warning: [removal] <B>registerBlock(String,Function<Properties,? extends 
B>,Properties) in Blocks has been deprecated and marked for removal
      public static final DeferredBlock<BlockArchitectTable> ARCHITECT = 
BLOCKS.registerBlock(
                                                                               
^
    where B is a type-variable:
      B extends Block declared in method 
<B>registerBlock(String,Function<Properties,? extends B>,Properties)
  E:\GitHub\BuildCraft\src\main\java\buildcraft\builders\BCBuildersBlocks.java:
39: warning: [removal] <B>registerBlock(String,Function<Properties,? extends 
B>,Properties) in Blocks has been deprecated and marked for removal
      public static final DeferredBlock<BlockElectronicLibrary> LIBRARY = 
BLOCKS.registerBlock(
                                                                               
 ^
    where B is a type-variable:
      B extends Block declared in method 
<B>registerBlock(String,Function<Properties,? extends B>,Properties)
  E:\GitHub\BuildCraft\src\main\java\buildcraft\builders\BCBuildersBlocks.java:
43: warning: [removal] <B>registerBlock(String,Function<Properties,? extends 
B>,Properties) in Blocks has been deprecated and marked for removal
      public static final DeferredBlock<BlockReplacer> REPLACER = 
BLOCKS.registerBlock(
                                                                        ^
    where B is a type-variable:
      B extends Block declared in method 
<B>registerBlock(String,Function<Properties,? extends B>,Properties)
  E:\GitHub\BuildCraft\src\main\java\buildcraft\builders\BCBuildersBlocks.java:
47: warning: [removal] <B>registerBlock(String,Function<Properties,? extends 
B>,Properties) in Blocks has been deprecated and marked for removal
      public static final DeferredBlock<BlockQuarry> QUARRY = 
BLOCKS.registerBlock(
                                                                    ^
    where B is a type-variable:
      B extends Block declared in method 
<B>registerBlock(String,Function<Properties,? extends B>,Properties)
  E:\GitHub\BuildCraft\src\main\java\buildcraft\core\BCCoreBlocks.java:18: 
warning: [removal] <B>registerBlock(String,Function<Properties,? extends 
B>,Properties) in Blocks has been deprecated and marked for removal
      public static final DeferredBlock<BlockSpring> SPRING_WATER = 
BLOCKS.registerBlock("spring_water",
                                                                          ^
    where B is a type-variable:
      B extends Block declared in method 
<B>registerBlock(String,Function<Properties,? extends B>,Properties)
  E:\GitHub\BuildCraft\src\main\java\buildcraft\core\BCCoreBlocks.java:21: 
warning: [removal] <B>registerBlock(String,Function<Properties,? extends 
B>,Properties) in Blocks has been deprecated and marked for removal
      public static final DeferredBlock<BlockSpring> SPRING_OIL = 
BLOCKS.registerBlock("spring_oil",
                                                                        ^
    where B is a type-variable:
      B extends Block declared in method 
<B>registerBlock(String,Function<Properties,? extends B>,Properties)
  E:\GitHub\BuildCraft\src\main\java\buildcraft\core\BCCoreBlocks.java:25: 
warning: [removal] registerSimpleBlock(String,Properties) in Blocks has been 
deprecated and marked for removal
      public static final DeferredBlock<Block> DECORATED_DESTROY = 
BLOCKS.registerSimpleBlock(
                                                                         ^
  E:\GitHub\BuildCraft\src\main\java\buildcraft\core\BCCoreBlocks.java:28: 
warning: [removal] registerSimpleBlock(String,Properties) in Blocks has been 
deprecated and marked for removal
      public static final DeferredBlock<Block> DECORATED_BLUEPRINT = 
BLOCKS.registerSimpleBlock(
                                                                           ^
  E:\GitHub\BuildCraft\src\main\java\buildcraft\core\BCCoreBlocks.java:31: 
warning: [removal] registerSimpleBlock(String,Properties) in Blocks has been 
deprecated and marked for removal
      public static final DeferredBlock<Block> DECORATED_TEMPLATE = 
BLOCKS.registerSimpleBlock(
                                                                          ^
  E:\GitHub\BuildCraft\src\main\java\buildcraft\core\BCCoreBlocks.java:34: 
warning: [removal] registerSimpleBlock(String,Properties) in Blocks has been 
deprecated and marked for removal
      public static final DeferredBlock<Block> DECORATED_PAPER = 
BLOCKS.registerSimpleBlock(
                                                                       ^
  E:\GitHub\BuildCraft\src\main\java\buildcraft\core\BCCoreBlocks.java:37: 
warning: [removal] registerSimpleBlock(String,Properties) in Blocks has been 
deprecated and marked for removal
      public static final DeferredBlock<Block> DECORATED_LEATHER = 
BLOCKS.registerSimpleBlock(
                                                                         ^
  E:\GitHub\BuildCraft\src\main\java\buildcraft\core\BCCoreBlocks.java:40: 
warning: [removal] registerSimpleBlock(String,Properties) in Blocks has been 
deprecated and marked for removal
      public static final DeferredBlock<Block> DECORATED_LASER = 
BLOCKS.registerSimpleBlock(
                                                                       ^
  E:\GitHub\BuildCraft\src\main\java\buildcraft\core\BCCoreBlocks.java:43: 
warning: [removal] <B>registerBlock(String,Function<Properties,? extends 
B>,Properties) in Blocks has been deprecated and marked for removal
      public static final 
DeferredBlock<buildcraft.core.block.BlockMarkerVolume> MARKER_VOLUME = 
BLOCKS.registerBlock(
                                                                               
                        ^
    where B is a type-variable:
      B extends Block declared in method 
<B>registerBlock(String,Function<Properties,? extends B>,Properties)
  E:\GitHub\BuildCraft\src\main\java\buildcraft\core\BCCoreBlocks.java:47: 
warning: [removal] <B>registerBlock(String,Function<Properties,? extends 
B>,Properties) in Blocks has been deprecated and marked for removal
      public static final DeferredBlock<BlockMarkerPath> MARKER_PATH = 
BLOCKS.registerBlock(
                                                                             ^
    where B is a type-variable:
      B extends Block declared in method 
<B>registerBlock(String,Function<Properties,? extends B>,Properties)
  E:\GitHub\BuildCraft\src\main\java\buildcraft\core\BCCoreBlocks.java:51: 
warning: [removal] <B>registerBlock(String,Function<Properties,? extends 
B>,Properties) in Blocks has been deprecated and marked for removal
      public static final DeferredBlock<BlockEngineRedstone_BC8> 
ENGINE_REDSTONE = BLOCKS.registerBlock(
                                                                               
          ^
    where B is a type-variable:
      B extends Block declared in method 
<B>registerBlock(String,Function<Properties,? extends B>,Properties)
  E:\GitHub\BuildCraft\src\main\java\buildcraft\core\BCCoreBlocks.java:55: 
warning: [removal] <B>registerBlock(String,Function<Properties,? extends 
B>,Properties) in Blocks has been deprecated and marked for removal
      public static final DeferredBlock<BlockEngineCreative> ENGINE_CREATIVE = 
BLOCKS.registerBlock(
                                                                               
      ^
    where B is a type-variable:
      B extends Block declared in method 
<B>registerBlock(String,Function<Properties,? extends B>,Properties)
  E:\GitHub\BuildCraft\src\main\java\buildcraft\core\statements\TriggerInventor
y.java:56: warning: [removal] IItemHandler in net.neoforged.neoforge.items has 
been deprecated and marked for removal
          if (!(tile instanceof IItemHandler handler)) {
                                ^
  E:\GitHub\BuildCraft\src\main\java\buildcraft\core\statements\TriggerInventor
y.java:69: warning: [removal] getSlots() in IItemHandler has been deprecated 
and marked for removal
          for (int i = 0; i < handler.getSlots(); i++) {
                                     ^
  E:\GitHub\BuildCraft\src\main\java\buildcraft\core\statements\TriggerInventor
y.java:71: warning: [removal] getStackInSlot(int) in IItemHandler has been 
deprecated and marked for removal
              ItemStack stack = handler.getStackInSlot(i);
                                       ^
  E:\GitHub\BuildCraft\src\main\java\buildcraft\core\statements\TriggerInventor
y.java:76: warning: [removal] insertItem(int,ItemStack,boolean) in 
IItemHandler has been deprecated and marked for removal
                  && (searchedStack.isEmpty() || searchedStack.getItem() 
instanceof IList || handler.insertItem(i, searchedStack, true).isEmpty());
                                                                               
                     ^
  E:\GitHub\BuildCraft\src\main\java\buildcraft\core\statements\TriggerInventor
yLevel.java:56: warning: [removal] IItemHandler in 
net.neoforged.neoforge.items has been deprecated and marked for removal
          if (!(tile instanceof IItemHandler itemHandler)) {
                                ^
  E:\GitHub\BuildCraft\src\main\java\buildcraft\core\statements\TriggerInventor
yLevel.java:65: warning: [removal] getSlots() in IItemHandler has been 
deprecated and marked for removal
          for (int slot = 0; slot < itemHandler.getSlots(); slot++) {
                                               ^
  E:\GitHub\BuildCraft\src\main\java\buildcraft\core\statements\TriggerInventor
yLevel.java:66: warning: [removal] getStackInSlot(int) in IItemHandler has 
been deprecated and marked for removal
              ItemStack stackInSlot = itemHandler.getStackInSlot(slot);
                                                 ^
  E:\GitHub\BuildCraft\src\main\java\buildcraft\core\statements\TriggerInventor
yLevel.java:69: warning: [removal] getSlotLimit(int) in IItemHandler has been 
deprecated and marked for removal
                      itemSpace += itemHandler.getSlotLimit(slot);
                                              ^
  E:\GitHub\BuildCraft\src\main\java\buildcraft\core\statements\TriggerInventor
yLevel.java:75: warning: [removal] getSlotLimit(int) in IItemHandler has been 
deprecated and marked for removal
                          int count = Math.min(itemHandler.getSlotLimit(slot), 
searchStack.getMaxStackSize());
                                                          ^
  E:\GitHub\BuildCraft\src\main\java\buildcraft\core\statements\TriggerInventor
yLevel.java:77: warning: [removal] insertItem(int,ItemStack,boolean) in 
IItemHandler has been deprecated and marked for removal
                          ItemStack leftOver = itemHandler.insertItem(slot, 
stack, true);
                                                          ^
  E:\GitHub\BuildCraft\src\main\java\buildcraft\core\statements\TriggerInventor
yLevel.java:87: warning: [removal] getSlotLimit(int) in IItemHandler has been 
deprecated and marked for removal
                      itemSpace += Math.min(stackInSlot.getMaxStackSize(), 
itemHandler.getSlotLimit(slot));
                                                                               
       ^
  E:\GitHub\BuildCraft\src\main\java\buildcraft\energy\tile\TileEngineFE.java:5
0: warning: [removal] IItemHandlerModifiable in net.neoforged.neoforge.items 
has been deprecated and marked for removal
          new buildcraft.lib.tile.item.ItemHandlerSimple(4, (handler, slot, 
bef, aft) -> setChanged());
                                                             ^
  E:\GitHub\BuildCraft\src\main\java\buildcraft\energy\tile\TileDynamoMJ.java:6
0: warning: [removal] IItemHandlerModifiable in net.neoforged.neoforge.items 
has been deprecated and marked for removal
          new buildcraft.lib.tile.item.ItemHandlerSimple(4, (handler, slot, 
bef, aft) -> setChanged());
                                                             ^
  E:\GitHub\BuildCraft\src\main\java\buildcraft\energy\BCEnergyBlocks.java:16: 
warning: [removal] <B>registerBlock(String,Function<Properties,? extends 
B>,Properties) in Blocks has been deprecated and marked for removal
      public static final DeferredBlock<BlockEngineStone_BC8> ENGINE_STONE = 
BLOCKS.registerBlock(
                                                                               
    ^
    where B is a type-variable:
      B extends Block declared in method 
<B>registerBlock(String,Function<Properties,? extends B>,Properties)
  E:\GitHub\BuildCraft\src\main\java\buildcraft\energy\BCEnergyBlocks.java:20: 
warning: [removal] <B>registerBlock(String,Function<Properties,? extends 
B>,Properties) in Blocks has been deprecated and marked for removal
      public static final DeferredBlock<BlockEngineIron_BC8> ENGINE_IRON = 
BLOCKS.registerBlock(
                                                                               
  ^
    where B is a type-variable:
      B extends Block declared in method 
<B>registerBlock(String,Function<Properties,? extends B>,Properties)
  E:\GitHub\BuildCraft\src\main\java\buildcraft\energy\BCEnergyBlocks.java:24: 
warning: [removal] <B>registerBlock(String,Function<Properties,? extends 
B>,Properties) in Blocks has been deprecated and marked for removal
      public static final DeferredBlock<BlockEngineFE> ENGINE_FE = 
BLOCKS.registerBlock(
                                                                         ^
    where B is a type-variable:
      B extends Block declared in method 
<B>registerBlock(String,Function<Properties,? extends B>,Properties)
  E:\GitHub\BuildCraft\src\main\java\buildcraft\energy\BCEnergyBlocks.java:28: 
warning: [removal] <B>registerBlock(String,Function<Properties,? extends 
B>,Properties) in Blocks has been deprecated and marked for removal
      public static final DeferredBlock<BlockDynamoMJ> DYNAMO_MJ = 
BLOCKS.registerBlock(
                                                                         ^
    where B is a type-variable:
      B extends Block declared in method 
<B>registerBlock(String,Function<Properties,? extends B>,Properties)
  
E:\GitHub\BuildCraft\src\main\java\buildcraft\energy\BCEnergyFluids.java:188: 
warning: [removal] <B>registerBlock(String,Function<Properties,? extends 
B>,Properties) in Blocks has been deprecated and marked for removal
          blockHolder[0] = BLOCKS.registerBlock(regName,
                                 ^
    where B is a type-variable:
      B extends Block declared in method 
<B>registerBlock(String,Function<Properties,? extends B>,Properties)
  
E:\GitHub\BuildCraft\src\main\java\buildcraft\energy\BCEnergyFluids.java:200: 
warning: [removal] <I>registerItem(String,Function<Properties,? extends 
I>,Properties) in Items has been deprecated and marked for removal
          bucketHolder[0] = ITEMS.registerItem(regName + "_bucket",
                                 ^
    where I is a type-variable:
      I extends Item declared in method 
<I>registerItem(String,Function<Properties,? extends I>,Properties)
  E:\GitHub\BuildCraft\src\main\java\buildcraft\factory\tile\TileAutoWorkbenchB
ase.java:117: warning: [removal] IItemHandlerModifiable in 
net.neoforged.neoforge.items has been deprecated and marked for removal
          invBlueprint.setCallback((handler, slot, before, after) -> {
                                    ^
  E:\GitHub\BuildCraft\src\main\java\buildcraft\factory\tile\TileAutoWorkbenchB
ase.java:121: warning: [removal] IItemHandlerModifiable in 
net.neoforged.neoforge.items has been deprecated and marked for removal
          invMaterials.setCallback((handler, slot, before, after) -> {
                                    ^
  
E:\GitHub\BuildCraft\src\main\java\buildcraft\factory\tile\TileChute.java:62: 
warning: [removal] IItemHandlerModifiable in net.neoforged.neoforge.items has 
been deprecated and marked for removal
              (handler, slot, before, after) -> this.setChanged());
               ^
  E:\GitHub\BuildCraft\src\main\java\buildcraft\factory\tile\TileDistiller_BC8.
java:66: warning: [removal] IItemHandlerModifiable in 
net.neoforged.neoforge.items has been deprecated and marked for removal
          containerSlots.setCallback((handler, slot, bef, aft) -> 
setChanged());
                                      ^
  
E:\GitHub\BuildCraft\src\main\java\buildcraft\factory\BCFactoryBlocks.java:22: 
warning: [removal] <B>registerBlock(String,Function<Properties,? extends 
B>,Properties) in Blocks has been deprecated and marked for removal
      public static final DeferredBlock<BlockAutoWorkbenchItems> 
AUTOWORKBENCH_ITEM = BLOCKS.registerBlock(
                                                                               
             ^
    where B is a type-variable:
      B extends Block declared in method 
<B>registerBlock(String,Function<Properties,? extends B>,Properties)
  
E:\GitHub\BuildCraft\src\main\java\buildcraft\factory\BCFactoryBlocks.java:27: 
warning: [removal] <B>registerBlock(String,Function<Properties,? extends 
B>,Properties) in Blocks has been deprecated and marked for removal
      public static final DeferredBlock<BlockMiningWell> MINING_WELL = 
BLOCKS.registerBlock(
                                                                             ^
    where B is a type-variable:
      B extends Block declared in method 
<B>registerBlock(String,Function<Properties,? extends B>,Properties)
  
E:\GitHub\BuildCraft\src\main\java\buildcraft\factory\BCFactoryBlocks.java:32: 
warning: [removal] <B>registerBlock(String,Function<Properties,? extends 
B>,Properties) in Blocks has been deprecated and marked for removal
      public static final DeferredBlock<BlockPump> PUMP = BLOCKS.registerBlock(
                                                                ^
    where B is a type-variable:
      B extends Block declared in method 
<B>registerBlock(String,Function<Properties,? extends B>,Properties)
  
E:\GitHub\BuildCraft\src\main\java\buildcraft\factory\BCFactoryBlocks.java:37: 
warning: [removal] <B>registerBlock(String,Function<Properties,? extends 
B>,Properties) in Blocks has been deprecated and marked for removal
      public static final DeferredBlock<BlockFloodGate> FLOOD_GATE = 
BLOCKS.registerBlock(
                                                                           ^
    where B is a type-variable:
      B extends Block declared in method 
<B>registerBlock(String,Function<Properties,? extends B>,Properties)
  
E:\GitHub\BuildCraft\src\main\java\buildcraft\factory\BCFactoryBlocks.java:42: 
warning: [removal] <B>registerBlock(String,Function<Properties,? extends 
B>,Properties) in Blocks has been deprecated and marked for removal
      public static final DeferredBlock<BlockTank> TANK = BLOCKS.registerBlock(
                                                                ^
    where B is a type-variable:
      B extends Block declared in method 
<B>registerBlock(String,Function<Properties,? extends B>,Properties)
  
E:\GitHub\BuildCraft\src\main\java\buildcraft\factory\BCFactoryBlocks.java:47: 
warning: [removal] <B>registerBlock(String,Function<Properties,? extends 
B>,Properties) in Blocks has been deprecated and marked for removal
      public static final DeferredBlock<BlockTube> TUBE = BLOCKS.registerBlock(
                                                                ^
    where B is a type-variable:
      B extends Block declared in method 
<B>registerBlock(String,Function<Properties,? extends B>,Properties)
  
E:\GitHub\BuildCraft\src\main\java\buildcraft\factory\BCFactoryBlocks.java:52: 
warning: [removal] <B>registerBlock(String,Function<Properties,? extends 
B>,Properties) in Blocks has been deprecated and marked for removal
      public static final DeferredBlock<BlockChute> CHUTE = 
BLOCKS.registerBlock(
                                                                  ^
    where B is a type-variable:
      B extends Block declared in method 
<B>registerBlock(String,Function<Properties,? extends B>,Properties)
  
E:\GitHub\BuildCraft\src\main\java\buildcraft\factory\BCFactoryBlocks.java:57: 
warning: [removal] <B>registerBlock(String,Function<Properties,? extends 
B>,Properties) in Blocks has been deprecated and marked for removal
      public static final DeferredBlock<BlockDistiller> DISTILLER = 
BLOCKS.registerBlock(
                                                                          ^
    where B is a type-variable:
      B extends Block declared in method 
<B>registerBlock(String,Function<Properties,? extends B>,Properties)
  
E:\GitHub\BuildCraft\src\main\java\buildcraft\factory\BCFactoryBlocks.java:62: 
warning: [removal] <B>registerBlock(String,Function<Properties,? extends 
B>,Properties) in Blocks has been deprecated and marked for removal
      public static final DeferredBlock<BlockHeatExchange> HEAT_EXCHANGE = 
BLOCKS.registerBlock(
                                                                               
  ^
    where B is a type-variable:
      B extends Block declared in method 
<B>registerBlock(String,Function<Properties,? extends B>,Properties)
  
E:\GitHub\BuildCraft\src\main\java\buildcraft\factory\BCFactoryBlocks.java:67: 
warning: [removal] <B>registerBlock(String,Function<Properties,? extends 
B>,Properties) in Blocks has been deprecated and marked for removal
      public static final DeferredBlock<BlockWaterGel> WATER_GEL = 
BLOCKS.registerBlock(
                                                                         ^
    where B is a type-variable:
      B extends Block declared in method 
<B>registerBlock(String,Function<Properties,? extends B>,Properties)
  
E:\GitHub\BuildCraft\src\main\java\buildcraft\factory\BCFactoryItems.java:38: 
warning: [removal] <I>registerItem(String,Function<Properties,? extends 
I>,Properties) in Items has been deprecated and marked for removal
      public static final DeferredItem<ItemWaterGel> WATER_GEL_SPAWN = 
ITEMS.registerItem(
                                                                            ^
    where I is a type-variable:
      I extends Item declared in method 
<I>registerItem(String,Function<Properties,? extends I>,Properties)
  E:\GitHub\BuildCraft\src\main\java\buildcraft\lib\inventory\filter\Delegating
ItemHandlerFilter.java:21: warning: [removal] IItemHandler in 
net.neoforged.neoforge.items has been deprecated and marked for removal
      private final IItemHandler handler;
                    ^
  E:\GitHub\BuildCraft\src\main\java\buildcraft\lib\inventory\filter\Delegating
ItemHandlerFilter.java:23: warning: [removal] IItemHandler in 
net.neoforged.neoforge.items has been deprecated and marked for removal
      public DelegatingItemHandlerFilter(ISingleStackFilter perStackFilter, 
IItemHandler handler) {
                                                                            ^
  E:\GitHub\BuildCraft\src\main\java\buildcraft\lib\inventory\filter\Delegating
ItemHandlerFilter.java:30: warning: [removal] getSlots() in IItemHandler has 
been deprecated and marked for removal
          for (int slot = 0; slot < handler.getSlots(); slot++) {
                                           ^
  E:\GitHub\BuildCraft\src\main\java\buildcraft\lib\inventory\filter\Delegating
ItemHandlerFilter.java:31: warning: [removal] getStackInSlot(int) in 
IItemHandler has been deprecated and marked for removal
              if (perStackFilter.matches(handler.getStackInSlot(slot), stack)) 
{
                                                ^
  E:\GitHub\BuildCraft\src\main\java\buildcraft\robotics\BCRoboticsBlocks.java:
14: warning: [removal] <B>registerBlock(String,Function<Properties,? extends 
B>,Properties) in Blocks has been deprecated and marked for removal
      public static final DeferredBlock<BlockZonePlanner> ZONE_PLANNER = 
BLOCKS.registerBlock(
                                                                               
^
    where B is a type-variable:
      B extends Block declared in method 
<B>registerBlock(String,Function<Properties,? extends B>,Properties)
  E:\GitHub\BuildCraft\src\main\java\buildcraft\silicon\tile\TileAdvancedCrafti
ngTable.java:48: warning: [removal] IItemHandlerModifiable in 
net.neoforged.neoforge.items has been deprecated and marked for removal
          invBlueprint.setCallback((handler, slot, before, after) -> {
                                    ^
  E:\GitHub\BuildCraft\src\main\java\buildcraft\silicon\tile\TileAdvancedCrafti
ngTable.java:52: warning: [removal] IItemHandlerModifiable in 
net.neoforged.neoforge.items has been deprecated and marked for removal
          invMaterials.setCallback((handler, slot, before, after) -> {
                                    ^
  
E:\GitHub\BuildCraft\src\main\java\buildcraft\silicon\BCSiliconBlocks.java:20: 
warning: [removal] <B>registerBlock(String,Function<Properties,? extends 
B>,Properties) in Blocks has been deprecated and marked for removal
      public static final DeferredBlock<BlockLaser> LASER = 
BLOCKS.registerBlock(
                                                                  ^
    where B is a type-variable:
      B extends Block declared in method 
<B>registerBlock(String,Function<Properties,? extends B>,Properties)
  
E:\GitHub\BuildCraft\src\main\java\buildcraft\silicon\BCSiliconBlocks.java:25: 
warning: [removal] <B>registerBlock(String,Function<Properties,? extends 
B>,Properties) in Blocks has been deprecated and marked for removal
      public static final DeferredBlock<BlockLaserTable> ASSEMBLY_TABLE = 
BLOCKS.registerBlock(
                                                                               
 ^
    where B is a type-variable:
      B extends Block declared in method 
<B>registerBlock(String,Function<Properties,? extends B>,Properties)
  
E:\GitHub\BuildCraft\src\main\java\buildcraft\silicon\BCSiliconBlocks.java:32: 
warning: [removal] <B>registerBlock(String,Function<Properties,? extends 
B>,Properties) in Blocks has been deprecated and marked for removal
      public static final DeferredBlock<BlockLaserTable> 
ADVANCED_CRAFTING_TABLE = BLOCKS.registerBlock(
                                                                               
          ^
    where B is a type-variable:
      B extends Block declared in method 
<B>registerBlock(String,Function<Properties,? extends B>,Properties)
  
E:\GitHub\BuildCraft\src\main\java\buildcraft\silicon\BCSiliconBlocks.java:39: 
warning: [removal] <B>registerBlock(String,Function<Properties,? extends 
B>,Properties) in Blocks has been deprecated and marked for removal
      public static final DeferredBlock<BlockLaserTable> INTEGRATION_TABLE = 
BLOCKS.registerBlock(
                                                                               
    ^
2 actionable tasks: 1 executed, 1 up-to-date
    where B is a type-variable:
      B extends Block declared in method 
<B>registerBlock(String,Function<Properties,? extends B>,Properties)
  E:\GitHub\BuildCraft\src\main\java\buildcraft\transport\BCTransportBlocks.jav
a:14: warning: [removal] <B>registerBlock(String,Function<Properties,? extends 
B>,Properties) in Blocks has been deprecated and marked for removal
      public static final DeferredBlock<BlockFilteredBuffer> FILTERED_BUFFER = 
BLOCKS.registerBlock(
                                                                               
      ^
    where B is a type-variable:
      B extends Block declared in method 
<B>registerBlock(String,Function<Properties,? extends B>,Properties)
  E:\GitHub\BuildCraft\src\main\java\buildcraft\transport\BCTransportBlocks.jav
a:19: warning: [removal] <B>registerBlock(String,Function<Properties,? extends 
B>,Properties) in Blocks has been deprecated and marked for removal
      public static final DeferredBlock<BlockPipeHolder> PIPE_HOLDER = 
BLOCKS.registerBlock(
                                                                             ^
    where B is a type-variable:
      B extends Block declared in method 
<B>registerBlock(String,Function<Properties,? extends B>,Properties)
  E:\GitHub\BuildCraft\src\main\java\buildcraft\transport\pipe\behaviour\PipeBe
haviourDiamondFluid.java:40: warning: [removal] FluidUtil in 
net.neoforged.neoforge.fluids has been deprecated and marked for removal
                      FluidStack target = 
FluidUtil.getFluidContained(compareTo).orElse(FluidStack.EMPTY);
                                          ^
  E:\GitHub\BuildCraft\src\main\java\buildcraft\transport\pipe\behaviour\PipeBe
haviourDiamondFluid.java:40: warning: [removal] getFluidContained(ItemStack) 
in FluidUtil has been deprecated and marked for removal
                      FluidStack target = 
FluidUtil.getFluidContained(compareTo).orElse(FluidStack.EMPTY);
                                                   ^
  Note: Some messages have been simplified; recompile with -Xdiags:verbose to 
get full output
  Note: Some input files use unchecked or unsafe operations.
  12 errors
  98 warnings

* Try:
> Check your code and dependencies to fix the compilation error(s)
> Run with --scan to get full insights from a Build Scan (powered by 
Develocity).

BUILD FAILED in 12s
