To honour the JVM settings for this build a single-use Daemon process will be forked. For more on this, please refer to https://docs.gradle.org/9.3.1/userguide/gradle_daemon.html#sec:disabling_the_daemon in the Gradle documentation.
Daemon will be stopped at the end of the build 

[Incubating] Problems report is available at: file:///E:/GitHub/BuildCraft/build/reports/problems/problems-report.html

FAILURE: Build failed with an exception.

* What went wrong:
Cannot locate tasks that match 'E:\GitHub\BuildCraft\buildcraft-core\src\main\java\buildcraft\core\TestData.java' as project 'E' not found in root project 'BuildCraft'.

* Try:
> Run gradlew projects to get a list of available projects.
> For more on name expansion, please refer to https://docs.gradle.org/9.3.1/userguide/command_line_interface.html#sec:name_abbreviation in the Gradle documentation.
> Run with --stacktrace option to get the stack trace.
> Run with --info or --debug option to get more log output.
> Run with --scan to get full insights from a Build Scan (powered by Develocity).
> Get more help at https://help.gradle.org.

BUILD FAILED in 5s
